61.240.144.20 - - [30/Oct/2015:07:53:49 +0800] "GET /forum.php?digest=1&fid=47&filter=digest&mod=forumdisplay&orderby=replies HTTP/1.0" 200 9128 "http://www.xiaoshiseo.com/forum.php?digest=1&fid=47&filter=digest&mod=forumdisplay&orderby=replies" "Mozilla/5.0 (compatible; MSIE 9.0; Windows NT 6.1; Trident/5.0); 360Spider(compatible; HaosouSpider; http://www.haosou.com/help/help_3_2.html)" "182.118.22.228"
222.73.144.28 - - [30/Oct/2015:07:55:06 +0800] "GET /forum.php?fid=40&filter=dateline&mod=forumdisplay&orderby=views HTTP/1.0" 200 7667 "http://www.xiaoshiseo.com/forum.php?fid=40&filter=dateline&mod=forumdisplay&orderby=views" "Mozilla/5.0 (Windows NT 6.1) AppleWebKit/537.1 (KHTML, like Gecko) Chrome/21.0.1180.89 Safari/537.1; 360Spider(compatible; HaosouSpider; http://www.haosou.com/help/help_3_2.html)" "101.226.166.246"
221.204.14.21 - - [30/Oct/2015:07:56:01 +0800] "GET / HTTP/1.0" 200 35749 "-" "cloud monitor service of wangzhan.360.cn" "221.204.197.11"
221.204.197.11 - - [30/Oct/2015:07:56:02 +0800] "GET http://www.xiaoshiseo.com/ HTTP/1.1" 200 35762 "-" "cloud monitor service of wangzhan.360.cn" "-"
222.73.144.33 - - [30/Oct/2015:07:56:26 +0800] "GET /?7 HTTP/1.0" 200 8650 "http://www.xiaoshiseo.com/?7" "Mozilla/5.0 (Windows NT 6.1) AppleWebKit/537.1 (KHTML, like Gecko) Chrome/21.0.1180.89 Safari/537.1; 360Spider(compatible; HaosouSpider; http://www.haosou.com/help/help_3_2.html)" "101.226.166.241"
61.240.144.29 - - [30/Oct/2015:07:57:42 +0800] "GET /forum.php?fid=48&filter=dateline&mod=forumdisplay&orderby=dateline HTTP/1.0" 200 9843 "http://www.xiaoshiseo.com/forum.php?fid=48&filter=dateline&mod=forumdisplay&orderby=dateline" "Mozilla/5.0 (compatible; MSIE 9.0; Windows NT 6.1; Trident/5.0); 360Spider(compatible; HaosouSpider; http://www.haosou.com/help/help_3_2.html)" "182.118.22.141"
222.73.144.32 - - [30/Oct/2015:07:57:53 +0800] "GET /forum.php?fid=49&mod=forumdisplay HTTP/1.0" 302 0 "http://www.xiaoshiseo.com/forum.php?fid=49&mod=forumdisplay" "Mozilla/5.0 (Windows NT 6.1) AppleWebKit/537.1 (KHTML, like Gecko) Chrome/21.0.1180.89 Safari/537.1; 360Spider(compatible; HaosouSpider; http://www.haosou.com/help/help_3_2.html)" "101.226.168.210"
222.73.144.32 - - [30/Oct/2015:07:57:53 +0800] "GET /forum.php?gid=49 HTTP/1.0" 200 5529 "http://www.xiaoshiseo.com/forum.php?fid=49&mod=forumdisplay" "Mozilla/5.0 (Windows NT 6.1) AppleWebKit/537.1 (KHTML, like Gecko) Chrome/21.0.1180.89 Safari/537.1; 360Spider(compatible; HaosouSpider; http://www.haosou.com/help/help_3_2.html)" "101.226.168.210"
222.73.144.30 - - [30/Oct/2015:07:58:03 +0800] "GET /forum-tuiguangjingyan-1.html HTTP/1.0" 200 9989 "http://www.xiaoshiseo.com/forum-tuiguangjingyan-1.html" "Mozilla/5.0 (Windows NT 6.1) AppleWebKit/537.1 (KHTML, like Gecko) Chrome/21.0.1180.89 Safari/537.1; 360Spider(compatible; HaosouSpider; http://www.haosou.com/help/help_3_2.html)" "101.226.167.204"
222.73.144.34 - - [30/Oct/2015:07:59:06 +0800] "GET /forum.php?fid=41&filter=lastpost&mod=forumdisplay&orderby=lastpost HTTP/1.0" 200 8910 "http://www.xiaoshiseo.com/forum.php?fid=41&filter=lastpost&mod=forumdisplay&orderby=lastpost" "Mozilla/5.0 (Windows NT 6.1) AppleWebKit/537.1 (KHTML, like Gecko) Chrome/21.0.1180.89 Safari/537.1; 360Spider(compatible; HaosouSpider; http://www.haosou.com/help/help_3_2.html)" "101.226.169.208"
202.102.85.21 - - [30/Oct/2015:07:59:21 +0800] "GET / HTTP/1.0" 200 35952 "-" "cloud monitor service of wangzhan.360.cn" "61.160.224.33"
61.160.224.36 - - [30/Oct/2015:07:59:21 +0800] "GET http://www.xiaoshiseo.com/ HTTP/1.1" 200 36096 "-" "cloud monitor service of wangzhan.360.cn" "-"
221.204.14.20 - - [30/Oct/2015:08:00:07 +0800] "GET / HTTP/1.0" 200 8736 "-" "Mozilla/5.0 (compatible; Baiduspider/2.0; +http://www.baidu.com/search/spider.html)" "123.125.71.22"
125.88.189.22 - - [30/Oct/2015:08:00:51 +0800] "GET /forum.php?mod=viewthread&tid=86 HTTP/1.0" 200 44765 "-" "Mozilla/4.0 (compatible; MSIE 6.0; Windows NT 5.1; SV1)" "146.185.234.48"
125.88.189.22 - - [30/Oct/2015:08:00:54 +0800] "GET /home.php?mod=space&uid=1&do=thread&type=reply&view=me&from=space HTTP/1.0" 200 13172 "-" "Mozilla/4.0 (compatible; MSIE 6.0; Windows NT 5.1; SV1)" "146.185.234.48"
125.88.189.22 - - [30/Oct/2015:08:00:55 +0800] "GET /forum.php?mod=misc&action=recommend&do=add&tid=86&hash=6e6290ef HTTP/1.0" 200 13484 "-" "Mozilla/4.0 (compatible; MSIE 6.0; Windows NT 5.1; SV1)" "146.185.234.48"
125.88.189.22 - - [30/Oct/2015:08:00:57 +0800] "GET /forum.php?mod=post&action=reply&fid=41&tid=86&reppost=153&extra=&page=1 HTTP/1.0" 200 13514 "-" "Mozilla/4.0 (compatible; MSIE 6.0; Windows NT 5.1; SV1)" "146.185.234.48"
125.88.189.22 - - [30/Oct/2015:08:00:59 +0800] "GET /home.php?mod=space&uid=17&do=thread&type=reply&view=me&from=space HTTP/1.0" 200 13176 "-" "Mozilla/4.0 (compatible; MSIE 6.0; Windows NT 5.1; SV1)" "146.185.234.48"
125.88.189.22 - - [30/Oct/2015:08:01:01 +0800] "GET /forum.php?mod=redirect&goto=findpost&ptid=86&pid=228 HTTP/1.0" 301 0 "-" "Mozilla/4.0 (compatible; MSIE 6.0; Windows NT 5.1; SV1)" "146.185.234.48"
125.88.189.22 - - [30/Oct/2015:08:01:09 +0800] "GET /forum.php?mod=viewthread&tid=86&page=1 HTTP/1.0" 200 44799 "-" "Mozilla/4.0 (compatible; MSIE 6.0; Windows NT 5.1; SV1)" "146.185.234.48"
125.88.189.22 - - [30/Oct/2015:08:01:15 +0800] "GET /forum.php?mod=post&action=reply&fid=41&tid=86&repquote=228&extra=&page=1 HTTP/1.0" 200 13514 "-" "Mozilla/4.0 (compatible; MSIE 6.0; Windows NT 5.1; SV1)" "146.185.234.48"
125.88.189.22 - - [30/Oct/2015:08:01:19 +0800] "GET /forum.php?mod=misc&action=postreview&do=support&tid=86&pid=228&hash=6e6290ef HTTP/1.0" 200 13500 "-" "Mozilla/4.0 (compatible; MSIE 6.0; Windows NT 5.1; SV1)" "146.185.234.48"
125.88.189.22 - - [30/Oct/2015:08:01:23 +0800] "GET /forum.php?mod=misc&action=postreview&do=against&tid=86&pid=228&hash=6e6290ef HTTP/1.0" 200 13500 "-" "Mozilla/4.0 (compatible; MSIE 6.0; Windows NT 5.1; SV1)" "146.185.234.48"
125.88.189.22 - - [30/Oct/2015:08:01:25 +0800] "GET /forum.php?mod=post&action=reply&fid=41&tid=86 HTTP/1.0" 200 13478 "-" "Mozilla/4.0 (compatible; MSIE 6.0; Windows NT 5.1; SV1)" "146.185.234.48"
125.88.189.22 - - [30/Oct/2015:08:01:27 +0800] "GET /forum.php?mod=post&action=reply&fid=41&tid=86&extra=&page=1 HTTP/1.0" 200 13498 "-" "Mozilla/4.0 (compatible; MSIE 6.0; Windows NT 5.1; SV1)" "146.185.234.48"
125.88.189.22 - - [30/Oct/2015:08:01:30 +0800] "GET /member.php?mod=register HTTP/1.0" 200 19055 "-" "Mozilla/4.0 (compatible; MSIE 6.0; Windows NT 5.1; SV1)" "146.185.234.48"
125.88.189.22 - - [30/Oct/2015:08:01:31 +0800] "POST /member.php?mod=register HTTP/1.0" 200 13048 "http://www.xiaoshiseo.com/member.php?mod=register" "Mozilla/4.0 (compatible; MSIE 6.0; Windows NT 5.1; SV1)" "146.185.234.48"
125.88.189.12 - - [30/Oct/2015:08:03:52 +0800] "GET /?21 HTTP/1.0" 200 8736 "-" "Mozilla/5.0 (compatible; Baiduspider/2.0; +http://www.baidu.com/search/spider.html)" "180.76.15.146"
202.102.85.19 - - [30/Oct/2015:08:06:25 +0800] "GET / HTTP/1.0" 200 36083 "-" "cloud monitor service of wangzhan.360.cn" "61.160.224.35"
61.160.224.36 - - [30/Oct/2015:08:06:25 +0800] "GET http://www.xiaoshiseo.com/ HTTP/1.1" 200 36096 "-" "cloud monitor service of wangzhan.360.cn" "-"
221.204.14.21 - - [30/Oct/2015:08:07:11 +0800] "GET / HTTP/1.0" 200 36083 "-" "cloud monitor service of wangzhan.360.cn" "221.204.197.11"
221.204.197.11 - - [30/Oct/2015:08:07:12 +0800] "GET http://www.xiaoshiseo.com/ HTTP/1.1" 200 36096 "-" "cloud monitor service of wangzhan.360.cn" "-"
61.240.144.25 - - [30/Oct/2015:08:07:45 +0800] "GET /forum.php?digest=1&fid=53&filter=digest&mod=forumdisplay&orderby=views HTTP/1.0" 200 8345 "http://www.xiaoshiseo.com/forum.php?digest=1&fid=53&filter=digest&mod=forumdisplay&orderby=views" "Mozilla/5.0 (compatible; MSIE 9.0; Windows NT 6.1; Trident/5.0); 360Spider(compatible; HaosouSpider; http://www.haosou.com/help/help_3_2.html)" "182.118.22.221"
222.73.144.29 - - [30/Oct/2015:08:08:04 +0800] "GET /forum.php?mod=viewthread&ordertype=1&tid=4 HTTP/1.0" 200 10229 "http://www.xiaoshiseo.com/forum.php?mod=viewthread&ordertype=1&tid=4" "Mozilla/5.0 (Windows NT 6.1) AppleWebKit/537.1 (KHTML, like Gecko) Chrome/21.0.1180.89 Safari/537.1; 360Spider(compatible; HaosouSpider; http://www.haosou.com/help/help_3_2.html)" "101.226.167.213"
61.240.144.20 - - [30/Oct/2015:08:08:15 +0800] "GET /forum.php?fid=40&filter=dateline&mod=forumdisplay&orderby=heats HTTP/1.0" 200 7664 "http://www.xiaoshiseo.com/forum.php?fid=40&filter=dateline&mod=forumdisplay&orderby=heats" "Mozilla/5.0 (compatible; MSIE 9.0; Windows NT 6.1; Trident/5.0); 360Spider(compatible; HaosouSpider; http://www.haosou.com/help/help_3_2.html)" "182.118.20.170"
125.88.189.22 - - [30/Oct/2015:08:10:25 +0800] "GET /forum.php?mod=viewthread&tid=20 HTTP/1.0" 200 38174 "-" "Mozilla/4.0 (compatible; MSIE 6.0; Windows NT 5.1; SV1)" "146.185.234.48"
221.204.14.24 - - [30/Oct/2015:08:10:26 +0800] "GET / HTTP/1.0" 301 178 "-" "Mozilla/5.0 (compatible; Baiduspider/2.0; +http://www.baidu.com/search/spider.html)" "220.181.108.178"
221.204.14.28 - - [30/Oct/2015:08:10:26 +0800] "GET / HTTP/1.0" 200 8736 "-" "Mozilla/5.0 (compatible; Baiduspider/2.0; +http://www.baidu.com/search/spider.html)" "220.181.108.182"
125.88.189.22 - - [30/Oct/2015:08:10:30 +0800] "GET /home.php?mod=space&uid=1&do=thread&type=reply&view=me&from=space HTTP/1.0" 200 13172 "-" "Mozilla/4.0 (compatible; MSIE 6.0; Windows NT 5.1; SV1)" "146.185.234.48"
125.88.189.22 - - [30/Oct/2015:08:10:36 +0800] "GET /forum.php?mod=misc&action=recommend&do=add&tid=20&hash=1f1f1763 HTTP/1.0" 200 13484 "-" "Mozilla/4.0 (compatible; MSIE 6.0; Windows NT 5.1; SV1)" "146.185.234.48"
125.88.189.22 - - [30/Oct/2015:08:10:38 +0800] "GET /forum.php?mod=post&action=reply&fid=37&tid=20&reppost=26&extra=&page=1 HTTP/1.0" 200 13510 "-" "Mozilla/4.0 (compatible; MSIE 6.0; Windows NT 5.1; SV1)" "146.185.234.48"
125.88.189.22 - - [30/Oct/2015:08:10:42 +0800] "GET /forum.php?mod=post&action=reply&fid=37&tid=20 HTTP/1.0" 200 13478 "-" "Mozilla/4.0 (compatible; MSIE 6.0; Windows NT 5.1; SV1)" "146.185.234.48"
125.88.189.22 - - [30/Oct/2015:08:10:44 +0800] "GET /forum.php?mod=post&action=reply&fid=37&tid=20&extra=&page=1 HTTP/1.0" 200 13498 "-" "Mozilla/4.0 (compatible; MSIE 6.0; Windows NT 5.1; SV1)" "146.185.234.48"
125.88.189.22 - - [30/Oct/2015:08:10:47 +0800] "GET /member.php?mod=register HTTP/1.0" 200 19055 "-" "Mozilla/4.0 (compatible; MSIE 6.0; Windows NT 5.1; SV1)" "146.185.234.48"
125.88.189.22 - - [30/Oct/2015:08:10:51 +0800] "POST /member.php?mod=register HTTP/1.0" 200 13048 "http://www.xiaoshiseo.com/member.php?mod=register" "Mozilla/4.0 (compatible; MSIE 6.0; Windows NT 5.1; SV1)" "146.185.234.48"
222.73.144.28 - - [30/Oct/2015:08:11:08 +0800] "GET /forum.php?fid=53&filter=reply&mod=forumdisplay&orderby=replies HTTP/1.0" 200 8323 "http://www.xiaoshiseo.com/forum.php?fid=53&filter=reply&mod=forumdisplay&orderby=replies" "Mozilla/5.0 (Windows NT 6.1) AppleWebKit/537.1 (KHTML, like Gecko) Chrome/21.0.1180.89 Safari/537.1; 360Spider(compatible; HaosouSpider; http://www.haosou.com/help/help_3_2.html)" "101.226.169.214"
222.73.144.28 - - [30/Oct/2015:08:12:41 +0800] "GET /forum.php?fid=52&filter=lastpost&mod=forumdisplay&orderby=lastpost HTTP/1.0" 200 9166 "http://www.xiaoshiseo.com/forum.php?fid=52&filter=lastpost&mod=forumdisplay&orderby=lastpost" "Mozilla/5.0 (Windows NT 6.1) AppleWebKit/537.1 (KHTML, like Gecko) Chrome/21.0.1180.89 Safari/537.1; 360Spider(compatible; HaosouSpider; http://www.haosou.com/help/help_3_2.html)" "101.226.169.198"
202.102.85.18 - - [30/Oct/2015:08:13:15 +0800] "GET / HTTP/1.0" 200 36083 "-" "cloud monitor service of wangzhan.360.cn" "61.160.224.36"
61.160.224.35 - - [30/Oct/2015:08:13:15 +0800] "GET http://www.xiaoshiseo.com/ HTTP/1.1" 200 36096 "-" "cloud monitor service of wangzhan.360.cn" "-"
222.73.144.30 - - [30/Oct/2015:08:13:35 +0800] "GET /forum.php?mod=viewthread&ordertype=2&tid=7 HTTP/1.0" 200 9712 "http://www.xiaoshiseo.com/forum.php?mod=viewthread&ordertype=2&tid=7" "Mozilla/5.0 (Windows NT 6.1) AppleWebKit/537.1 (KHTML, like Gecko) Chrome/21.0.1180.89 Safari/537.1; 360Spider(compatible; HaosouSpider; http://www.haosou.com/help/help_3_2.html)" "101.226.166.228"
61.240.144.22 - - [30/Oct/2015:08:15:09 +0800] "GET /forum.php?fid=53&filter=reply&mod=forumdisplay&orderby=views HTTP/1.0" 200 8331 "http://www.xiaoshiseo.com/forum.php?fid=53&filter=reply&mod=forumdisplay&orderby=views" "Mozilla/5.0 (compatible; MSIE 9.0; Windows NT 6.1; Trident/5.0); 360Spider(compatible; HaosouSpider; http://www.haosou.com/help/help_3_2.html)" "182.118.21.250"
125.88.189.13 - - [30/Oct/2015:08:15:27 +0800] "GET / HTTP/1.0" 301 178 "-" "Mozilla/5.0 (Windows NT 6.1; WOW64; rv:21.0) Gecko/20100101 Firefox/21.0" "104.236.114.5"
125.88.189.13 - - [30/Oct/2015:08:15:30 +0800] "GET / HTTP/1.0" 200 8694 "-" "Mozilla/5.0 (Windows NT 6.1; WOW64; rv:21.0) Gecko/20100101 Firefox/21.0" "104.236.114.5"
125.88.189.13 - - [30/Oct/2015:08:15:48 +0800] "GET /robots.txt HTTP/1.0" 301 178 "-" "Mozilla/5.0 (Windows NT 6.1; WOW64) AppleWebKit/537.36 (KHTML, like Gecko) Chrome/34.0.1847.131 Safari/537.36" "104.236.114.5"
125.88.189.13 - - [30/Oct/2015:08:15:49 +0800] "GET /robots.txt HTTP/1.0" 200 582 "-" "Mozilla/5.0 (Windows NT 6.1; WOW64) AppleWebKit/537.36 (KHTML, like Gecko) Chrome/34.0.1847.131 Safari/537.36" "104.236.114.5"
125.88.189.13 - - [30/Oct/2015:08:15:52 +0800] "GET /search.php?mod=forum&srchtxt=seo%E6%98%AF%E4%BB%80%E4%B9%88&formhash=9dc699e1&searchsubmit=true&source=hotsearch HTTP/1.0" 200 1219 "http://www.xiaoshiseo.com" "Mozilla/5.0 (Macintosh; Intel Mac OS X 10_9_2) AppleWebKit/537.36 (KHTML, like Gecko) Chrome/34.0.1847.131 Safari/537.36" "104.236.114.5"
125.88.189.13 - - [30/Oct/2015:08:15:52 +0800] "GET /forum-1-1.html HTTP/1.0" 302 0 "http://www.xiaoshiseo.com" "Mozilla/5.0 (Windows NT 6.1; WOW64; rv:21.0) Gecko/20100101 Firefox/21.0" "104.236.114.5"
125.88.189.13 - - [30/Oct/2015:08:15:52 +0800] "GET /forum-38-1.html HTTP/1.0" 302 0 "http://www.xiaoshiseo.com" "Mozilla/5.0 (Macintosh; Intel Mac OS X 10_9_3) AppleWebKit/537.36 (KHTML, like Gecko) Chrome/35.0.1916.114 Safari/537.36" "104.236.114.5"
125.88.189.13 - - [30/Oct/2015:08:15:53 +0800] "GET /thread-43-1-1.html HTTP/1.0" 200 12272 "http://www.xiaoshiseo.com" "Mozilla/5.0 (Windows NT 6.1; WOW64) AppleWebKit/537.36 (KHTML, like Gecko) Chrome/34.0.1847.137 Safari/537.36" "104.236.114.5"
125.88.189.13 - - [30/Oct/2015:08:15:53 +0800] "GET /thread-128-1-1.html HTTP/1.0" 200 11287 "http://www.xiaoshiseo.com" "Mozilla/5.0 (Macintosh; Intel Mac OS X 10.9; rv:29.0) Gecko/20100101 Firefox/29.0" "104.236.114.5"
125.88.189.13 - - [30/Oct/2015:08:15:53 +0800] "GET /thread-23-1-1.html HTTP/1.0" 200 13628 "http://www.xiaoshiseo.com" "Mozilla/5.0 (Windows NT 6.1; rv:28.0) Gecko/20100101 Firefox/28.0" "104.236.114.5"
125.88.189.13 - - [30/Oct/2015:08:15:53 +0800] "GET /member.php?mod=register HTTP/1.0" 200 6145 "http://www.xiaoshiseo.com" "Mozilla/5.0 (compatible; MSIE 9.0; Windows NT 6.1; WOW64; Trident/5.0)" "104.236.114.5"
125.88.189.13 - - [30/Oct/2015:08:15:53 +0800] "GET /forum-36-1.html HTTP/1.0" 302 0 "http://www.xiaoshiseo.com" "Mozilla/5.0 (Macintosh; Intel Mac OS X 10_9_3) AppleWebKit/537.36 (KHTML, like Gecko) Chrome/35.0.1916.114 Safari/537.36" "104.236.114.5"
125.88.189.13 - - [30/Oct/2015:08:15:53 +0800] "GET /forum.php?gid=38 HTTP/1.0" 200 5593 "http://www.xiaoshiseo.com" "Mozilla/5.0 (Macintosh; Intel Mac OS X 10_9_3) AppleWebKit/537.36 (KHTML, like Gecko) Chrome/35.0.1916.114 Safari/537.36" "104.236.114.5"
125.88.189.13 - - [30/Oct/2015:08:15:53 +0800] "GET /forum-49-1.html HTTP/1.0" 302 0 "http://www.xiaoshiseo.com" "Mozilla/5.0 (Windows NT 6.1; WOW64; rv:29.0) Gecko/20100101 Firefox/29.0" "104.236.114.5"
125.88.189.13 - - [30/Oct/2015:08:15:53 +0800] "GET /thread-31-1-1.html HTTP/1.0" 200 13728 "http://www.xiaoshiseo.com" "Mozilla/5.0 (Windows NT 6.1; WOW64; rv:28.0) Gecko/20100101 Firefox/28.0" "104.236.114.5"
125.88.189.13 - - [30/Oct/2015:08:15:53 +0800] "GET /forum-42-1.html HTTP/1.0" 302 0 "http://www.xiaoshiseo.com" "Mozilla/5.0 (Windows NT 6.1; rv:28.0) Gecko/20100101 Firefox/28.0" "104.236.114.5"
125.88.189.13 - - [30/Oct/2015:08:15:53 +0800] "GET /thread-29-1-1.html HTTP/1.0" 200 13762 "http://www.xiaoshiseo.com" "Mozilla/5.0 (Macintosh; Intel Mac OS X 10_9_2) AppleWebKit/537.75.14 (KHTML, like Gecko) Version/7.0.3 Safari/537.75.14" "104.236.114.5"
125.88.189.13 - - [30/Oct/2015:08:15:54 +0800] "GET /thread-22-1-1.html HTTP/1.0" 200 13874 "http://www.xiaoshiseo.com" "Mozilla/5.0 (Windows NT 6.1; WOW64; rv:28.0) Gecko/20100101 Firefox/28.0" "104.236.114.5"
125.88.189.13 - - [30/Oct/2015:08:15:54 +0800] "GET /thread-127-1-1.html HTTP/1.0" 200 11359 "http://www.xiaoshiseo.com" "Mozilla/5.0 (Windows NT 6.1; WOW64; rv:21.0) Gecko/20100101 Firefox/21.0" "104.236.114.5"
125.88.189.13 - - [30/Oct/2015:08:15:54 +0800] "GET /forum.php?gid=1 HTTP/1.0" 200 5574 "http://www.xiaoshiseo.com" "Mozilla/5.0 (Windows NT 6.1; WOW64; rv:21.0) Gecko/20100101 Firefox/21.0" "104.236.114.5"
125.88.189.13 - - [30/Oct/2015:08:15:54 +0800] "GET /connect.php?mod=login&op=init&referer=forum.php&statfrom=login_simple HTTP/1.0" 302 0 "http://www.xiaoshiseo.com" "Mozilla/5.0 (Windows NT 6.1; rv:28.0) Gecko/20100101 Firefox/28.0" "104.236.114.5"
125.88.189.13 - - [30/Oct/2015:08:15:54 +0800] "GET /forum.php?gid=49 HTTP/1.0" 200 5624 "http://www.xiaoshiseo.com" "Mozilla/5.0 (Windows NT 6.1; WOW64; rv:29.0) Gecko/20100101 Firefox/29.0" "104.236.114.5"
125.88.189.13 - - [30/Oct/2015:08:15:54 +0800] "GET /forum-44-1.html HTTP/1.0" 302 0 "http://www.xiaoshiseo.com" "Mozilla/5.0 (Windows NT 6.1; WOW64; rv:28.0) Gecko/20100101 Firefox/28.0" "104.236.114.5"
125.88.189.13 - - [30/Oct/2015:08:15:54 +0800] "GET /forum-43-1.html HTTP/1.0" 302 0 "http://www.xiaoshiseo.com" "Mozilla/5.0 (Windows NT 6.1; WOW64; rv:28.0) Gecko/20100101 Firefox/28.0" "104.236.114.5"
125.88.189.13 - - [30/Oct/2015:08:15:55 +0800] "GET /forum-Notice-1.html HTTP/1.0" 200 9131 "http://www.xiaoshiseo.com" "Mozilla/5.0 (Windows NT 6.1; WOW64) AppleWebKit/537.36 (KHTML, like Gecko) Chrome/34.0.1847.131 Safari/537.36" "104.236.114.5"
125.88.189.13 - - [30/Oct/2015:08:15:55 +0800] "GET /thread-15-1-1.html HTTP/1.0" 200 12251 "http://www.xiaoshiseo.com" "Mozilla/5.0 (Windows NT 6.1; WOW64; rv:29.0) Gecko/20100101 Firefox/29.0" "104.236.114.5"
125.88.189.13 - - [30/Oct/2015:08:15:55 +0800] "GET /forum.php?gid=43 HTTP/1.0" 200 5543 "http://www.xiaoshiseo.com" "Mozilla/5.0 (Windows NT 6.1; WOW64; rv:28.0) Gecko/20100101 Firefox/28.0" "104.236.114.5"
125.88.189.13 - - [30/Oct/2015:08:15:55 +0800] "GET /forum.php?gid=44 HTTP/1.0" 200 5556 "http://www.xiaoshiseo.com" "Mozilla/5.0 (Windows NT 6.1; WOW64; rv:28.0) Gecko/20100101 Firefox/28.0" "104.236.114.5"
125.88.189.13 - - [30/Oct/2015:08:15:55 +0800] "GET /wechat-login.html HTTP/1.0" 302 0 "http://www.xiaoshiseo.com" "Mozilla/5.0 (Windows NT 6.3; WOW64) AppleWebKit/537.36 (KHTML, like Gecko) Chrome/34.0.1847.131 Safari/537.36" "104.236.114.5"
125.88.189.13 - - [30/Oct/2015:08:15:55 +0800] "GET /forum.php?gid=42 HTTP/1.0" 200 5495 "http://www.xiaoshiseo.com" "Mozilla/5.0 (Windows NT 6.1; rv:28.0) Gecko/20100101 Firefox/28.0" "104.236.114.5"
125.88.189.13 - - [30/Oct/2015:08:15:55 +0800] "GET /forum.php?gid=36 HTTP/1.0" 200 5586 "http://www.xiaoshiseo.com" "Mozilla/5.0 (Macintosh; Intel Mac OS X 10_9_3) AppleWebKit/537.36 (KHTML, like Gecko) Chrome/35.0.1916.114 Safari/537.36" "104.236.114.5"
222.73.144.34 - - [30/Oct/2015:08:17:13 +0800] "GET /forum.php?mod=viewthread&ordertype=2&tid=46 HTTP/1.0" 200 9530 "http://www.xiaoshiseo.com/forum.php?mod=viewthread&ordertype=2&tid=46" "Mozilla/5.0 (Windows NT 6.1) AppleWebKit/537.1 (KHTML, like Gecko) Chrome/21.0.1180.89 Safari/537.1; 360Spider(compatible; HaosouSpider; http://www.haosou.com/help/help_3_2.html)" "101.226.167.240"
222.73.144.33 - - [30/Oct/2015:08:17:30 +0800] "GET /forum.php?mod=viewthread&ordertype=2&tid=53 HTTP/1.0" 200 9562 "http://www.xiaoshiseo.com/forum.php?mod=viewthread&ordertype=2&tid=53" "Mozilla/5.0 (Windows NT 6.1) AppleWebKit/537.1 (KHTML, like Gecko) Chrome/21.0.1180.89 Safari/537.1; 360Spider(compatible; HaosouSpider; http://www.haosou.com/help/help_3_2.html)" "101.226.167.241"
61.240.144.28 - - [30/Oct/2015:08:18:06 +0800] "GET /forum.php?fid=47&filter=dateline&mod=forumdisplay&orderby=replies HTTP/1.0" 200 9114 "http://www.xiaoshiseo.com/forum.php?fid=47&filter=dateline&mod=forumdisplay&orderby=replies" "Mozilla/5.0 (compatible; MSIE 9.0; Windows NT 6.1; Trident/5.0); 360Spider(compatible; HaosouSpider; http://www.haosou.com/help/help_3_2.html)" "182.118.22.142"
125.88.189.11 - - [30/Oct/2015:08:19:12 +0800] "GET /robots.txt HTTP/1.0" 301 178 "-" "Mozilla/5.0 (compatible; bingbot/2.0; +http://www.bing.com/bingbot.htm)" "157.55.39.47"
125.88.189.11 - - [30/Oct/2015:08:19:13 +0800] "GET /robots.txt HTTP/1.0" 200 582 "-" "Mozilla/5.0 (compatible; bingbot/2.0; +http://www.bing.com/bingbot.htm)" "157.55.39.47"
125.88.189.22 - - [30/Oct/2015:08:19:27 +0800] "GET /forum.php?mod=viewthread&tid=20 HTTP/1.0" 200 38174 "-" "Mozilla/4.0 (compatible; MSIE 6.0; Windows NT 5.1; SV1)" "146.185.234.48"
125.88.189.22 - - [30/Oct/2015:08:19:34 +0800] "GET /home.php?mod=space&uid=1&do=thread&type=reply&view=me&from=space HTTP/1.0" 200 13172 "-" "Mozilla/4.0 (compatible; MSIE 6.0; Windows NT 5.1; SV1)" "146.185.234.48"
221.204.14.21 - - [30/Oct/2015:08:19:35 +0800] "GET / HTTP/1.0" 200 36083 "-" "cloud monitor service of wangzhan.360.cn" "221.204.197.11"
221.204.197.11 - - [30/Oct/2015:08:19:35 +0800] "GET http://www.xiaoshiseo.com/ HTTP/1.1" 200 36096 "-" "cloud monitor service of wangzhan.360.cn" "-"
125.88.189.22 - - [30/Oct/2015:08:19:37 +0800] "GET /forum.php?mod=misc&action=recommend&do=add&tid=20&hash=5d93ff20 HTTP/1.0" 200 13484 "-" "Mozilla/4.0 (compatible; MSIE 6.0; Windows NT 5.1; SV1)" "146.185.234.48"
125.88.189.22 - - [30/Oct/2015:08:19:38 +0800] "GET /forum.php?mod=post&action=reply&fid=37&tid=20&reppost=26&extra=&page=1 HTTP/1.0" 200 13510 "-" "Mozilla/4.0 (compatible; MSIE 6.0; Windows NT 5.1; SV1)" "146.185.234.48"
125.88.189.22 - - [30/Oct/2015:08:19:42 +0800] "GET /forum.php?mod=post&action=reply&fid=37&tid=20 HTTP/1.0" 200 13478 "-" "Mozilla/4.0 (compatible; MSIE 6.0; Windows NT 5.1; SV1)" "146.185.234.48"
125.88.189.22 - - [30/Oct/2015:08:19:43 +0800] "GET /forum.php?mod=post&action=reply&fid=37&tid=20&extra=&page=1 HTTP/1.0" 200 13498 "-" "Mozilla/4.0 (compatible; MSIE 6.0; Windows NT 5.1; SV1)" "146.185.234.48"
125.88.189.22 - - [30/Oct/2015:08:20:10 +0800] "GET /member.php?mod=register HTTP/1.0" 200 19055 "-" "Mozilla/4.0 (compatible; MSIE 6.0; Windows NT 5.1; SV1)" "146.185.234.48"
125.88.189.22 - - [30/Oct/2015:08:20:14 +0800] "POST /member.php?mod=register HTTP/1.0" 200 13048 "http://www.xiaoshiseo.com/member.php?mod=register" "Mozilla/4.0 (compatible; MSIE 6.0; Windows NT 5.1; SV1)" "146.185.234.48"
125.88.189.16 - - [30/Oct/2015:08:21:41 +0800] "GET /robots.txt HTTP/1.0" 200 582 "-" "Mozilla/5.0 (compatible; MJ12bot/v1.4.5; http://www.majestic12.co.uk/bot.php?+)" "69.30.213.202"
125.88.189.16 - - [30/Oct/2015:08:21:46 +0800] "GET /home.php?mod=space&uid=1&do=friend&view=me HTTP/1.0" 200 35565 "-" "Mozilla/5.0 (compatible; MJ12bot/v1.4.5; http://www.majestic12.co.uk/bot.php?+)" "69.30.213.202"
125.88.189.16 - - [30/Oct/2015:08:21:48 +0800] "GET /home.php?mod=space&uid=10&do=profile HTTP/1.0" 200 5777 "-" "Mozilla/5.0 (compatible; MJ12bot/v1.4.5; http://www.majestic12.co.uk/bot.php?+)" "69.30.213.202"
125.88.189.16 - - [30/Oct/2015:08:21:50 +0800] "GET /home.php?mod=space&uid=10&do=thread&type=reply&view=me&from=space HTTP/1.0" 200 4632 "-" "Mozilla/5.0 (compatible; MJ12bot/v1.4.5; http://www.majestic12.co.uk/bot.php?+)" "69.30.213.202"
125.88.189.16 - - [30/Oct/2015:08:21:52 +0800] "GET /home.php?mod=space&uid=10&do=thread&type=thread&view=me&from=space HTTP/1.0" 200 4616 "-" "Mozilla/5.0 (compatible; MJ12bot/v1.4.5; http://www.majestic12.co.uk/bot.php?+)" "69.30.213.202"
222.73.144.31 - - [30/Oct/2015:08:21:54 +0800] "GET / HTTP/1.0" 200 36083 "-" "cloud monitor service of wangzhan.360.cn" "61.160.224.35"
61.160.224.33 - - [30/Oct/2015:08:21:54 +0800] "GET http://www.xiaoshiseo.com/ HTTP/1.1" 200 36096 "-" "cloud monitor service of wangzhan.360.cn" "-"
125.88.189.16 - - [30/Oct/2015:08:21:58 +0800] "GET /home.php?mod=space&uid=11&do=profile HTTP/1.0" 200 5794 "-" "Mozilla/5.0 (compatible; MJ12bot/v1.4.5; http://www.majestic12.co.uk/bot.php?+)" "69.30.213.202"
125.88.189.16 - - [30/Oct/2015:08:22:00 +0800] "GET /home.php?mod=space&uid=11&do=thread&type=reply&view=me&from=space HTTP/1.0" 200 4630 "-" "Mozilla/5.0 (compatible; MJ12bot/v1.4.5; http://www.majestic12.co.uk/bot.php?+)" "69.30.213.202"
125.88.189.16 - - [30/Oct/2015:08:22:02 +0800] "GET /home.php?mod=space&uid=11&do=thread&type=thread&view=me&from=space HTTP/1.0" 200 4615 "-" "Mozilla/5.0 (compatible; MJ12bot/v1.4.5; http://www.majestic12.co.uk/bot.php?+)" "69.30.213.202"
125.88.189.13 - - [30/Oct/2015:08:22:33 +0800] "GET /robots.txt HTTP/1.0" 200 582 "-" "Mozilla/5.0 ()" "42.62.36.73"
125.88.189.20 - - [30/Oct/2015:08:22:34 +0800] "GET /robots.txt HTTP/1.0" 200 582 "-" "Mozilla/5.0 ()" "42.62.36.70"
125.88.189.18 - - [30/Oct/2015:08:22:34 +0800] "GET /robots.txt HTTP/1.0" 200 582 "-" "Mozilla/5.0 ()" "42.62.37.64"
125.88.189.18 - - [30/Oct/2015:08:22:35 +0800] "HEAD /forum.php?mod=rss&fid=54&auth=0 HTTP/1.0" 200 0 "-" "Mozilla/5.0" "42.62.37.64"
125.88.189.18 - - [30/Oct/2015:08:22:35 +0800] "GET /forum.php?mod=rss&fid=54&auth=0 HTTP/1.0" 200 13482 "-" "Mozilla/5.0" "42.62.37.64"
125.88.189.20 - - [30/Oct/2015:08:22:36 +0800] "HEAD /forum.php?mod=forumdisplay&fid=57&filter=reply&orderby=replies HTTP/1.0" 200 0 "-" "Mozilla/5.0" "42.62.36.70"
125.88.189.20 - - [30/Oct/2015:08:22:36 +0800] "GET /forum.php?mod=forumdisplay&fid=57&filter=reply&orderby=replies HTTP/1.0" 200 8983 "-" "Mozilla/5.0" "42.62.36.70"
125.88.189.13 - - [30/Oct/2015:08:22:36 +0800] "HEAD /forum.php?mod=forumdisplay&fid=2&filter=reply&orderby=replies&dateline=86400 HTTP/1.0" 200 0 "-" "Mozilla/5.0" "42.62.36.73"
125.88.189.13 - - [30/Oct/2015:08:22:37 +0800] "GET /forum.php?mod=forumdisplay&fid=2&filter=reply&orderby=replies&dateline=86400 HTTP/1.0" 200 8235 "-" "Mozilla/5.0" "42.62.36.73"
125.88.189.13 - - [30/Oct/2015:08:22:38 +0800] "GET /forum.php?mod=forumdisplay&fid=56&filter=specialtype&specialtype=reward&orderby=lastpost&dateline=86400 HTTP/1.0" 200 8225 "-" "Mozilla/5.0" "42.62.36.73"
125.88.189.13 - - [30/Oct/2015:08:22:42 +0800] "GET /thread-65-1-2.html HTTP/1.0" 200 11822 "-" "Mozilla/5.0" "42.62.36.73"
125.88.189.13 - - [30/Oct/2015:08:22:46 +0800] "GET /forum.php?mod=forumdisplay&fid=48&orderby=lastpost&filter=dateline&dateline=7948800&specialtype=reward&orderby=lastpost HTTP/1.0" 200 8241 "-" "Mozilla/5.0" "42.62.36.73"
222.73.144.27 - - [30/Oct/2015:08:22:51 +0800] "GET /forum.php?mod=viewthread&ordertype=2&tid=2 HTTP/1.0" 200 9807 "http://www.xiaoshiseo.com/forum.php?mod=viewthread&ordertype=2&tid=2" "Mozilla/5.0 (Windows NT 6.1) AppleWebKit/537.1 (KHTML, like Gecko) Chrome/21.0.1180.89 Safari/537.1; 360Spider(compatible; HaosouSpider; http://www.haosou.com/help/help_3_2.html)" "101.226.169.207"
61.240.144.21 - - [30/Oct/2015:08:22:53 +0800] "GET /forum.php?mod=viewthread&ordertype=2&tid=70 HTTP/1.0" 200 9940 "http://www.xiaoshiseo.com/forum.php?mod=viewthread&ordertype=2&tid=70" "Mozilla/5.0 (compatible; MSIE 9.0; Windows NT 6.1; Trident/5.0); 360Spider(compatible; HaosouSpider; http://www.haosou.com/help/help_3_2.html)" "182.118.20.231"
125.88.189.16 - - [30/Oct/2015:08:23:06 +0800] "GET /home.php?mod=space&uid=13&do=thread&type=reply&view=me&from=space HTTP/1.0" 200 4634 "-" "Mozilla/5.0 (compatible; MJ12bot/v1.4.5; http://www.majestic12.co.uk/bot.php?+)" "69.30.213.202"
125.88.189.16 - - [30/Oct/2015:08:23:08 +0800] "GET /home.php?mod=space&uid=13&do=thread&type=thread&view=me&from=space HTTP/1.0" 200 4616 "-" "Mozilla/5.0 (compatible; MJ12bot/v1.4.5; http://www.majestic12.co.uk/bot.php?+)" "69.30.213.202"
125.88.189.16 - - [30/Oct/2015:08:23:10 +0800] "GET /home.php?mod=space&uid=16&do=thread&type=reply&view=me&from=space HTTP/1.0" 200 4631 "-" "Mozilla/5.0 (compatible; MJ12bot/v1.4.5; http://www.majestic12.co.uk/bot.php?+)" "69.30.213.202"
125.88.189.16 - - [30/Oct/2015:08:23:14 +0800] "GET /home.php?mod=space&uid=16&do=thread&type=thread&view=me&from=space HTTP/1.0" 200 4616 "-" "Mozilla/5.0 (compatible; MJ12bot/v1.4.5; http://www.majestic12.co.uk/bot.php?+)" "69.30.213.202"
125.88.189.16 - - [30/Oct/2015:08:23:16 +0800] "GET /home.php?mod=space&uid=17&do=thread&type=reply&view=me&from=space HTTP/1.0" 200 4629 "-" "Mozilla/5.0 (compatible; MJ12bot/v1.4.5; http://www.majestic12.co.uk/bot.php?+)" "69.30.213.202"
125.88.189.16 - - [30/Oct/2015:08:23:18 +0800] "GET /home.php?mod=space&uid=17&do=thread&type=thread&view=me&from=space HTTP/1.0" 200 4618 "-" "Mozilla/5.0 (compatible; MJ12bot/v1.4.5; http://www.majestic12.co.uk/bot.php?+)" "69.30.213.202"
222.73.144.30 - - [30/Oct/2015:08:23:20 +0800] "GET /forum.php?mod=viewthread&ordertype=2&tid=30 HTTP/1.0" 200 11551 "http://www.xiaoshiseo.com/forum.php?mod=viewthread&ordertype=2&tid=30" "Mozilla/5.0 (Windows NT 6.1) AppleWebKit/537.1 (KHTML, like Gecko) Chrome/21.0.1180.89 Safari/537.1; 360Spider(compatible; HaosouSpider; http://www.haosou.com/help/help_3_2.html)" "101.226.169.212"
125.88.189.16 - - [30/Oct/2015:08:23:20 +0800] "GET /home.php?mod=space&uid=18&do=friend&view=me HTTP/1.0" 200 5619 "-" "Mozilla/5.0 (compatible; MJ12bot/v1.4.5; http://www.majestic12.co.uk/bot.php?+)" "69.30.213.202"
125.88.189.16 - - [30/Oct/2015:08:23:22 +0800] "GET /home.php?mod=space&uid=18&do=profile HTTP/1.0" 200 5776 "-" "Mozilla/5.0 (compatible; MJ12bot/v1.4.5; http://www.majestic12.co.uk/bot.php?+)" "69.30.213.202"
125.88.189.16 - - [30/Oct/2015:08:23:24 +0800] "GET /home.php?mod=space&uid=3&do=profile HTTP/1.0" 200 5773 "-" "Mozilla/5.0 (compatible; MJ12bot/v1.4.5; http://www.majestic12.co.uk/bot.php?+)" "69.30.213.202"
125.88.189.16 - - [30/Oct/2015:08:23:26 +0800] "GET /home.php?mod=space&uid=4&do=profile HTTP/1.0" 200 5772 "-" "Mozilla/5.0 (compatible; MJ12bot/v1.4.5; http://www.majestic12.co.uk/bot.php?+)" "69.30.213.202"
125.88.189.16 - - [30/Oct/2015:08:23:29 +0800] "GET /home.php?mod=space&uid=5&do=thread&view=me&type=thread&from=space HTTP/1.0" 200 4629 "-" "Mozilla/5.0 (compatible; MJ12bot/v1.4.5; http://www.majestic12.co.uk/bot.php?+)" "69.30.213.202"
125.88.189.16 - - [30/Oct/2015:08:23:31 +0800] "GET /home.php?mod=space&uid=7&do=thread&type=reply&view=me&from=space HTTP/1.0" 200 4622 "-" "Mozilla/5.0 (compatible; MJ12bot/v1.4.5; http://www.majestic12.co.uk/bot.php?+)" "69.30.213.202"
125.88.189.16 - - [30/Oct/2015:08:23:34 +0800] "GET /home.php?mod=space&uid=8&do=friend&view=me HTTP/1.0" 200 5626 "-" "Mozilla/5.0 (compatible; MJ12bot/v1.4.5; http://www.majestic12.co.uk/bot.php?+)" "69.30.213.202"
125.88.189.16 - - [30/Oct/2015:08:23:58 +0800] "GET /home.php?mod=space&uid=8&do=friend&view=me&from=space HTTP/1.0" 200 5644 "-" "Mozilla/5.0 (compatible; MJ12bot/v1.4.5; http://www.majestic12.co.uk/bot.php?+)" "69.30.213.202"
125.88.189.16 - - [30/Oct/2015:08:24:00 +0800] "GET /home.php?mod=space&uid=8&do=profile&from=space HTTP/1.0" 200 5876 "-" "Mozilla/5.0 (compatible; MJ12bot/v1.4.5; http://www.majestic12.co.uk/bot.php?+)" "69.30.213.202"
125.88.189.16 - - [30/Oct/2015:08:24:02 +0800] "GET /home.php?mod=space&uid=8&do=thread&view=me&from=space HTTP/1.0" 200 4615 "-" "Mozilla/5.0 (compatible; MJ12bot/v1.4.5; http://www.majestic12.co.uk/bot.php?+)" "69.30.213.202"
125.88.189.16 - - [30/Oct/2015:08:24:04 +0800] "GET /home.php?mod=space&uid=8&do=thread&view=me&type=reply&from=space HTTP/1.0" 200 4627 "-" "Mozilla/5.0 (compatible; MJ12bot/v1.4.5; http://www.majestic12.co.uk/bot.php?+)" "69.30.213.202"
125.88.189.16 - - [30/Oct/2015:08:24:08 +0800] "GET /home.php?mod=space&uid=8&do=thread&view=me&type=thread&from=space HTTP/1.0" 200 4631 "-" "Mozilla/5.0 (compatible; MJ12bot/v1.4.5; http://www.majestic12.co.uk/bot.php?+)" "69.30.213.202"
125.88.189.16 - - [30/Oct/2015:08:24:10 +0800] "GET /home.php?mod=space&uid=9&do=profile HTTP/1.0" 200 5795 "-" "Mozilla/5.0 (compatible; MJ12bot/v1.4.5; http://www.majestic12.co.uk/bot.php?+)" "69.30.213.202"
125.88.189.11 - - [30/Oct/2015:08:26:12 +0800] "GET /feed HTTP/1.0" 301 178 "-" "Mozilla/5.0 (compatible; bingbot/2.0; +http://www.bing.com/bingbot.htm)" "157.55.39.47"
222.73.144.27 - - [30/Oct/2015:08:27:34 +0800] "GET /forum.php?mod=viewthread&ordertype=2&tid=34 HTTP/1.0" 200 11474 "http://www.xiaoshiseo.com/forum.php?mod=viewthread&ordertype=2&tid=34" "Mozilla/5.0 (Windows NT 6.1) AppleWebKit/537.1 (KHTML, like Gecko) Chrome/21.0.1180.89 Safari/537.1; 360Spider(compatible; HaosouSpider; http://www.haosou.com/help/help_3_2.html)" "101.226.166.199"
61.240.144.26 - - [30/Oct/2015:08:28:01 +0800] "GET /forum.php?mod=viewthread&ordertype=2&tid=28 HTTP/1.0" 200 11160 "http://www.xiaoshiseo.com/forum.php?mod=viewthread&ordertype=2&tid=28" "Mozilla/5.0 (compatible; MSIE 9.0; Windows NT 6.1; Trident/5.0); 360Spider(compatible; HaosouSpider; http://www.haosou.com/help/help_3_2.html)" "182.118.22.226"
125.88.189.22 - - [30/Oct/2015:08:28:46 +0800] "GET /forum.php?mod=viewthread&tid=88 HTTP/1.0" 200 38491 "-" "Mozilla/4.0 (compatible; MSIE 6.0; Windows NT 5.1; SV1)" "146.185.234.48"
125.88.189.22 - - [30/Oct/2015:08:28:49 +0800] "GET /home.php?mod=space&uid=1&do=thread&type=reply&view=me&from=space HTTP/1.0" 200 13172 "-" "Mozilla/4.0 (compatible; MSIE 6.0; Windows NT 5.1; SV1)" "146.185.234.48"
125.88.189.22 - - [30/Oct/2015:08:28:50 +0800] "GET /forum.php?mod=misc&action=recommend&do=add&tid=88&hash=c0a07895 HTTP/1.0" 200 13484 "-" "Mozilla/4.0 (compatible; MSIE 6.0; Windows NT 5.1; SV1)" "146.185.234.48"
125.88.189.22 - - [30/Oct/2015:08:29:18 +0800] "GET /forum.php?mod=post&action=reply&fid=56&tid=88 HTTP/1.0" 200 13478 "-" "Mozilla/4.0 (compatible; MSIE 6.0; Windows NT 5.1; SV1)" "146.185.234.48"
125.88.189.22 - - [30/Oct/2015:08:29:21 +0800] "GET /forum.php?mod=post&action=reply&fid=56&tid=88&extra=&page=1 HTTP/1.0" 200 13498 "-" "Mozilla/4.0 (compatible; MSIE 6.0; Windows NT 5.1; SV1)" "146.185.234.48"
125.88.189.22 - - [30/Oct/2015:08:29:23 +0800] "GET /member.php?mod=register HTTP/1.0" 200 19055 "-" "Mozilla/4.0 (compatible; MSIE 6.0; Windows NT 5.1; SV1)" "146.185.234.48"
125.88.189.22 - - [30/Oct/2015:08:29:25 +0800] "POST /member.php?mod=register HTTP/1.0" 200 13048 "http://www.xiaoshiseo.com/member.php?mod=register" "Mozilla/4.0 (compatible; MSIE 6.0; Windows NT 5.1; SV1)" "146.185.234.48"
222.73.144.31 - - [30/Oct/2015:08:29:46 +0800] "GET / HTTP/1.0" 200 36083 "-" "cloud monitor service of wangzhan.360.cn" "61.160.224.35"
61.160.224.33 - - [30/Oct/2015:08:29:47 +0800] "GET http://www.xiaoshiseo.com/ HTTP/1.1" 200 36096 "-" "cloud monitor service of wangzhan.360.cn" "-"
221.204.14.21 - - [30/Oct/2015:08:31:22 +0800] "GET / HTTP/1.0" 200 35952 "-" "cloud monitor service of wangzhan.360.cn" "221.204.197.11"
221.204.197.11 - - [30/Oct/2015:08:31:22 +0800] "GET http://www.xiaoshiseo.com/ HTTP/1.1" 200 36096 "-" "cloud monitor service of wangzhan.360.cn" "-"
61.240.144.26 - - [30/Oct/2015:08:36:32 +0800] "GET /forum.php?mod=viewthread&tid=44 HTTP/1.0" 200 9746 "http://www.xiaoshiseo.com/forum.php?mod=viewthread&tid=44" "Mozilla/5.0 (compatible; MSIE 9.0; Windows NT 6.1; Trident/5.0); 360Spider(compatible; HaosouSpider; http://www.haosou.com/help/help_3_2.html)" "182.118.22.214"
222.73.144.30 - - [30/Oct/2015:08:37:22 +0800] "GET / HTTP/1.0" 200 36083 "-" "cloud monitor service of wangzhan.360.cn" "61.160.224.36"
61.160.224.33 - - [30/Oct/2015:08:37:22 +0800] "GET http://www.xiaoshiseo.com/ HTTP/1.1" 200 36096 "-" "cloud monitor service of wangzhan.360.cn" "-"
125.88.189.22 - - [30/Oct/2015:08:37:41 +0800] "GET /forum.php?mod=viewthread&tid=88 HTTP/1.0" 200 38491 "-" "Mozilla/4.0 (compatible; MSIE 6.0; Windows NT 5.1; SV1)" "146.185.234.48"
125.88.189.22 - - [30/Oct/2015:08:37:46 +0800] "GET /home.php?mod=space&uid=1&do=thread&type=reply&view=me&from=space HTTP/1.0" 200 13172 "-" "Mozilla/4.0 (compatible; MSIE 6.0; Windows NT 5.1; SV1)" "146.185.234.48"
125.88.189.22 - - [30/Oct/2015:08:37:48 +0800] "GET /forum.php?mod=misc&action=recommend&do=add&tid=88&hash=9d2e2c26 HTTP/1.0" 200 13484 "-" "Mozilla/4.0 (compatible; MSIE 6.0; Windows NT 5.1; SV1)" "146.185.234.48"
125.88.189.22 - - [30/Oct/2015:08:37:53 +0800] "GET /forum.php?mod=post&action=reply&fid=56&tid=88&reppost=155&extra=&page=1 HTTP/1.0" 200 13514 "-" "Mozilla/4.0 (compatible; MSIE 6.0; Windows NT 5.1; SV1)" "146.185.234.48"
125.88.189.22 - - [30/Oct/2015:08:37:54 +0800] "GET /forum.php?mod=post&action=reply&fid=56&tid=88 HTTP/1.0" 200 13478 "-" "Mozilla/4.0 (compatible; MSIE 6.0; Windows NT 5.1; SV1)" "146.185.234.48"
125.88.189.22 - - [30/Oct/2015:08:37:56 +0800] "GET /forum.php?mod=post&action=reply&fid=56&tid=88&extra=&page=1 HTTP/1.0" 200 13498 "-" "Mozilla/4.0 (compatible; MSIE 6.0; Windows NT 5.1; SV1)" "146.185.234.48"
125.88.189.22 - - [30/Oct/2015:08:37:58 +0800] "GET /member.php?mod=register HTTP/1.0" 200 19055 "-" "Mozilla/4.0 (compatible; MSIE 6.0; Windows NT 5.1; SV1)" "146.185.234.48"
125.88.189.22 - - [30/Oct/2015:08:38:00 +0800] "POST /member.php?mod=register HTTP/1.0" 200 13048 "http://www.xiaoshiseo.com/member.php?mod=register" "Mozilla/4.0 (compatible; MSIE 6.0; Windows NT 5.1; SV1)" "146.185.234.48"
61.240.144.22 - - [30/Oct/2015:08:38:30 +0800] "GET /forum.php?mod=viewthread&tid=25 HTTP/1.0" 200 12061 "http://www.xiaoshiseo.com/forum.php?mod=viewthread&tid=25" "Mozilla/5.0 (compatible; MSIE 9.0; Windows NT 6.1; Trident/5.0); 360Spider(compatible; HaosouSpider; http://www.haosou.com/help/help_3_2.html)" "182.118.25.202"
222.73.144.27 - - [30/Oct/2015:08:40:36 +0800] "GET /home.php?do=profile&mod=space&uid=1 HTTP/1.0" 200 5814 "http://www.xiaoshiseo.com/home.php?do=profile&mod=space&uid=1" "Mozilla/5.0 (Windows NT 6.1) AppleWebKit/537.1 (KHTML, like Gecko) Chrome/21.0.1180.89 Safari/537.1; 360Spider(compatible; HaosouSpider; http://www.haosou.com/help/help_3_2.html)" "101.226.169.215"
61.240.144.21 - - [30/Oct/2015:08:42:22 +0800] "GET /home.php?do=profile&mod=space&uid=24 HTTP/1.0" 200 5764 "http://www.xiaoshiseo.com/home.php?do=profile&mod=space&uid=24" "Mozilla/5.0 (compatible; MSIE 9.0; Windows NT 6.1; Trident/5.0); 360Spider(compatible; HaosouSpider; http://www.haosou.com/help/help_3_2.html)" "182.118.25.235"
61.240.144.23 - - [30/Oct/2015:08:43:20 +0800] "GET /thread-21-1-1.html HTTP/1.0" 200 10659 "http://www.xiaoshiseo.com/thread-21-1-1.html" "Mozilla/5.0 (compatible; MSIE 9.0; Windows NT 6.1; Trident/5.0); 360Spider(compatible; HaosouSpider; http://www.haosou.com/help/help_3_2.html)" "182.118.25.201"
125.88.189.19 - - [30/Oct/2015:08:45:15 +0800] "GET /home.php?mod=space&uid=1&do=profile HTTP/1.0" 200 5811 "-" "Mozilla/5.0 (compatible; Yahoo! Slurp; http://help.yahoo.com/help/us/ysearch/slurp)" "68.180.228.27"
221.204.14.21 - - [30/Oct/2015:08:45:27 +0800] "GET / HTTP/1.0" 200 36083 "-" "cloud monitor service of wangzhan.360.cn" "221.204.197.11"
221.204.197.11 - - [30/Oct/2015:08:45:28 +0800] "GET http://www.xiaoshiseo.com/ HTTP/1.1" 200 36096 "-" "cloud monitor service of wangzhan.360.cn" "-"
222.73.144.33 - - [30/Oct/2015:08:45:30 +0800] "GET / HTTP/1.0" 200 36083 "-" "cloud monitor service of wangzhan.360.cn" "61.160.224.33"
61.160.224.34 - - [30/Oct/2015:08:45:31 +0800] "GET http://www.xiaoshiseo.com/ HTTP/1.1" 200 36096 "-" "cloud monitor service of wangzhan.360.cn" "-"
125.88.189.22 - - [30/Oct/2015:08:46:40 +0800] "GET /forum.php?mod=viewthread&tid=88 HTTP/1.0" 200 38491 "-" "Mozilla/4.0 (compatible; MSIE 6.0; Windows NT 5.1; SV1)" "146.185.234.48"
125.88.189.22 - - [30/Oct/2015:08:46:44 +0800] "GET /home.php?mod=space&uid=1&do=thread&type=reply&view=me&from=space HTTP/1.0" 200 13172 "-" "Mozilla/4.0 (compatible; MSIE 6.0; Windows NT 5.1; SV1)" "146.185.234.48"
125.88.189.22 - - [30/Oct/2015:08:46:47 +0800] "GET /forum.php?mod=misc&action=recommend&do=add&tid=88&hash=4362186e HTTP/1.0" 200 13484 "-" "Mozilla/4.0 (compatible; MSIE 6.0; Windows NT 5.1; SV1)" "146.185.234.48"
125.88.189.22 - - [30/Oct/2015:08:46:48 +0800] "GET /forum.php?mod=post&action=reply&fid=56&tid=88&reppost=155&extra=&page=1 HTTP/1.0" 200 13514 "-" "Mozilla/4.0 (compatible; MSIE 6.0; Windows NT 5.1; SV1)" "146.185.234.48"
125.88.189.22 - - [30/Oct/2015:08:47:04 +0800] "GET /forum.php?mod=post&action=reply&fid=56&tid=88 HTTP/1.0" 200 13478 "-" "Mozilla/4.0 (compatible; MSIE 6.0; Windows NT 5.1; SV1)" "146.185.234.48"
61.240.144.26 - - [30/Oct/2015:08:47:52 +0800] "GET /forum.php?mod=viewthread&tid=65 HTTP/1.0" 200 10179 "http://www.xiaoshiseo.com/forum.php?mod=viewthread&tid=65" "Mozilla/5.0 (compatible; MSIE 9.0; Windows NT 6.1; Trident/5.0); 360Spider(compatible; HaosouSpider; http://www.haosou.com/help/help_3_2.html)" "182.118.22.226"
183.136.133.30 - - [30/Oct/2015:08:49:23 +0800] "GET / HTTP/1.0" 200 8597 "-" "Mozilla/5.0 (compatible; Baiduspider/2.0; +http://www.baidu.com/search/spider.html)" "123.125.71.53"
125.88.189.22 - - [30/Oct/2015:08:49:24 +0800] "GET /forum.php?mod=post&action=reply&fid=56&tid=88&extra=&page=1 HTTP/1.0" 200 13498 "-" "Mozilla/4.0 (compatible; MSIE 6.0; Windows NT 5.1; SV1)" "146.185.234.48"
125.88.189.22 - - [30/Oct/2015:08:49:25 +0800] "GET /member.php?mod=register HTTP/1.0" 200 19055 "-" "Mozilla/4.0 (compatible; MSIE 6.0; Windows NT 5.1; SV1)" "146.185.234.48"
125.88.189.22 - - [30/Oct/2015:08:49:27 +0800] "POST /member.php?mod=register HTTP/1.0" 200 13048 "http://www.xiaoshiseo.com/member.php?mod=register" "Mozilla/4.0 (compatible; MSIE 6.0; Windows NT 5.1; SV1)" "146.185.234.48"
61.240.144.32 - - [30/Oct/2015:08:50:08 +0800] "GET /forum.php?mod=viewthread&tid=68 HTTP/1.0" 200 10052 "http://www.xiaoshiseo.com/forum.php?mod=viewthread&tid=68" "Mozilla/5.0 (compatible; MSIE 9.0; Windows NT 6.1; Trident/5.0); 360Spider(compatible; HaosouSpider; http://www.haosou.com/help/help_3_2.html)" "182.118.25.214"
222.73.144.31 - - [30/Oct/2015:08:53:06 +0800] "GET / HTTP/1.0" 200 35741 "-" "cloud monitor service of wangzhan.360.cn" "61.160.224.35"
61.160.224.36 - - [30/Oct/2015:08:53:06 +0800] "GET http://www.xiaoshiseo.com/ HTTP/1.1" 200 35754 "-" "cloud monitor service of wangzhan.360.cn" "-"
61.240.144.20 - - [30/Oct/2015:08:54:10 +0800] "GET /thread-18-1-1.html HTTP/1.0" 200 14130 "http://www.xiaoshiseo.com/thread-18-1-1.html" "Mozilla/5.0 (compatible; MSIE 9.0; Windows NT 6.1; Trident/5.0); 360Spider(compatible; HaosouSpider; http://www.haosou.com/help/help_3_2.html)" "182.118.20.214"
125.88.189.22 - - [30/Oct/2015:08:55:14 +0800] "GET /forum.php?mod=viewthread&tid=20 HTTP/1.0" 200 38174 "-" "Mozilla/4.0 (compatible; MSIE 6.0; Windows NT 5.1; SV1)" "146.185.234.48"
125.88.189.22 - - [30/Oct/2015:08:55:20 +0800] "GET /home.php?mod=space&uid=1&do=thread&type=reply&view=me&from=space HTTP/1.0" 200 13172 "-" "Mozilla/4.0 (compatible; MSIE 6.0; Windows NT 5.1; SV1)" "146.185.234.48"
125.88.189.22 - - [30/Oct/2015:08:55:28 +0800] "GET /forum.php?mod=misc&action=recommend&do=add&tid=20&hash=89473eed HTTP/1.0" 200 13484 "-" "Mozilla/4.0 (compatible; MSIE 6.0; Windows NT 5.1; SV1)" "146.185.234.48"
125.88.189.22 - - [30/Oct/2015:08:55:32 +0800] "GET /forum.php?mod=post&action=reply&fid=37&tid=20&reppost=26&extra=&page=1 HTTP/1.0" 200 13510 "-" "Mozilla/4.0 (compatible; MSIE 6.0; Windows NT 5.1; SV1)" "146.185.234.48"
125.88.189.22 - - [30/Oct/2015:08:55:33 +0800] "GET /forum.php?mod=post&action=reply&fid=37&tid=20 HTTP/1.0" 200 13478 "-" "Mozilla/4.0 (compatible; MSIE 6.0; Windows NT 5.1; SV1)" "146.185.234.48"
125.88.189.22 - - [30/Oct/2015:08:55:41 +0800] "GET /forum.php?mod=post&action=reply&fid=37&tid=20&extra=&page=1 HTTP/1.0" 200 13498 "-" "Mozilla/4.0 (compatible; MSIE 6.0; Windows NT 5.1; SV1)" "146.185.234.48"
125.88.189.22 - - [30/Oct/2015:08:55:44 +0800] "GET /member.php?mod=register HTTP/1.0" 200 19055 "-" "Mozilla/4.0 (compatible; MSIE 6.0; Windows NT 5.1; SV1)" "146.185.234.48"
125.88.189.22 - - [30/Oct/2015:08:55:52 +0800] "POST /member.php?mod=register HTTP/1.0" 200 13048 "http://www.xiaoshiseo.com/member.php?mod=register" "Mozilla/4.0 (compatible; MSIE 6.0; Windows NT 5.1; SV1)" "146.185.234.48"
221.204.14.21 - - [30/Oct/2015:08:56:17 +0800] "GET / HTTP/1.0" 200 35741 "-" "cloud monitor service of wangzhan.360.cn" "221.204.197.11"
221.204.197.11 - - [30/Oct/2015:08:56:18 +0800] "GET http://www.xiaoshiseo.com/ HTTP/1.1" 200 35754 "-" "cloud monitor service of wangzhan.360.cn" "-"
222.73.144.28 - - [30/Oct/2015:08:59:18 +0800] "GET /home.php?do=friend&from=space&mod=space&uid=16&view=me HTTP/1.0" 200 5635 "http://www.xiaoshiseo.com/home.php?do=friend&from=space&mod=space&uid=16&view=me" "Mozilla/5.0 (Windows NT 6.1) AppleWebKit/537.1 (KHTML, like Gecko) Chrome/21.0.1180.89 Safari/537.1; 360Spider(compatible; HaosouSpider; http://www.haosou.com/help/help_3_2.html)" "101.226.167.230"
222.73.144.30 - - [30/Oct/2015:08:59:33 +0800] "GET /forum.php?mod=viewthread&tid=70 HTTP/1.0" 200 9919 "http://www.xiaoshiseo.com/forum.php?mod=viewthread&tid=70" "Mozilla/5.0 (Windows NT 6.1) AppleWebKit/537.1 (KHTML, like Gecko) Chrome/21.0.1180.89 Safari/537.1; 360Spider(compatible; HaosouSpider; http://www.haosou.com/help/help_3_2.html)" "101.226.166.236"
202.102.85.21 - - [30/Oct/2015:08:59:41 +0800] "GET / HTTP/1.0" 200 35741 "-" "cloud monitor service of wangzhan.360.cn" "61.160.224.33"
61.160.224.36 - - [30/Oct/2015:08:59:41 +0800] "GET http://www.xiaoshiseo.com/ HTTP/1.1" 200 35754 "-" "cloud monitor service of wangzhan.360.cn" "-"
125.88.189.22 - - [30/Oct/2015:09:04:55 +0800] "GET /forum.php?mod=viewthread&tid=88 HTTP/1.0" 200 38491 "-" "Mozilla/4.0 (compatible; MSIE 6.0; Windows NT 5.1; SV1)" "146.185.234.48"
125.88.189.22 - - [30/Oct/2015:09:04:59 +0800] "GET /home.php?mod=space&uid=1&do=thread&type=reply&view=me&from=space HTTP/1.0" 200 13173 "-" "Mozilla/4.0 (compatible; MSIE 6.0; Windows NT 5.1; SV1)" "146.185.234.48"
125.88.189.22 - - [30/Oct/2015:09:05:03 +0800] "GET /forum.php?mod=misc&action=recommend&do=add&tid=88&hash=0e23ad5d HTTP/1.0" 200 13484 "-" "Mozilla/4.0 (compatible; MSIE 6.0; Windows NT 5.1; SV1)" "146.185.234.48"
125.88.189.22 - - [30/Oct/2015:09:05:08 +0800] "GET /forum.php?mod=post&action=reply&fid=56&tid=88&reppost=155&extra=&page=1 HTTP/1.0" 200 13514 "-" "Mozilla/4.0 (compatible; MSIE 6.0; Windows NT 5.1; SV1)" "146.185.234.48"
125.88.189.22 - - [30/Oct/2015:09:05:09 +0800] "GET /forum.php?mod=post&action=reply&fid=56&tid=88 HTTP/1.0" 200 13478 "-" "Mozilla/4.0 (compatible; MSIE 6.0; Windows NT 5.1; SV1)" "146.185.234.48"
125.88.189.22 - - [30/Oct/2015:09:05:11 +0800] "GET /forum.php?mod=post&action=reply&fid=56&tid=88&extra=&page=1 HTTP/1.0" 200 13498 "-" "Mozilla/4.0 (compatible; MSIE 6.0; Windows NT 5.1; SV1)" "146.185.234.48"
125.88.189.22 - - [30/Oct/2015:09:05:17 +0800] "GET /member.php?mod=register HTTP/1.0" 200 19055 "-" "Mozilla/4.0 (compatible; MSIE 6.0; Windows NT 5.1; SV1)" "146.185.234.48"
125.88.189.22 - - [30/Oct/2015:09:05:25 +0800] "POST /member.php?mod=register HTTP/1.0" 200 13048 "http://www.xiaoshiseo.com/member.php?mod=register" "Mozilla/4.0 (compatible; MSIE 6.0; Windows NT 5.1; SV1)" "146.185.234.48"
221.204.14.21 - - [30/Oct/2015:09:06:18 +0800] "GET / HTTP/1.0" 200 35952 "-" "cloud monitor service of wangzhan.360.cn" "221.204.197.11"
221.204.197.11 - - [30/Oct/2015:09:06:19 +0800] "GET http://www.xiaoshiseo.com/ HTTP/1.1" 200 36096 "-" "cloud monitor service of wangzhan.360.cn" "-"
222.73.144.33 - - [30/Oct/2015:09:07:45 +0800] "GET / HTTP/1.0" 200 36083 "-" "cloud monitor service of wangzhan.360.cn" "61.160.224.33"
61.160.224.33 - - [30/Oct/2015:09:07:45 +0800] "GET http://www.xiaoshiseo.com/ HTTP/1.1" 200 36096 "-" "cloud monitor service of wangzhan.360.cn" "-"
183.136.133.41 - - [30/Oct/2015:09:10:21 +0800] "GET / HTTP/1.0" 301 178 "-" "Mozilla/5.0 (compatible; Baiduspider/2.0; +http://www.baidu.com/search/spider.html)" "220.181.108.85"
221.204.14.20 - - [30/Oct/2015:09:10:22 +0800] "GET / HTTP/1.0" 200 8738 "-" "Mozilla/5.0 (compatible; Baiduspider/2.0; +http://www.baidu.com/search/spider.html)" "220.181.108.176"
61.240.144.26 - - [30/Oct/2015:09:10:35 +0800] "GET /wechat-login.html HTTP/1.0" 302 0 "http://www.xiaoshiseo.com/wechat-login.html" "Mozilla/5.0 (compatible; MSIE 9.0; Windows NT 6.1; Trident/5.0); 360Spider(compatible; HaosouSpider; http://www.haosou.com/help/help_3_2.html)" "182.118.20.162"
125.88.189.22 - - [30/Oct/2015:09:13:48 +0800] "GET /forum.php?mod=viewthread&tid=88 HTTP/1.0" 200 38491 "-" "Mozilla/4.0 (compatible; MSIE 6.0; Windows NT 5.1; SV1)" "146.185.234.48"
222.73.144.31 - - [30/Oct/2015:09:15:10 +0800] "GET / HTTP/1.0" 200 36083 "-" "cloud monitor service of wangzhan.360.cn" "61.160.224.35"
61.160.224.36 - - [30/Oct/2015:09:15:11 +0800] "GET http://www.xiaoshiseo.com/ HTTP/1.1" 200 36096 "-" "cloud monitor service of wangzhan.360.cn" "-"
125.88.189.19 - - [30/Oct/2015:09:15:39 +0800] "GET /forum.php?gid=44 HTTP/1.0" 200 5458 "-" "Mozilla/5.0 (compatible; Yahoo! Slurp; http://help.yahoo.com/help/us/ysearch/slurp)" "68.180.228.27"
221.204.14.21 - - [30/Oct/2015:09:17:40 +0800] "GET / HTTP/1.0" 200 36083 "-" "cloud monitor service of wangzhan.360.cn" "221.204.197.11"
221.204.197.11 - - [30/Oct/2015:09:17:40 +0800] "GET http://www.xiaoshiseo.com/ HTTP/1.1" 200 36096 "-" "cloud monitor service of wangzhan.360.cn" "-"
125.88.189.22 - - [30/Oct/2015:09:22:28 +0800] "GET /forum.php?mod=viewthread&tid=88 HTTP/1.0" 200 38491 "-" "Mozilla/4.0 (compatible; MSIE 6.0; Windows NT 5.1; SV1)" "146.185.234.48"
