125.88.189.22 - - [30/Oct/2015:09:22:31 +0800] "GET /home.php?mod=space&uid=1&do=thread&type=reply&view=me&from=space HTTP/1.0" 200 13172 "-" "Mozilla/4.0 (compatible; MSIE 6.0; Windows NT 5.1; SV1)" "146.185.234.48"
125.88.189.22 - - [30/Oct/2015:09:22:33 +0800] "GET /forum.php?mod=misc&action=recommend&do=add&tid=88&hash=e68c9bb0 HTTP/1.0" 200 13484 "-" "Mozilla/4.0 (compatible; MSIE 6.0; Windows NT 5.1; SV1)" "146.185.234.48"
125.88.189.22 - - [30/Oct/2015:09:22:39 +0800] "GET /forum.php?mod=post&action=reply&fid=56&tid=88&reppost=155&extra=&page=1 HTTP/1.0" 200 13514 "-" "Mozilla/4.0 (compatible; MSIE 6.0; Windows NT 5.1; SV1)" "146.185.234.48"
125.88.189.22 - - [30/Oct/2015:09:22:41 +0800] "GET /forum.php?mod=post&action=reply&fid=56&tid=88 HTTP/1.0" 200 13478 "-" "Mozilla/4.0 (compatible; MSIE 6.0; Windows NT 5.1; SV1)" "146.185.234.48"
125.88.189.22 - - [30/Oct/2015:09:22:49 +0800] "GET /forum.php?mod=post&action=reply&fid=56&tid=88&extra=&page=1 HTTP/1.0" 200 13498 "-" "Mozilla/4.0 (compatible; MSIE 6.0; Windows NT 5.1; SV1)" "146.185.234.48"
125.88.189.22 - - [30/Oct/2015:09:22:50 +0800] "GET /member.php?mod=register HTTP/1.0" 200 19055 "-" "Mozilla/4.0 (compatible; MSIE 6.0; Windows NT 5.1; SV1)" "146.185.234.48"
125.88.189.22 - - [30/Oct/2015:09:22:54 +0800] "POST /member.php?mod=register HTTP/1.0" 200 13048 "http://www.xiaoshiseo.com/member.php?mod=register" "Mozilla/4.0 (compatible; MSIE 6.0; Windows NT 5.1; SV1)" "146.185.234.48"
202.102.85.19 - - [30/Oct/2015:09:25:09 +0800] "GET / HTTP/1.0" 200 35952 "-" "cloud monitor service of wangzhan.360.cn" "61.160.224.35"
61.160.224.33 - - [30/Oct/2015:09:25:10 +0800] "GET http://www.xiaoshiseo.com/ HTTP/1.1" 200 36096 "-" "cloud monitor service of wangzhan.360.cn" "-"
221.204.14.21 - - [30/Oct/2015:09:28:05 +0800] "GET / HTTP/1.0" 200 36083 "-" "cloud monitor service of wangzhan.360.cn" "221.204.197.11"
221.204.197.11 - - [30/Oct/2015:09:28:05 +0800] "GET http://www.xiaoshiseo.com/ HTTP/1.1" 200 36096 "-" "cloud monitor service of wangzhan.360.cn" "-"
125.88.189.22 - - [30/Oct/2015:09:31:26 +0800] "GET /forum.php?mod=viewthread&tid=88 HTTP/1.0" 200 38491 "-" "Mozilla/4.0 (compatible; MSIE 6.0; Windows NT 5.1; SV1)" "146.185.234.48"
125.88.189.22 - - [30/Oct/2015:09:31:29 +0800] "GET /home.php?mod=space&uid=1&do=thread&type=reply&view=me&from=space HTTP/1.0" 200 13172 "-" "Mozilla/4.0 (compatible; MSIE 6.0; Windows NT 5.1; SV1)" "146.185.234.48"
125.88.189.22 - - [30/Oct/2015:09:33:01 +0800] "GET /forum.php?mod=misc&action=recommend&do=add&tid=88&hash=7b291726 HTTP/1.0" 200 13484 "-" "Mozilla/4.0 (compatible; MSIE 6.0; Windows NT 5.1; SV1)" "146.185.234.48"
125.88.189.22 - - [30/Oct/2015:09:33:31 +0800] "GET /forum.php?mod=post&action=reply&fid=56&tid=88 HTTP/1.0" 200 13478 "-" "Mozilla/4.0 (compatible; MSIE 6.0; Windows NT 5.1; SV1)" "146.185.234.48"
125.88.189.22 - - [30/Oct/2015:09:33:34 +0800] "GET /forum.php?mod=post&action=reply&fid=56&tid=88&extra=&page=1 HTTP/1.0" 200 13498 "-" "Mozilla/4.0 (compatible; MSIE 6.0; Windows NT 5.1; SV1)" "146.185.234.48"
125.88.189.22 - - [30/Oct/2015:09:33:36 +0800] "GET /member.php?mod=register HTTP/1.0" 200 19055 "-" "Mozilla/4.0 (compatible; MSIE 6.0; Windows NT 5.1; SV1)" "146.185.234.48"
125.88.189.22 - - [30/Oct/2015:09:33:39 +0800] "POST /member.php?mod=register HTTP/1.0" 200 13048 "http://www.xiaoshiseo.com/member.php?mod=register" "Mozilla/4.0 (compatible; MSIE 6.0; Windows NT 5.1; SV1)" "146.185.234.48"
202.102.85.21 - - [30/Oct/2015:09:35:53 +0800] "GET / HTTP/1.0" 200 36083 "-" "cloud monitor service of wangzhan.360.cn" "61.160.224.33"
61.160.224.35 - - [30/Oct/2015:09:35:54 +0800] "GET http://www.xiaoshiseo.com/ HTTP/1.1" 200 36096 "-" "cloud monitor service of wangzhan.360.cn" "-"
183.136.133.28 - - [30/Oct/2015:09:38:26 +0800] "GET /forum.php?gid=44 HTTP/1.0" 200 5457 "-" "Mozilla/5.0 (compatible; Baiduspider/2.0; +http://www.baidu.com/search/spider.html)" "123.125.71.51"
125.88.189.22 - - [30/Oct/2015:09:40:01 +0800] "GET /thread-13-1-1.html HTTP/1.0" 200 63886 "-" "Mozilla/4.0 (compatible; MSIE 6.0; Windows NT 5.1; SV1)" "146.185.234.48"
125.88.189.22 - - [30/Oct/2015:09:40:11 +0800] "GET /home.php?mod=space&uid=1&do=thread&type=reply&view=me&from=space HTTP/1.0" 200 13172 "-" "Mozilla/4.0 (compatible; MSIE 6.0; Windows NT 5.1; SV1)" "146.185.234.48"
125.88.189.22 - - [30/Oct/2015:09:40:30 +0800] "GET /forum.php?mod=misc&action=recommend&do=add&tid=13&hash=39aa0862 HTTP/1.0" 200 13484 "-" "Mozilla/4.0 (compatible; MSIE 6.0; Windows NT 5.1; SV1)" "146.185.234.48"
125.88.189.22 - - [30/Oct/2015:09:40:32 +0800] "GET /forum.php?mod=post&action=reply&fid=56&tid=13&reppost=13&extra=page%3D1&page=1 HTTP/1.0" 200 13522 "-" "Mozilla/4.0 (compatible; MSIE 6.0; Windows NT 5.1; SV1)" "146.185.234.48"
221.204.14.21 - - [30/Oct/2015:09:40:49 +0800] "GET / HTTP/1.0" 200 35952 "-" "cloud monitor service of wangzhan.360.cn" "221.204.197.11"
221.204.197.11 - - [30/Oct/2015:09:40:50 +0800] "GET http://www.xiaoshiseo.com/ HTTP/1.1" 200 36096 "-" "cloud monitor service of wangzhan.360.cn" "-"
125.88.189.22 - - [30/Oct/2015:09:40:53 +0800] "GET /forum.php?mod=redirect&goto=findpost&ptid=13&pid=16 HTTP/1.0" 301 0 "-" "Mozilla/4.0 (compatible; MSIE 6.0; Windows NT 5.1; SV1)" "146.185.234.48"
125.88.189.22 - - [30/Oct/2015:09:40:58 +0800] "GET /forum.php?mod=viewthread&tid=13&page=1 HTTP/1.0" 200 63779 "-" "Mozilla/4.0 (compatible; MSIE 6.0; Windows NT 5.1; SV1)" "146.185.234.48"
125.88.189.22 - - [30/Oct/2015:09:41:02 +0800] "GET /forum.php?mod=post&action=reply&fid=56&tid=13&repquote=16&extra=page%3D1&page=1 HTTP/1.0" 200 13522 "-" "Mozilla/4.0 (compatible; MSIE 6.0; Windows NT 5.1; SV1)" "146.185.234.48"
125.88.189.22 - - [30/Oct/2015:09:41:04 +0800] "GET /forum.php?mod=misc&action=postreview&do=support&tid=13&pid=16&hash=39aa0862 HTTP/1.0" 200 13500 "-" "Mozilla/4.0 (compatible; MSIE 6.0; Windows NT 5.1; SV1)" "146.185.234.48"
125.88.189.22 - - [30/Oct/2015:09:41:10 +0800] "GET /forum.php?mod=misc&action=postreview&do=against&tid=13&pid=16&hash=39aa0862 HTTP/1.0" 200 13500 "-" "Mozilla/4.0 (compatible; MSIE 6.0; Windows NT 5.1; SV1)" "146.185.234.48"
125.88.189.22 - - [30/Oct/2015:09:41:14 +0800] "GET /home.php?mod=space&uid=8&do=thread&type=reply&view=me&from=space HTTP/1.0" 200 13173 "-" "Mozilla/4.0 (compatible; MSIE 6.0; Windows NT 5.1; SV1)" "146.185.234.48"
125.88.189.22 - - [30/Oct/2015:09:41:16 +0800] "GET /forum.php?mod=redirect&goto=findpost&ptid=13&pid=34 HTTP/1.0" 301 0 "-" "Mozilla/4.0 (compatible; MSIE 6.0; Windows NT 5.1; SV1)" "146.185.234.48"
125.88.189.22 - - [30/Oct/2015:09:41:17 +0800] "GET /forum.php?mod=viewthread&tid=13&page=1 HTTP/1.0" 200 63779 "-" "Mozilla/4.0 (compatible; MSIE 6.0; Windows NT 5.1; SV1)" "146.185.234.48"
125.88.189.22 - - [30/Oct/2015:09:41:20 +0800] "GET /forum.php?mod=post&action=reply&fid=56&tid=13&repquote=34&extra=page%3D1&page=1 HTTP/1.0" 200 13522 "-" "Mozilla/4.0 (compatible; MSIE 6.0; Windows NT 5.1; SV1)" "146.185.234.48"
125.88.189.22 - - [30/Oct/2015:09:41:24 +0800] "GET /forum.php?mod=misc&action=postreview&do=support&tid=13&pid=34&hash=39aa0862 HTTP/1.0" 200 13500 "-" "Mozilla/4.0 (compatible; MSIE 6.0; Windows NT 5.1; SV1)" "146.185.234.48"
125.88.189.22 - - [30/Oct/2015:09:41:36 +0800] "GET /forum.php?mod=misc&action=postreview&do=against&tid=13&pid=34&hash=39aa0862 HTTP/1.0" 200 13500 "-" "Mozilla/4.0 (compatible; MSIE 6.0; Windows NT 5.1; SV1)" "146.185.234.48"
125.88.189.22 - - [30/Oct/2015:09:41:38 +0800] "GET /forum.php?mod=redirect&goto=findpost&ptid=13&pid=46 HTTP/1.0" 301 0 "-" "Mozilla/4.0 (compatible; MSIE 6.0; Windows NT 5.1; SV1)" "146.185.234.48"
125.88.189.22 - - [30/Oct/2015:09:41:52 +0800] "GET /forum.php?mod=viewthread&tid=13&page=1 HTTP/1.0" 200 63779 "-" "Mozilla/4.0 (compatible; MSIE 6.0; Windows NT 5.1; SV1)" "146.185.234.48"
125.88.189.22 - - [30/Oct/2015:09:42:02 +0800] "GET /forum.php?mod=post&action=reply&fid=56&tid=13&repquote=46&extra=page%3D1&page=1 HTTP/1.0" 200 13522 "-" "Mozilla/4.0 (compatible; MSIE 6.0; Windows NT 5.1; SV1)" "146.185.234.48"
125.88.189.22 - - [30/Oct/2015:09:42:20 +0800] "GET /forum.php?mod=misc&action=postreview&do=support&tid=13&pid=46&hash=39aa0862 HTTP/1.0" 200 13500 "-" "Mozilla/4.0 (compatible; MSIE 6.0; Windows NT 5.1; SV1)" "146.185.234.48"
125.88.189.22 - - [30/Oct/2015:09:42:29 +0800] "GET /forum.php?mod=misc&action=postreview&do=against&tid=13&pid=46&hash=39aa0862 HTTP/1.0" 200 13500 "-" "Mozilla/4.0 (compatible; MSIE 6.0; Windows NT 5.1; SV1)" "146.185.234.48"
125.88.189.22 - - [30/Oct/2015:09:42:30 +0800] "GET /forum.php?mod=redirect&goto=findpost&ptid=13&pid=226 HTTP/1.0" 301 0 "-" "Mozilla/4.0 (compatible; MSIE 6.0; Windows NT 5.1; SV1)" "146.185.234.48"
125.88.189.22 - - [30/Oct/2015:09:42:41 +0800] "GET /forum.php?mod=viewthread&tid=13&page=1 HTTP/1.0" 200 63779 "-" "Mozilla/4.0 (compatible; MSIE 6.0; Windows NT 5.1; SV1)" "146.185.234.48"
125.88.189.22 - - [30/Oct/2015:09:42:44 +0800] "GET /forum.php?mod=post&action=reply&fid=56&tid=13&repquote=226&extra=page%3D1&page=1 HTTP/1.0" 200 13526 "-" "Mozilla/4.0 (compatible; MSIE 6.0; Windows NT 5.1; SV1)" "146.185.234.48"
125.88.189.22 - - [30/Oct/2015:09:43:00 +0800] "GET /forum.php?mod=misc&action=postreview&do=support&tid=13&pid=226&hash=39aa0862 HTTP/1.0" 200 13500 "-" "Mozilla/4.0 (compatible; MSIE 6.0; Windows NT 5.1; SV1)" "146.185.234.48"
222.73.144.32 - - [30/Oct/2015:09:43:20 +0800] "GET / HTTP/1.0" 200 36083 "-" "cloud monitor service of wangzhan.360.cn" "61.160.224.34"
61.160.224.35 - - [30/Oct/2015:09:43:21 +0800] "GET http://www.xiaoshiseo.com/ HTTP/1.1" 200 36096 "-" "cloud monitor service of wangzhan.360.cn" "-"
221.204.14.23 - - [30/Oct/2015:09:45:55 +0800] "GET / HTTP/1.0" 200 8742 "http://www.xiaoshiseo.com/" "Mozilla/5.0 (Windows NT 6.1; WOW64; Baidu Transcoder) AppleWebKit/536.11 (KHTML, like Gecko) Chrome/20.0.1132.57 Safari/536.11" "180.149.130.19, 10.40.41.51, 123.125.71.119"
183.136.133.45 - - [30/Oct/2015:09:45:56 +0800] "GET /data/attachment/common/34/common_41_icon.jpg HTTP/1.0" 200 1740 "http://www.xiaoshiseo.com/" "Mozilla/5.0 (Windows NT 5.1; rv:8.0.1) Gecko/20100101 Firefox/8.0.1" "180.149.143.146"
183.136.133.49 - - [30/Oct/2015:09:45:56 +0800] "GET /data/attachment/block/78/7856a11ffb0747e90c9b5ee673afb429.jpg HTTP/1.0" 200 29710 "http://www.xiaoshiseo.com/" "Mozilla/5.0 (Windows NT 5.1; rv:8.0.1) Gecko/20100101 Firefox/8.0.1" "180.149.143.14"
221.204.14.34 - - [30/Oct/2015:09:45:56 +0800] "GET /data/cache/style_1_forum_index.css?bZ5 HTTP/1.0" 200 1334 "http://www.xiaoshiseo.com/" "Mozilla/5.0 (Windows NT 6.1; WOW64; Baidu Transcoder) AppleWebKit/536.11 (KHTML, like Gecko) Chrome/20.0.1132.57 Safari/536.11" "180.149.130.19, 10.40.41.51, 123.125.71.132"
183.136.133.47 - - [30/Oct/2015:09:45:56 +0800] "GET /static/image/common/site_qq.jpg HTTP/1.0" 200 1698 "http://www.xiaoshiseo.com/" "Mozilla/5.0 (Windows NT 5.1; rv:8.0.1) Gecko/20100101 Firefox/8.0.1" "180.149.143.145"
221.204.14.33 - - [30/Oct/2015:09:45:56 +0800] "GET /data/cache/style_1_common.css?bZ5 HTTP/1.0" 200 15216 "http://www.xiaoshiseo.com/" "Mozilla/5.0 (Windows NT 6.1; WOW64; Baidu Transcoder) AppleWebKit/536.11 (KHTML, like Gecko) Chrome/20.0.1132.57 Safari/536.11" "180.149.130.19, 10.40.41.51, 123.125.71.133"
183.136.133.47 - - [30/Oct/2015:09:45:57 +0800] "GET /data/attachment/block/45/45d8a0412fa3e9d20b13e27770b0ded7.jpg HTTP/1.0" 200 88513 "http://www.xiaoshiseo.com/" "Mozilla/5.0 (Windows NT 5.1; rv:8.0.1) Gecko/20100101 Firefox/8.0.1" "180.149.143.17"
221.204.14.33 - - [30/Oct/2015:09:45:57 +0800] "GET /source/plugin/csu_wx/img/csu_zk.css HTTP/1.0" 200 533 "http://www.xiaoshiseo.com/" "Mozilla/5.0 (Windows NT 6.1; WOW64; Baidu Transcoder) AppleWebKit/536.11 (KHTML, like Gecko) Chrome/20.0.1132.57 Safari/536.11" "180.149.130.19, 10.40.41.51, 123.125.71.62"
183.136.133.50 - - [30/Oct/2015:09:45:58 +0800] "GET /static/image/common/scrolltop.png HTTP/1.0" 200 1383 "http://www.xiaoshiseo.com/" "Mozilla/5.0 (Windows NT 5.1; rv:8.0.1) Gecko/20100101 Firefox/8.0.1" "180.149.143.140"
61.240.144.19 - - [30/Oct/2015:09:46:25 +0800] "GET / HTTP/1.0" 200 8742 "http://www.seopeix.com/" "Mozilla/5.0 (Windows NT 5.1) AppleWebKit/537.36 (KHTML, like Gecko) Chrome/31.0.1650.63 Safari/537.36" "120.84.223.5"
61.240.144.37 - - [30/Oct/2015:09:46:25 +0800] "GET /data/cache/forum.js?bZ5 HTTP/1.0" 200 6263 "http://www.xiaoshiseo.com/" "Mozilla/5.0 (Windows NT 5.1) AppleWebKit/537.36 (KHTML, like Gecko) Chrome/31.0.1650.63 Safari/537.36" "120.84.223.5"
61.240.144.33 - - [30/Oct/2015:09:46:25 +0800] "GET /data/cache/style_1_forum_index.css?bZ5 HTTP/1.0" 200 1334 "http://www.xiaoshiseo.com/" "Mozilla/5.0 (Windows NT 5.1) AppleWebKit/537.36 (KHTML, like Gecko) Chrome/31.0.1650.63 Safari/537.36" "120.84.223.5"
61.240.144.38 - - [30/Oct/2015:09:46:25 +0800] "GET /source/plugin/csu_wx/img/csu_zk.css HTTP/1.0" 200 533 "http://www.xiaoshiseo.com/" "Mozilla/5.0 (Windows NT 5.1) AppleWebKit/537.36 (KHTML, like Gecko) Chrome/31.0.1650.63 Safari/537.36" "120.84.223.5"
61.240.144.40 - - [30/Oct/2015:09:46:25 +0800] "GET /data/cache/logging.js?bZ5 HTTP/1.0" 200 390 "http://www.xiaoshiseo.com/" "Mozilla/5.0 (Windows NT 5.1) AppleWebKit/537.36 (KHTML, like Gecko) Chrome/31.0.1650.63 Safari/537.36" "120.84.223.5"
61.240.144.40 - - [30/Oct/2015:09:46:25 +0800] "GET /data/cache/style_1_common.css?bZ5 HTTP/1.0" 200 15216 "http://www.xiaoshiseo.com/" "Mozilla/5.0 (Windows NT 5.1) AppleWebKit/537.36 (KHTML, like Gecko) Chrome/31.0.1650.63 Safari/537.36" "120.84.223.5"
61.240.144.35 - - [30/Oct/2015:09:46:25 +0800] "GET /data/cache/common.js?bZ5 HTTP/1.0" 200 16589 "http://www.xiaoshiseo.com/" "Mozilla/5.0 (Windows NT 5.1) AppleWebKit/537.36 (KHTML, like Gecko) Chrome/31.0.1650.63 Safari/537.36" "120.84.223.5"
61.240.144.33 - - [30/Oct/2015:09:46:26 +0800] "GET /data/cache/md5.js?bZ5 HTTP/1.0" 200 1608 "http://www.xiaoshiseo.com/" "Mozilla/5.0 (Windows NT 5.1) AppleWebKit/537.36 (KHTML, like Gecko) Chrome/31.0.1650.63 Safari/537.36" "120.84.223.5"
61.240.144.33 - - [30/Oct/2015:09:46:26 +0800] "GET /source/plugin/csu_wx/img/wx_jqr.gif HTTP/1.0" 200 1770 "http://www.xiaoshiseo.com/" "Mozilla/5.0 (Windows NT 5.1) AppleWebKit/537.36 (KHTML, like Gecko) Chrome/31.0.1650.63 Safari/537.36" "120.84.223.5"
61.240.144.38 - - [30/Oct/2015:09:46:26 +0800] "GET /static/image/common/qq_login.gif HTTP/1.0" 200 3200 "http://www.xiaoshiseo.com/" "Mozilla/5.0 (Windows NT 5.1) AppleWebKit/537.36 (KHTML, like Gecko) Chrome/31.0.1650.63 Safari/537.36" "120.84.223.5"
61.240.144.34 - - [30/Oct/2015:09:46:26 +0800] "GET /static/image/common/logo.png HTTP/1.0" 200 7124 "http://www.xiaoshiseo.com/" "Mozilla/5.0 (Windows NT 5.1) AppleWebKit/537.36 (KHTML, like Gecko) Chrome/31.0.1650.63 Safari/537.36" "120.84.223.5"
61.240.144.35 - - [30/Oct/2015:09:46:26 +0800] "GET /source/plugin/wechat/image/wechat_login.png HTTP/1.0" 200 3501 "http://www.xiaoshiseo.com/" "Mozilla/5.0 (Windows NT 5.1) AppleWebKit/537.36 (KHTML, like Gecko) Chrome/31.0.1650.63 Safari/537.36" "120.84.223.5"
61.240.144.19 - - [30/Oct/2015:09:46:26 +0800] "GET /home.php?mod=misc&ac=sendmail&rand=1446169249 HTTP/1.0" 200 0 "http://www.xiaoshiseo.com/" "Mozilla/5.0 (Windows NT 5.1) AppleWebKit/537.36 (KHTML, like Gecko) Chrome/31.0.1650.63 Safari/537.36" "120.84.223.5"
61.240.144.35 - - [30/Oct/2015:09:46:26 +0800] "GET /static/image/common/background.png HTTP/1.0" 200 1166 "http://www.xiaoshiseo.com/" "Mozilla/5.0 (Windows NT 5.1) AppleWebKit/537.36 (KHTML, like Gecko) Chrome/31.0.1650.63 Safari/537.36" "120.84.223.5"
61.240.144.40 - - [30/Oct/2015:09:46:26 +0800] "GET /static/image/common/pn.png HTTP/1.0" 200 592 "http://www.xiaoshiseo.com/" "Mozilla/5.0 (Windows NT 5.1) AppleWebKit/537.36 (KHTML, like Gecko) Chrome/31.0.1650.63 Safari/537.36" "120.84.223.5"
61.240.144.39 - - [30/Oct/2015:09:46:26 +0800] "GET /static/image/common/px.png HTTP/1.0" 200 210 "http://www.xiaoshiseo.com/" "Mozilla/5.0 (Windows NT 5.1) AppleWebKit/537.36 (KHTML, like Gecko) Chrome/31.0.1650.63 Safari/537.36" "120.84.223.5"
61.240.144.36 - - [30/Oct/2015:09:46:26 +0800] "GET /data/cache/common_extra.js?bZ5 HTTP/1.0" 200 12459 "http://www.xiaoshiseo.com/" "Mozilla/5.0 (Windows NT 5.1) AppleWebKit/537.36 (KHTML, like Gecko) Chrome/31.0.1650.63 Safari/537.36" "120.84.223.5"
61.240.144.33 - - [30/Oct/2015:09:46:26 +0800] "GET /static/image/common/search.png HTTP/1.0" 200 1301 "http://www.xiaoshiseo.com/" "Mozilla/5.0 (Windows NT 5.1) AppleWebKit/537.36 (KHTML, like Gecko) Chrome/31.0.1650.63 Safari/537.36" "120.84.223.5"
61.240.144.33 - - [30/Oct/2015:09:46:26 +0800] "GET /static/image/common/nv.png HTTP/1.0" 200 1939 "http://www.xiaoshiseo.com/" "Mozilla/5.0 (Windows NT 5.1) AppleWebKit/537.36 (KHTML, like Gecko) Chrome/31.0.1650.63 Safari/537.36" "120.84.223.5"
61.240.144.35 - - [30/Oct/2015:09:46:27 +0800] "GET /static/image/common/qmenu.png HTTP/1.0" 200 225 "http://www.xiaoshiseo.com/" "Mozilla/5.0 (Windows NT 5.1) AppleWebKit/537.36 (KHTML, like Gecko) Chrome/31.0.1650.63 Safari/537.36" "120.84.223.5"
61.240.144.34 - - [30/Oct/2015:09:46:27 +0800] "GET /static/image/common/nv_a.png HTTP/1.0" 200 2076 "http://www.xiaoshiseo.com/" "Mozilla/5.0 (Windows NT 5.1) AppleWebKit/537.36 (KHTML, like Gecko) Chrome/31.0.1650.63 Safari/537.36" "120.84.223.5"
61.240.144.35 - - [30/Oct/2015:09:46:27 +0800] "GET /data/attachment/block/a0/a05e83e3905f38ffd942ad58abd20b7f.jpg HTTP/1.0" 200 4618 "http://www.xiaoshiseo.com/" "Mozilla/5.0 (Windows NT 5.1) AppleWebKit/537.36 (KHTML, like Gecko) Chrome/31.0.1650.63 Safari/537.36" "120.84.223.5"
61.240.144.38 - - [30/Oct/2015:09:46:27 +0800] "GET /data/attachment/block/78/7856a11ffb0747e90c9b5ee673afb429.jpg HTTP/1.0" 200 29710 "http://www.xiaoshiseo.com/" "Mozilla/5.0 (Windows NT 5.1) AppleWebKit/537.36 (KHTML, like Gecko) Chrome/31.0.1650.63 Safari/537.36" "120.84.223.5"
61.240.144.35 - - [30/Oct/2015:09:46:27 +0800] "GET /static/image/stamp/006.small.gif HTTP/1.0" 200 1153 "http://www.xiaoshiseo.com/" "Mozilla/5.0 (Windows NT 5.1) AppleWebKit/537.36 (KHTML, like Gecko) Chrome/31.0.1650.63 Safari/537.36" "120.84.223.5"
61.240.144.39 - - [30/Oct/2015:09:46:27 +0800] "GET /static/image/common/collapsed_no.gif HTTP/1.0" 200 275 "http://www.xiaoshiseo.com/" "Mozilla/5.0 (Windows NT 5.1) AppleWebKit/537.36 (KHTML, like Gecko) Chrome/31.0.1650.63 Safari/537.36" "120.84.223.5"
61.240.144.37 - - [30/Oct/2015:09:46:28 +0800] "GET /data/attachment/block/45/45d8a0412fa3e9d20b13e27770b0ded7.jpg HTTP/1.0" 200 88513 "http://www.xiaoshiseo.com/" "Mozilla/5.0 (Windows NT 5.1) AppleWebKit/537.36 (KHTML, like Gecko) Chrome/31.0.1650.63 Safari/537.36" "120.84.223.5"
61.240.144.39 - - [30/Oct/2015:09:46:28 +0800] "GET /data/attachment/common/c8/common_2_icon.jpg HTTP/1.0" 200 2163 "http://www.xiaoshiseo.com/" "Mozilla/5.0 (Windows NT 5.1) AppleWebKit/537.36 (KHTML, like Gecko) Chrome/31.0.1650.63 Safari/537.36" "120.84.223.5"
61.240.144.36 - - [30/Oct/2015:09:46:28 +0800] "GET /data/attachment/common/72/common_57_icon.jpg HTTP/1.0" 200 2807 "http://www.xiaoshiseo.com/" "Mozilla/5.0 (Windows NT 5.1) AppleWebKit/537.36 (KHTML, like Gecko) Chrome/31.0.1650.63 Safari/537.36" "120.84.223.5"
61.240.144.38 - - [30/Oct/2015:09:46:28 +0800] "GET /data/attachment/common/d6/common_39_icon.jpg HTTP/1.0" 200 2433 "http://www.xiaoshiseo.com/" "Mozilla/5.0 (Windows NT 5.1) AppleWebKit/537.36 (KHTML, like Gecko) Chrome/31.0.1650.63 Safari/537.36" "120.84.223.5"
61.240.144.38 - - [30/Oct/2015:09:46:28 +0800] "GET /data/attachment/block/9a/9a2d2feaaf57f3d66a1a97515401a6ca.jpg HTTP/1.0" 200 109197 "http://www.xiaoshiseo.com/" "Mozilla/5.0 (Windows NT 5.1) AppleWebKit/537.36 (KHTML, like Gecko) Chrome/31.0.1650.63 Safari/537.36" "120.84.223.5"
61.240.144.38 - - [30/Oct/2015:09:46:28 +0800] "GET /data/attachment/common/d6/common_40_icon.jpg HTTP/1.0" 200 2386 "http://www.xiaoshiseo.com/" "Mozilla/5.0 (Windows NT 5.1) AppleWebKit/537.36 (KHTML, like Gecko) Chrome/31.0.1650.63 Safari/537.36" "120.84.223.5"
61.240.144.37 - - [30/Oct/2015:09:46:28 +0800] "GET /data/attachment/common/a5/common_37_icon.jpg HTTP/1.0" 200 1458 "http://www.xiaoshiseo.com/" "Mozilla/5.0 (Windows NT 5.1) AppleWebKit/537.36 (KHTML, like Gecko) Chrome/31.0.1650.63 Safari/537.36" "120.84.223.5"
61.240.144.36 - - [30/Oct/2015:09:46:28 +0800] "GET /data/attachment/common/9a/common_52_icon.jpg HTTP/1.0" 200 3422 "http://www.xiaoshiseo.com/" "Mozilla/5.0 (Windows NT 5.1) AppleWebKit/537.36 (KHTML, like Gecko) Chrome/31.0.1650.63 Safari/537.36" "120.84.223.5"
61.240.144.34 - - [30/Oct/2015:09:46:28 +0800] "GET /data/attachment/common/34/common_41_icon.jpg HTTP/1.0" 200 1740 "http://www.xiaoshiseo.com/" "Mozilla/5.0 (Windows NT 5.1) AppleWebKit/537.36 (KHTML, like Gecko) Chrome/31.0.1650.63 Safari/537.36" "120.84.223.5"
61.240.144.35 - - [30/Oct/2015:09:46:28 +0800] "GET /source/plugin/blueidea_qqgroup/img/qqgroup.png HTTP/1.0" 200 2081 "http://www.xiaoshiseo.com/" "Mozilla/5.0 (Windows NT 5.1) AppleWebKit/537.36 (KHTML, like Gecko) Chrome/31.0.1650.63 Safari/537.36" "120.84.223.5"
61.240.144.36 - - [30/Oct/2015:09:46:28 +0800] "GET /data/attachment/common/a6/common_54_icon.jpg HTTP/1.0" 200 2141 "http://www.xiaoshiseo.com/" "Mozilla/5.0 (Windows NT 5.1) AppleWebKit/537.36 (KHTML, like Gecko) Chrome/31.0.1650.63 Safari/537.36" "120.84.223.5"
61.240.144.35 - - [30/Oct/2015:09:46:28 +0800] "GET /data/attachment/common/d8/common_53_icon.jpg HTTP/1.0" 200 2752 "http://www.xiaoshiseo.com/" "Mozilla/5.0 (Windows NT 5.1) AppleWebKit/537.36 (KHTML, like Gecko) Chrome/31.0.1650.63 Safari/537.36" "120.84.223.5"
61.240.144.40 - - [30/Oct/2015:09:46:29 +0800] "GET /data/attachment/common/64/common_48_icon.jpg HTTP/1.0" 200 2501 "http://www.xiaoshiseo.com/" "Mozilla/5.0 (Windows NT 5.1) AppleWebKit/537.36 (KHTML, like Gecko) Chrome/31.0.1650.63 Safari/537.36" "120.84.223.5"
61.240.144.36 - - [30/Oct/2015:09:46:29 +0800] "GET /data/attachment/common/6c/common_45_icon.jpg HTTP/1.0" 200 2389 "http://www.xiaoshiseo.com/" "Mozilla/5.0 (Windows NT 5.1) AppleWebKit/537.36 (KHTML, like Gecko) Chrome/31.0.1650.63 Safari/537.36" "120.84.223.5"
61.240.144.34 - - [30/Oct/2015:09:46:29 +0800] "GET /data/attachment/common/d9/common_46_icon.jpg HTTP/1.0" 200 2697 "http://www.xiaoshiseo.com/" "Mozilla/5.0 (Windows NT 5.1) AppleWebKit/537.36 (KHTML, like Gecko) Chrome/31.0.1650.63 Safari/537.36" "120.84.223.5"
61.240.144.35 - - [30/Oct/2015:09:46:29 +0800] "GET /data/attachment/common/67/common_47_icon.jpg HTTP/1.0" 200 1533 "http://www.xiaoshiseo.com/" "Mozilla/5.0 (Windows NT 5.1) AppleWebKit/537.36 (KHTML, like Gecko) Chrome/31.0.1650.63 Safari/537.36" "120.84.223.5"
61.240.144.36 - - [30/Oct/2015:09:46:29 +0800] "GET /data/attachment/common/9f/common_56_icon.jpg HTTP/1.0" 200 2648 "http://www.xiaoshiseo.com/" "Mozilla/5.0 (Windows NT 5.1) AppleWebKit/537.36 (KHTML, like Gecko) Chrome/31.0.1650.63 Safari/537.36" "120.84.223.5"
61.240.144.39 - - [30/Oct/2015:09:46:29 +0800] "GET /static/image/common/chart.png HTTP/1.0" 200 990 "http://www.xiaoshiseo.com/" "Mozilla/5.0 (Windows NT 5.1) AppleWebKit/537.36 (KHTML, like Gecko) Chrome/31.0.1650.63 Safari/537.36" "120.84.223.5"
61.240.144.35 - - [30/Oct/2015:09:46:29 +0800] "GET /static/image/common/titlebg.png HTTP/1.0" 200 315 "http://www.xiaoshiseo.com/" "Mozilla/5.0 (Windows NT 5.1) AppleWebKit/537.36 (KHTML, like Gecko) Chrome/31.0.1650.63 Safari/537.36" "120.84.223.5"
61.240.144.40 - - [30/Oct/2015:09:46:29 +0800] "GET /static/image/common/ad_close.gif HTTP/1.0" 200 1158 "http://www.xiaoshiseo.com/" "Mozilla/5.0 (Windows NT 5.1) AppleWebKit/537.36 (KHTML, like Gecko) Chrome/31.0.1650.63 Safari/537.36" "120.84.223.5"
61.240.144.19 - - [30/Oct/2015:09:46:29 +0800] "GET /plugin.php?id=wechat:qrcode&access=yes HTTP/1.0" 200 403 "http://www.xiaoshiseo.com/" "Mozilla/5.0 (Windows NT 5.1) AppleWebKit/537.36 (KHTML, like Gecko) Chrome/31.0.1650.63 Safari/537.36" "120.84.223.5"
61.240.144.35 - - [30/Oct/2015:09:46:29 +0800] "GET /static/image/common/site_qq.jpg HTTP/1.0" 200 1698 "http://www.xiaoshiseo.com/" "Mozilla/5.0 (Windows NT 5.1) AppleWebKit/537.36 (KHTML, like Gecko) Chrome/31.0.1650.63 Safari/537.36" "120.84.223.5"
61.240.144.33 - - [30/Oct/2015:09:46:29 +0800] "GET /static/image/common/security.png HTTP/1.0" 200 2203 "http://www.xiaoshiseo.com/" "Mozilla/5.0 (Windows NT 5.1) AppleWebKit/537.36 (KHTML, like Gecko) Chrome/31.0.1650.63 Safari/537.36" "120.84.223.5"
61.240.144.36 - - [30/Oct/2015:09:46:29 +0800] "GET /static/image/common/scrolltop.png HTTP/1.0" 200 1383 "http://www.xiaoshiseo.com/" "Mozilla/5.0 (Windows NT 5.1) AppleWebKit/537.36 (KHTML, like Gecko) Chrome/31.0.1650.63 Safari/537.36" "120.84.223.5"
61.240.144.38 - - [30/Oct/2015:09:46:30 +0800] "GET /data/attachment/block/3f/3f1759545bf6229bae4b5a29ffed4a80.jpg HTTP/1.0" 200 19857 "http://www.xiaoshiseo.com/" "Mozilla/5.0 (Windows NT 5.1) AppleWebKit/537.36 (KHTML, like Gecko) Chrome/31.0.1650.63 Safari/537.36" "120.84.223.5"
61.240.144.35 - - [30/Oct/2015:09:46:30 +0800] "GET /data/attachment/block/df/df5abc04138958802bb9985d48e8657c.jpg HTTP/1.0" 200 124030 "http://www.xiaoshiseo.com/" "Mozilla/5.0 (Windows NT 5.1) AppleWebKit/537.36 (KHTML, like Gecko) Chrome/31.0.1650.63 Safari/537.36" "120.84.223.5"
61.240.144.33 - - [30/Oct/2015:09:46:31 +0800] "GET /favicon.ico HTTP/1.0" 200 1150 "-" "Mozilla/5.0 (Windows NT 5.1) AppleWebKit/537.36 (KHTML, like Gecko) Chrome/31.0.1650.63 Safari/537.36" "120.84.223.5"
61.240.144.19 - - [30/Oct/2015:09:46:35 +0800] "GET /thread-23-1-1.html HTTP/1.0" 200 13604 "http://www.xiaoshiseo.com/" "Mozilla/5.0 (Windows NT 5.1) AppleWebKit/537.36 (KHTML, like Gecko) Chrome/31.0.1650.63 Safari/537.36" "120.84.223.5"
61.240.144.36 - - [30/Oct/2015:09:46:35 +0800] "GET /data/cache/forum_viewthread.js?bZ5 HTTP/1.0" 200 7407 "http://www.xiaoshiseo.com/thread-23-1-1.html" "Mozilla/5.0 (Windows NT 5.1) AppleWebKit/537.36 (KHTML, like Gecko) Chrome/31.0.1650.63 Safari/537.36" "120.84.223.5"
61.240.144.39 - - [30/Oct/2015:09:46:35 +0800] "GET /data/cache/style_1_forum_viewthread.css?bZ5 HTTP/1.0" 200 10628 "http://www.xiaoshiseo.com/thread-23-1-1.html" "Mozilla/5.0 (Windows NT 5.1) AppleWebKit/537.36 (KHTML, like Gecko) Chrome/31.0.1650.63 Safari/537.36" "120.84.223.5"
61.240.144.36 - - [30/Oct/2015:09:46:36 +0800] "GET /static/image/common/pn_post.png HTTP/1.0" 200 3309 "http://www.xiaoshiseo.com/thread-23-1-1.html" "Mozilla/5.0 (Windows NT 5.1) AppleWebKit/537.36 (KHTML, like Gecko) Chrome/31.0.1650.63 Safari/537.36" "120.84.223.5"
61.240.144.35 - - [30/Oct/2015:09:46:36 +0800] "GET /static/image/common/thread-next.png HTTP/1.0" 200 999 "http://www.xiaoshiseo.com/thread-23-1-1.html" "Mozilla/5.0 (Windows NT 5.1) AppleWebKit/537.36 (KHTML, like Gecko) Chrome/31.0.1650.63 Safari/537.36" "120.84.223.5"
61.240.144.39 - - [30/Oct/2015:09:46:36 +0800] "GET /static/image/common/print.png HTTP/1.0" 200 1015 "http://www.xiaoshiseo.com/thread-23-1-1.html" "Mozilla/5.0 (Windows NT 5.1) AppleWebKit/537.36 (KHTML, like Gecko) Chrome/31.0.1650.63 Safari/537.36" "120.84.223.5"
61.240.144.34 - - [30/Oct/2015:09:46:36 +0800] "GET /data/attachment/common/16/common_6_verify_icon.jpg HTTP/1.0" 200 2249 "http://www.xiaoshiseo.com/thread-23-1-1.html" "Mozilla/5.0 (Windows NT 5.1) AppleWebKit/537.36 (KHTML, like Gecko) Chrome/31.0.1650.63 Safari/537.36" "120.84.223.5"
61.240.144.40 - - [30/Oct/2015:09:46:36 +0800] "GET /static/image/common/forumlink.gif HTTP/1.0" 200 170 "http://www.xiaoshiseo.com/thread-23-1-1.html" "Mozilla/5.0 (Windows NT 5.1) AppleWebKit/537.36 (KHTML, like Gecko) Chrome/31.0.1650.63 Safari/537.36" "120.84.223.5"
61.240.144.40 - - [30/Oct/2015:09:46:36 +0800] "GET /static/image/common/thread-prev.png HTTP/1.0" 200 1007 "http://www.xiaoshiseo.com/thread-23-1-1.html" "Mozilla/5.0 (Windows NT 5.1) AppleWebKit/537.36 (KHTML, like Gecko) Chrome/31.0.1650.63 Safari/537.36" "120.84.223.5"
61.240.144.38 - - [30/Oct/2015:09:46:37 +0800] "GET /static/image/common/userinfo.gif HTTP/1.0" 200 248 "http://www.xiaoshiseo.com/thread-23-1-1.html" "Mozilla/5.0 (Windows NT 5.1) AppleWebKit/537.36 (KHTML, like Gecko) Chrome/31.0.1650.63 Safari/537.36" "120.84.223.5"
61.240.144.36 - - [30/Oct/2015:09:46:37 +0800] "GET /data/cache/seditor.js?bZ5 HTTP/1.0" 200 2103 "http://www.xiaoshiseo.com/thread-23-1-1.html" "Mozilla/5.0 (Windows NT 5.1) AppleWebKit/537.36 (KHTML, like Gecko) Chrome/31.0.1650.63 Safari/537.36" "120.84.223.5"
61.240.144.38 - - [30/Oct/2015:09:46:37 +0800] "GET /static/image/common/star_level1.gif HTTP/1.0" 200 547 "http://www.xiaoshiseo.com/thread-23-1-1.html" "Mozilla/5.0 (Windows NT 5.1) AppleWebKit/537.36 (KHTML, like Gecko) Chrome/31.0.1650.63 Safari/537.36" "120.84.223.5"
61.240.144.33 - - [30/Oct/2015:09:46:37 +0800] "GET /static/image/common/star_level3.gif HTTP/1.0" 200 627 "http://www.xiaoshiseo.com/thread-23-1-1.html" "Mozilla/5.0 (Windows NT 5.1) AppleWebKit/537.36 (KHTML, like Gecko) Chrome/31.0.1650.63 Safari/537.36" "120.84.223.5"
61.240.144.19 - - [30/Oct/2015:09:46:37 +0800] "GET /uc_server/avatar.php?uid=1&size=middle HTTP/1.0" 301 0 "http://www.xiaoshiseo.com/thread-23-1-1.html" "Mozilla/5.0 (Windows NT 5.1) AppleWebKit/537.36 (KHTML, like Gecko) Chrome/31.0.1650.63 Safari/537.36" "120.84.223.5"
61.240.144.40 - - [30/Oct/2015:09:46:37 +0800] "GET /static/image/common/fj_btn.png HTTP/1.0" 200 217 "http://www.xiaoshiseo.com/thread-23-1-1.html" "Mozilla/5.0 (Windows NT 5.1) AppleWebKit/537.36 (KHTML, like Gecko) Chrome/31.0.1650.63 Safari/537.36" "120.84.223.5"
61.240.144.35 - - [30/Oct/2015:09:46:37 +0800] "GET /static/image/common/online_admin.gif HTTP/1.0" 200 363 "http://www.xiaoshiseo.com/thread-23-1-1.html" "Mozilla/5.0 (Windows NT 5.1) AppleWebKit/537.36 (KHTML, like Gecko) Chrome/31.0.1650.63 Safari/537.36" "120.84.223.5"
61.240.144.39 - - [30/Oct/2015:09:46:37 +0800] "GET /static/image/common/arw_r.gif HTTP/1.0" 200 65 "http://www.xiaoshiseo.com/thread-23-1-1.html" "Mozilla/5.0 (Windows NT 5.1) AppleWebKit/537.36 (KHTML, like Gecko) Chrome/31.0.1650.63 Safari/537.36" "120.84.223.5"
61.240.144.39 - - [30/Oct/2015:09:46:37 +0800] "GET /static/image/common/qzone.gif HTTP/1.0" 200 2110 "http://www.xiaoshiseo.com/thread-23-1-1.html" "Mozilla/5.0 (Windows NT 5.1) AppleWebKit/537.36 (KHTML, like Gecko) Chrome/31.0.1650.63 Safari/537.36" "120.84.223.5"
61.240.144.40 - - [30/Oct/2015:09:46:37 +0800] "GET /static/image/common/qq_share.png HTTP/1.0" 200 3647 "http://www.xiaoshiseo.com/thread-23-1-1.html" "Mozilla/5.0 (Windows NT 5.1) AppleWebKit/537.36 (KHTML, like Gecko) Chrome/31.0.1650.63 Safari/537.36" "120.84.223.5"
61.240.144.39 - - [30/Oct/2015:09:46:37 +0800] "GET /static/image/common/weibo.png HTTP/1.0" 200 3544 "http://www.xiaoshiseo.com/thread-23-1-1.html" "Mozilla/5.0 (Windows NT 5.1) AppleWebKit/537.36 (KHTML, like Gecko) Chrome/31.0.1650.63 Safari/537.36" "120.84.223.5"
61.240.144.39 - - [30/Oct/2015:09:46:37 +0800] "GET /static/image/common/pengyou.png HTTP/1.0" 200 460 "http://www.xiaoshiseo.com/thread-23-1-1.html" "Mozilla/5.0 (Windows NT 5.1) AppleWebKit/537.36 (KHTML, like Gecko) Chrome/31.0.1650.63 Safari/537.36" "120.84.223.5"
61.240.144.33 - - [30/Oct/2015:09:46:37 +0800] "GET /source/plugin/wechat/image/share.png HTTP/1.0" 200 848 "http://www.xiaoshiseo.com/thread-23-1-1.html" "Mozilla/5.0 (Windows NT 5.1) AppleWebKit/537.36 (KHTML, like Gecko) Chrome/31.0.1650.63 Safari/537.36" "120.84.223.5"
61.240.144.40 - - [30/Oct/2015:09:46:37 +0800] "GET /static/image/common/fav.gif HTTP/1.0" 200 596 "http://www.xiaoshiseo.com/thread-23-1-1.html" "Mozilla/5.0 (Windows NT 5.1) AppleWebKit/537.36 (KHTML, like Gecko) Chrome/31.0.1650.63 Safari/537.36" "120.84.223.5"
61.240.144.35 - - [30/Oct/2015:09:46:37 +0800] "GET /static/image/common/rec_add.gif HTTP/1.0" 200 1603 "http://www.xiaoshiseo.com/thread-23-1-1.html" "Mozilla/5.0 (Windows NT 5.1) AppleWebKit/537.36 (KHTML, like Gecko) Chrome/31.0.1650.63 Safari/537.36" "120.84.223.5"
61.240.144.38 - - [30/Oct/2015:09:46:37 +0800] "GET /uc_server/data/avatar/000/00/00/01_avatar_middle.jpg HTTP/1.0" 200 5513 "http://www.xiaoshiseo.com/thread-23-1-1.html" "Mozilla/5.0 (Windows NT 5.1) AppleWebKit/537.36 (KHTML, like Gecko) Chrome/31.0.1650.63 Safari/537.36" "120.84.223.5"
61.240.144.34 - - [30/Oct/2015:09:46:38 +0800] "GET /static/image/common/rec_subtract.gif HTTP/1.0" 200 1396 "http://www.xiaoshiseo.com/thread-23-1-1.html" "Mozilla/5.0 (Windows NT 5.1) AppleWebKit/537.36 (KHTML, like Gecko) Chrome/31.0.1650.63 Safari/537.36" "120.84.223.5"
61.240.144.19 - - [30/Oct/2015:09:46:38 +0800] "GET /uc_server/avatar.php?uid=5&size=middle HTTP/1.0" 301 0 "http://www.xiaoshiseo.com/thread-23-1-1.html" "Mozilla/5.0 (Windows NT 5.1) AppleWebKit/537.36 (KHTML, like Gecko) Chrome/31.0.1650.63 Safari/537.36" "120.84.223.5"
61.240.144.35 - - [30/Oct/2015:09:46:38 +0800] "GET /static/image/common/star_level2.gif HTTP/1.0" 200 585 "http://www.xiaoshiseo.com/thread-23-1-1.html" "Mozilla/5.0 (Windows NT 5.1) AppleWebKit/537.36 (KHTML, like Gecko) Chrome/31.0.1650.63 Safari/537.36" "120.84.223.5"
61.240.144.34 - - [30/Oct/2015:09:46:38 +0800] "GET /static/image/common/online_member.gif HTTP/1.0" 200 365 "http://www.xiaoshiseo.com/thread-23-1-1.html" "Mozilla/5.0 (Windows NT 5.1) AppleWebKit/537.36 (KHTML, like Gecko) Chrome/31.0.1650.63 Safari/537.36" "120.84.223.5"
61.240.144.35 - - [30/Oct/2015:09:46:38 +0800] "GET /static/image/common/ico_lz.png HTTP/1.0" 200 1049 "http://www.xiaoshiseo.com/thread-23-1-1.html" "Mozilla/5.0 (Windows NT 5.1) AppleWebKit/537.36 (KHTML, like Gecko) Chrome/31.0.1650.63 Safari/537.36" "120.84.223.5"
61.240.144.35 - - [30/Oct/2015:09:46:38 +0800] "GET /static/image/common/qq.gif HTTP/1.0" 200 1012 "http://www.xiaoshiseo.com/thread-23-1-1.html" "Mozilla/5.0 (Windows NT 5.1) AppleWebKit/537.36 (KHTML, like Gecko) Chrome/31.0.1650.63 Safari/537.36" "120.84.223.5"
61.240.144.19 - - [30/Oct/2015:09:46:38 +0800] "GET /uc_server/avatar.php?uid=8&size=middle HTTP/1.0" 301 0 "http://www.xiaoshiseo.com/thread-23-1-1.html" "Mozilla/5.0 (Windows NT 5.1) AppleWebKit/537.36 (KHTML, like Gecko) Chrome/31.0.1650.63 Safari/537.36" "120.84.223.5"
61.240.144.40 - - [30/Oct/2015:09:46:38 +0800] "GET /static//image/common/qq_big.gif HTTP/1.0" 200 1095 "http://www.xiaoshiseo.com/thread-23-1-1.html" "Mozilla/5.0 (Windows NT 5.1) AppleWebKit/537.36 (KHTML, like Gecko) Chrome/31.0.1650.63 Safari/537.36" "120.84.223.5"
61.240.144.38 - - [30/Oct/2015:09:46:38 +0800] "GET /static/image/common/arw_l.gif HTTP/1.0" 200 844 "http://www.xiaoshiseo.com/thread-23-1-1.html" "Mozilla/5.0 (Windows NT 5.1) AppleWebKit/537.36 (KHTML, like Gecko) Chrome/31.0.1650.63 Safari/537.36" "120.84.223.5"
61.240.144.36 - - [30/Oct/2015:09:46:38 +0800] "GET /static/image/common/nosexbg.png HTTP/1.0" 200 1389 "http://www.xiaoshiseo.com/thread-23-1-1.html" "Mozilla/5.0 (Windows NT 5.1) AppleWebKit/537.36 (KHTML, like Gecko) Chrome/31.0.1650.63 Safari/537.36" "120.84.223.5"
61.240.144.38 - - [30/Oct/2015:09:46:38 +0800] "GET /static/image/common/midavt_shadow.gif HTTP/1.0" 200 79 "http://www.xiaoshiseo.com/thread-23-1-1.html" "Mozilla/5.0 (Windows NT 5.1) AppleWebKit/537.36 (KHTML, like Gecko) Chrome/31.0.1650.63 Safari/537.36" "120.84.223.5"
61.240.144.35 - - [30/Oct/2015:09:46:38 +0800] "GET /uc_server/data/avatar/000/00/00/05_avatar_middle.jpg HTTP/1.0" 200 7660 "http://www.xiaoshiseo.com/thread-23-1-1.html" "Mozilla/5.0 (Windows NT 5.1) AppleWebKit/537.36 (KHTML, like Gecko) Chrome/31.0.1650.63 Safari/537.36" "120.84.223.5"
61.240.144.34 - - [30/Oct/2015:09:46:38 +0800] "GET /static/image/common/pmto.gif HTTP/1.0" 200 152 "http://www.xiaoshiseo.com/thread-23-1-1.html" "Mozilla/5.0 (Windows NT 5.1) AppleWebKit/537.36 (KHTML, like Gecko) Chrome/31.0.1650.63 Safari/537.36" "120.84.223.5"
61.240.144.34 - - [30/Oct/2015:09:46:38 +0800] "GET /static/image/common/tag.gif HTTP/1.0" 200 583 "http://www.xiaoshiseo.com/thread-23-1-1.html" "Mozilla/5.0 (Windows NT 5.1) AppleWebKit/537.36 (KHTML, like Gecko) Chrome/31.0.1650.63 Safari/537.36" "120.84.223.5"
61.240.144.34 - - [30/Oct/2015:09:46:39 +0800] "GET /static/image/common/attach_nopermission.png HTTP/1.0" 200 4166 "http://www.xiaoshiseo.com/thread-23-1-1.html" "Mozilla/5.0 (Windows NT 5.1) AppleWebKit/537.36 (KHTML, like Gecko) Chrome/31.0.1650.63 Safari/537.36" "120.84.223.5"
61.240.144.34 - - [30/Oct/2015:09:46:39 +0800] "GET /static/image/common/attach_nopermission_bg.png HTTP/1.0" 200 4840 "http://www.xiaoshiseo.com/thread-23-1-1.html" "Mozilla/5.0 (Windows NT 5.1) AppleWebKit/537.36 (KHTML, like Gecko) Chrome/31.0.1650.63 Safari/537.36" "120.84.223.5"
61.240.144.34 - - [30/Oct/2015:09:46:39 +0800] "GET /uc_server/data/avatar/000/00/00/08_avatar_middle.jpg HTTP/1.0" 200 6236 "http://www.xiaoshiseo.com/thread-23-1-1.html" "Mozilla/5.0 (Windows NT 5.1) AppleWebKit/537.36 (KHTML, like Gecko) Chrome/31.0.1650.63 Safari/537.36" "120.84.223.5"
61.240.144.37 - - [30/Oct/2015:09:46:39 +0800] "GET /static/image/common/share_btn.png HTTP/1.0" 200 476 "http://www.xiaoshiseo.com/thread-23-1-1.html" "Mozilla/5.0 (Windows NT 5.1) AppleWebKit/537.36 (KHTML, like Gecko) Chrome/31.0.1650.63 Safari/537.36" "120.84.223.5"
61.240.144.38 - - [30/Oct/2015:09:46:39 +0800] "GET /static/image/common/ad.gif HTTP/1.0" 200 997 "http://www.xiaoshiseo.com/thread-23-1-1.html" "Mozilla/5.0 (Windows NT 5.1) AppleWebKit/537.36 (KHTML, like Gecko) Chrome/31.0.1650.63 Safari/537.36" "120.84.223.5"
61.240.144.36 - - [30/Oct/2015:09:46:39 +0800] "GET /static/image/common/fastreply.gif HTTP/1.0" 200 608 "http://www.xiaoshiseo.com/thread-23-1-1.html" "Mozilla/5.0 (Windows NT 5.1) AppleWebKit/537.36 (KHTML, like Gecko) Chrome/31.0.1650.63 Safari/537.36" "120.84.223.5"
61.240.144.33 - - [30/Oct/2015:09:46:39 +0800] "GET /static/image/common/ico_jdt.png HTTP/1.0" 200 849 "http://www.xiaoshiseo.com/thread-23-1-1.html" "Mozilla/5.0 (Windows NT 5.1) AppleWebKit/537.36 (KHTML, like Gecko) Chrome/31.0.1650.63 Safari/537.36" "120.84.223.5"
61.240.144.34 - - [30/Oct/2015:09:46:39 +0800] "GET /static/image/common/arrwd.gif HTTP/1.0" 200 51 "http://www.xiaoshiseo.com/thread-23-1-1.html" "Mozilla/5.0 (Windows NT 5.1) AppleWebKit/537.36 (KHTML, like Gecko) Chrome/31.0.1650.63 Safari/537.36" "120.84.223.5"
61.240.144.36 - - [30/Oct/2015:09:46:39 +0800] "GET /static/image/common/icon_quote_s.gif HTTP/1.0" 200 298 "http://www.xiaoshiseo.com/thread-23-1-1.html" "Mozilla/5.0 (Windows NT 5.1) AppleWebKit/537.36 (KHTML, like Gecko) Chrome/31.0.1650.63 Safari/537.36" "120.84.223.5"
61.240.144.39 - - [30/Oct/2015:09:46:39 +0800] "GET /static/image/common/icon_quote_e.gif HTTP/1.0" 200 287 "http://www.xiaoshiseo.com/thread-23-1-1.html" "Mozilla/5.0 (Windows NT 5.1) AppleWebKit/537.36 (KHTML, like Gecko) Chrome/31.0.1650.63 Safari/537.36" "120.84.223.5"
61.240.144.36 - - [30/Oct/2015:09:46:39 +0800] "GET /static/image/common/pt_item.png HTTP/1.0" 200 3598 "http://www.xiaoshiseo.com/thread-23-1-1.html" "Mozilla/5.0 (Windows NT 5.1) AppleWebKit/537.36 (KHTML, like Gecko) Chrome/31.0.1650.63 Safari/537.36" "120.84.223.5"
61.240.144.38 - - [30/Oct/2015:09:46:39 +0800] "GET /static/image/editor/editor.gif HTTP/1.0" 200 13832 "http://www.xiaoshiseo.com/thread-23-1-1.html" "Mozilla/5.0 (Windows NT 5.1) AppleWebKit/537.36 (KHTML, like Gecko) Chrome/31.0.1650.63 Safari/537.36" "120.84.223.5"
61.240.144.19 - - [30/Oct/2015:09:46:39 +0800] "GET /plugin.php?id=wechat:qrcode&tid=23&qrsize=2&access=yes HTTP/1.0" 200 473 "http://www.xiaoshiseo.com/thread-23-1-1.html" "Mozilla/5.0 (Windows NT 5.1) AppleWebKit/537.36 (KHTML, like Gecko) Chrome/31.0.1650.63 Safari/537.36" "120.84.223.5"
125.88.189.22 - - [30/Oct/2015:09:48:18 +0800] "GET /forum.php?mod=viewthread&tid=88 HTTP/1.0" 200 38491 "-" "Mozilla/4.0 (compatible; MSIE 6.0; Windows NT 5.1; SV1)" "146.185.234.48"
125.88.189.22 - - [30/Oct/2015:09:48:22 +0800] "GET /home.php?mod=space&uid=1&do=thread&type=reply&view=me&from=space HTTP/1.0" 200 13172 "-" "Mozilla/4.0 (compatible; MSIE 6.0; Windows NT 5.1; SV1)" "146.185.234.48"
125.88.189.22 - - [30/Oct/2015:09:48:26 +0800] "GET /forum.php?mod=misc&action=recommend&do=add&tid=88&hash=0acdbdf2 HTTP/1.0" 200 13484 "-" "Mozilla/4.0 (compatible; MSIE 6.0; Windows NT 5.1; SV1)" "146.185.234.48"
125.88.189.22 - - [30/Oct/2015:09:48:29 +0800] "GET /forum.php?mod=post&action=reply&fid=56&tid=88&reppost=155&extra=&page=1 HTTP/1.0" 200 13514 "-" "Mozilla/4.0 (compatible; MSIE 6.0; Windows NT 5.1; SV1)" "146.185.234.48"
125.88.189.22 - - [30/Oct/2015:09:48:34 +0800] "GET /forum.php?mod=post&action=reply&fid=56&tid=88 HTTP/1.0" 200 13478 "-" "Mozilla/4.0 (compatible; MSIE 6.0; Windows NT 5.1; SV1)" "146.185.234.48"
125.88.189.22 - - [30/Oct/2015:09:48:36 +0800] "GET /forum.php?mod=post&action=reply&fid=56&tid=88&extra=&page=1 HTTP/1.0" 200 13498 "-" "Mozilla/4.0 (compatible; MSIE 6.0; Windows NT 5.1; SV1)" "146.185.234.48"
125.88.189.22 - - [30/Oct/2015:09:48:38 +0800] "GET /member.php?mod=register HTTP/1.0" 200 19055 "-" "Mozilla/4.0 (compatible; MSIE 6.0; Windows NT 5.1; SV1)" "146.185.234.48"
125.88.189.22 - - [30/Oct/2015:09:48:43 +0800] "POST /member.php?mod=register HTTP/1.0" 200 13048 "http://www.xiaoshiseo.com/member.php?mod=register" "Mozilla/4.0 (compatible; MSIE 6.0; Windows NT 5.1; SV1)" "146.185.234.48"
202.102.85.21 - - [30/Oct/2015:09:52:01 +0800] "GET / HTTP/1.0" 200 36083 "-" "cloud monitor service of wangzhan.360.cn" "61.160.224.33"
61.160.224.35 - - [30/Oct/2015:09:52:01 +0800] "GET http://www.xiaoshiseo.com/ HTTP/1.1" 200 36096 "-" "cloud monitor service of wangzhan.360.cn" "-"
221.204.14.21 - - [30/Oct/2015:09:52:51 +0800] "GET / HTTP/1.0" 200 36083 "-" "cloud monitor service of wangzhan.360.cn" "221.204.197.11"
221.204.197.11 - - [30/Oct/2015:09:52:55 +0800] "GET http://www.xiaoshiseo.com/ HTTP/1.1" 200 36096 "-" "cloud monitor service of wangzhan.360.cn" "-"
125.88.189.22 - - [30/Oct/2015:09:56:52 +0800] "GET /forum.php?mod=viewthread&tid=86 HTTP/1.0" 200 44765 "-" "Mozilla/4.0 (compatible; MSIE 6.0; Windows NT 5.1; SV1)" "146.185.234.48"
202.102.85.21 - - [30/Oct/2015:09:59:54 +0800] "GET / HTTP/1.0" 200 35952 "-" "cloud monitor service of wangzhan.360.cn" "61.160.224.33"
61.160.224.35 - - [30/Oct/2015:09:59:54 +0800] "GET http://www.xiaoshiseo.com/ HTTP/1.1" 200 36096 "-" "cloud monitor service of wangzhan.360.cn" "-"
125.88.189.22 - - [30/Oct/2015:10:05:24 +0800] "GET /forum.php?mod=viewthread&tid=20 HTTP/1.0" 200 38174 "-" "Mozilla/4.0 (compatible; MSIE 6.0; Windows NT 5.1; SV1)" "146.185.234.48"
221.204.14.21 - - [30/Oct/2015:10:05:25 +0800] "GET / HTTP/1.0" 200 36083 "-" "cloud monitor service of wangzhan.360.cn" "221.204.197.11"
221.204.197.11 - - [30/Oct/2015:10:05:26 +0800] "GET http://www.xiaoshiseo.com/ HTTP/1.1" 200 36096 "-" "cloud monitor service of wangzhan.360.cn" "-"
125.88.189.22 - - [30/Oct/2015:10:05:32 +0800] "GET /home.php?mod=space&uid=1&do=thread&type=reply&view=me&from=space HTTP/1.0" 200 13172 "-" "Mozilla/4.0 (compatible; MSIE 6.0; Windows NT 5.1; SV1)" "146.185.234.48"
125.88.189.22 - - [30/Oct/2015:10:05:34 +0800] "GET /forum.php?mod=misc&action=recommend&do=add&tid=20&hash=fa8f9cc8 HTTP/1.0" 200 13484 "-" "Mozilla/4.0 (compatible; MSIE 6.0; Windows NT 5.1; SV1)" "146.185.234.48"
125.88.189.22 - - [30/Oct/2015:10:05:36 +0800] "GET /forum.php?mod=post&action=reply&fid=37&tid=20&reppost=26&extra=&page=1 HTTP/1.0" 200 13510 "-" "Mozilla/4.0 (compatible; MSIE 6.0; Windows NT 5.1; SV1)" "146.185.234.48"
125.88.189.22 - - [30/Oct/2015:10:05:37 +0800] "GET /forum.php?mod=post&action=reply&fid=37&tid=20 HTTP/1.0" 200 13478 "-" "Mozilla/4.0 (compatible; MSIE 6.0; Windows NT 5.1; SV1)" "146.185.234.48"
125.88.189.22 - - [30/Oct/2015:10:05:40 +0800] "GET /forum.php?mod=post&action=reply&fid=37&tid=20&extra=&page=1 HTTP/1.0" 200 13498 "-" "Mozilla/4.0 (compatible; MSIE 6.0; Windows NT 5.1; SV1)" "146.185.234.48"
125.88.189.22 - - [30/Oct/2015:10:05:46 +0800] "GET /member.php?mod=register HTTP/1.0" 200 19055 "-" "Mozilla/4.0 (compatible; MSIE 6.0; Windows NT 5.1; SV1)" "146.185.234.48"
125.88.189.22 - - [30/Oct/2015:10:05:47 +0800] "POST /member.php?mod=register HTTP/1.0" 200 13048 "http://www.xiaoshiseo.com/member.php?mod=register" "Mozilla/4.0 (compatible; MSIE 6.0; Windows NT 5.1; SV1)" "146.185.234.48"
61.160.224.33 - - [30/Oct/2015:10:09:03 +0800] "GET http://www.xiaoshiseo.com/ HTTP/1.1" 200 36096 "-" "cloud monitor service of wangzhan.360.cn" "-"
202.102.85.19 - - [30/Oct/2015:10:09:03 +0800] "GET / HTTP/1.0" 200 36083 "-" "cloud monitor service of wangzhan.360.cn" "61.160.224.35"
221.204.14.22 - - [30/Oct/2015:10:10:22 +0800] "GET / HTTP/1.0" 301 178 "-" "Mozilla/5.0 (compatible; Baiduspider/2.0; +http://www.baidu.com/search/spider.html)" "123.125.71.82"
183.136.133.29 - - [30/Oct/2015:10:10:22 +0800] "GET / HTTP/1.0" 200 8740 "-" "Mozilla/5.0 (compatible; Baiduspider/2.0; +http://www.baidu.com/search/spider.html)" "123.125.71.92"
125.88.189.19 - - [30/Oct/2015:10:10:36 +0800] "GET /forum.php?mod=forumdisplay&fid=48&filter=digest&digest=1 HTTP/1.0" 200 7380 "-" "Mozilla/5.0 (compatible; Yahoo! Slurp; http://help.yahoo.com/help/us/ysearch/slurp)" "68.180.228.27"
221.204.14.21 - - [30/Oct/2015:10:16:21 +0800] "GET / HTTP/1.0" 200 35952 "-" "cloud monitor service of wangzhan.360.cn" "221.204.197.11"
221.204.197.11 - - [30/Oct/2015:10:16:22 +0800] "GET http://www.xiaoshiseo.com/ HTTP/1.1" 200 36096 "-" "cloud monitor service of wangzhan.360.cn" "-"
222.73.144.32 - - [30/Oct/2015:10:16:47 +0800] "GET / HTTP/1.0" 200 36083 "-" "cloud monitor service of wangzhan.360.cn" "61.160.224.34"
61.160.224.33 - - [30/Oct/2015:10:16:47 +0800] "GET http://www.xiaoshiseo.com/ HTTP/1.1" 200 36096 "-" "cloud monitor service of wangzhan.360.cn" "-"
125.88.189.16 - - [30/Oct/2015:10:19:46 +0800] "GET /robots.txt HTTP/1.0" 200 582 "-" "Mozilla/5.0 (compatible; MJ12bot/v1.4.5; http://www.majestic12.co.uk/bot.php?+)" "69.30.210.242"
221.204.14.24 - - [30/Oct/2015:10:20:14 +0800] "GET / HTTP/1.0" 200 8738 "-" "Mozilla/5.0 (Windows NT 6.1; rv:26.0) Gecko/20100101 Firefox/26.0" "123.54.154.58"
221.204.14.24 - - [30/Oct/2015:10:20:14 +0800] "GET /member.php?mod=register HTTP/1.0" 200 6147 "http://www.xiaoshiseo.com/" "Mozilla/5.0 (Windows NT 6.1; rv:26.0) Gecko/20100101 Firefox/26.0" "123.54.154.58"
125.88.189.22 - - [30/Oct/2015:10:23:28 +0800] "GET /forum.php?mod=viewthread&tid=20 HTTP/1.0" 200 38174 "-" "Mozilla/4.0 (compatible; MSIE 6.0; Windows NT 5.1; SV1)" "146.185.234.48"
125.88.189.22 - - [30/Oct/2015:10:23:31 +0800] "GET /home.php?mod=space&uid=1&do=thread&type=reply&view=me&from=space HTTP/1.0" 200 13172 "-" "Mozilla/4.0 (compatible; MSIE 6.0; Windows NT 5.1; SV1)" "146.185.234.48"
125.88.189.22 - - [30/Oct/2015:10:23:37 +0800] "GET /forum.php?mod=misc&action=recommend&do=add&tid=20&hash=2389f21f HTTP/1.0" 200 13484 "-" "Mozilla/4.0 (compatible; MSIE 6.0; Windows NT 5.1; SV1)" "146.185.234.48"
125.88.189.22 - - [30/Oct/2015:10:23:38 +0800] "GET /forum.php?mod=post&action=reply&fid=37&tid=20&reppost=26&extra=&page=1 HTTP/1.0" 200 13510 "-" "Mozilla/4.0 (compatible; MSIE 6.0; Windows NT 5.1; SV1)" "146.185.234.48"
125.88.189.22 - - [30/Oct/2015:10:23:40 +0800] "GET /forum.php?mod=post&action=reply&fid=37&tid=20 HTTP/1.0" 200 13478 "-" "Mozilla/4.0 (compatible; MSIE 6.0; Windows NT 5.1; SV1)" "146.185.234.48"
125.88.189.22 - - [30/Oct/2015:10:23:43 +0800] "GET /forum.php?mod=post&action=reply&fid=37&tid=20&extra=&page=1 HTTP/1.0" 200 13498 "-" "Mozilla/4.0 (compatible; MSIE 6.0; Windows NT 5.1; SV1)" "146.185.234.48"
125.88.189.22 - - [30/Oct/2015:10:23:44 +0800] "GET /member.php?mod=register HTTP/1.0" 200 19055 "-" "Mozilla/4.0 (compatible; MSIE 6.0; Windows NT 5.1; SV1)" "146.185.234.48"
125.88.189.22 - - [30/Oct/2015:10:23:50 +0800] "POST /member.php?mod=register HTTP/1.0" 200 13048 "http://www.xiaoshiseo.com/member.php?mod=register" "Mozilla/4.0 (compatible; MSIE 6.0; Windows NT 5.1; SV1)" "146.185.234.48"
202.102.85.18 - - [30/Oct/2015:10:25:51 +0800] "GET / HTTP/1.0" 200 36083 "-" "cloud monitor service of wangzhan.360.cn" "61.160.224.36"
61.160.224.35 - - [30/Oct/2015:10:25:51 +0800] "GET http://www.xiaoshiseo.com/ HTTP/1.1" 200 36096 "-" "cloud monitor service of wangzhan.360.cn" "-"
221.204.14.22 - - [30/Oct/2015:10:27:40 +0800] "GET / HTTP/1.0" 200 8738 "-" "Mozilla/5.0 (compatible; Baiduspider/2.0; +http://www.baidu.com/search/spider.html)" "220.181.108.184"
221.204.14.24 - - [30/Oct/2015:10:29:24 +0800] "GET / HTTP/1.0" 200 8738 "-" "Mozilla/5.0 (Windows NT 6.1; rv:26.0) Gecko/20100101 Firefox/26.0" "123.54.154.58"
221.204.14.24 - - [30/Oct/2015:10:29:25 +0800] "GET /member.php?mod=register HTTP/1.0" 200 6144 "http://www.xiaoshiseo.com/" "Mozilla/5.0 (Windows NT 6.1; rv:26.0) Gecko/20100101 Firefox/26.0" "123.54.154.58"
221.204.14.21 - - [30/Oct/2015:10:30:17 +0800] "GET / HTTP/1.0" 200 36083 "-" "cloud monitor service of wangzhan.360.cn" "221.204.197.11"
221.204.197.11 - - [30/Oct/2015:10:30:18 +0800] "GET http://www.xiaoshiseo.com/ HTTP/1.1" 200 36096 "-" "cloud monitor service of wangzhan.360.cn" "-"
202.102.85.19 - - [30/Oct/2015:10:30:21 +0800] "GET / HTTP/1.0" 200 36083 "http://www.xiaoshiseo.com" "Mozilla/4.0 (compatible; MSIE 9.0; Windows NT 6.1)" "222.186.3.75"
202.102.85.19 - - [30/Oct/2015:10:30:26 +0800] "GET /plus/mytag_js.php HTTP/1.0" 404 215 "http://www.xiaoshiseo.com/plus/mytag_js.php" "Mozilla/4.0 (compatible; MSIE 9.0; Windows NT 6.1)" "222.186.3.75"
202.102.85.19 - - [30/Oct/2015:10:30:28 +0800] "GET /utility/convert/index.php?a=config&source=d7.2_x2.0 HTTP/1.0" 404 223 "http://www.xiaoshiseo.com/utility/convert/index.php?a=config&source=d7.2_x2.0" "Mozilla/4.0 (compatible; MSIE 9.0; Windows NT 6.1)" "222.186.3.75"
125.88.189.22 - - [30/Oct/2015:10:31:36 +0800] "GET /thread-13-1-1.html HTTP/1.0" 200 63886 "-" "Mozilla/4.0 (compatible; MSIE 6.0; Windows NT 5.1; SV1)" "146.185.234.48"
