125.88.189.22 - - [30/Oct/2015:06:48:48 +0800] "GET /home.php?mod=space&uid=1&do=thread&type=reply&view=me&from=space HTTP/1.0" 200 13172 "-" "Mozilla/4.0 (compatible; MSIE 6.0; Windows NT 5.1; SV1)" "146.185.234.48"
125.88.189.22 - - [30/Oct/2015:06:48:54 +0800] "GET /forum.php?mod=misc&action=recommend&do=add&tid=86&hash=a2273492 HTTP/1.0" 200 13484 "-" "Mozilla/4.0 (compatible; MSIE 6.0; Windows NT 5.1; SV1)" "146.185.234.48"
125.88.189.22 - - [30/Oct/2015:06:48:55 +0800] "GET /forum.php?mod=post&action=reply&fid=41&tid=86&reppost=153&extra=&page=1 HTTP/1.0" 200 13514 "-" "Mozilla/4.0 (compatible; MSIE 6.0; Windows NT 5.1; SV1)" "146.185.234.48"
183.136.133.43 - - [30/Oct/2015:06:49:05 +0800] "GET /thread-86-1-1.html HTTP/1.0" 200 11280 "-" "Sogou web spider/4.0(+http://www.sogou.com/docs/help/webmasters.htm#07)" "106.38.241.147"
125.88.189.22 - - [30/Oct/2015:06:49:07 +0800] "GET /home.php?mod=space&uid=17&do=thread&type=reply&view=me&from=space HTTP/1.0" 200 13177 "-" "Mozilla/4.0 (compatible; MSIE 6.0; Windows NT 5.1; SV1)" "146.185.234.48"
125.88.189.22 - - [30/Oct/2015:06:49:13 +0800] "GET /forum.php?mod=redirect&goto=findpost&ptid=86&pid=228 HTTP/1.0" 301 0 "-" "Mozilla/4.0 (compatible; MSIE 6.0; Windows NT 5.1; SV1)" "146.185.234.48"
125.88.189.22 - - [30/Oct/2015:06:49:16 +0800] "GET /forum.php?mod=viewthread&tid=86&page=1 HTTP/1.0" 200 44799 "-" "Mozilla/4.0 (compatible; MSIE 6.0; Windows NT 5.1; SV1)" "146.185.234.48"
125.88.189.11 - - [30/Oct/2015:06:49:38 +0800] "GET / HTTP/1.0" 200 8694 "-" "Mozilla/5.0" "42.62.36.71"
183.136.133.43 - - [30/Oct/2015:06:49:47 +0800] "GET /forum.php?mod=viewthread&tid=23 HTTP/1.0" 200 12177 "-" "Sogou web spider/4.0(+http://www.sogou.com/docs/help/webmasters.htm#07)" "106.38.241.147"
125.88.189.22 - - [30/Oct/2015:06:49:48 +0800] "GET /forum.php?mod=post&action=reply&fid=41&tid=86&repquote=228&extra=&page=1 HTTP/1.0" 200 13514 "-" "Mozilla/4.0 (compatible; MSIE 6.0; Windows NT 5.1; SV1)" "146.185.234.48"
125.88.189.22 - - [30/Oct/2015:06:49:53 +0800] "GET /forum.php?mod=misc&action=postreview&do=support&tid=86&pid=228&hash=a2273492 HTTP/1.0" 200 13500 "-" "Mozilla/4.0 (compatible; MSIE 6.0; Windows NT 5.1; SV1)" "146.185.234.48"
125.88.189.22 - - [30/Oct/2015:06:49:59 +0800] "GET /forum.php?mod=misc&action=postreview&do=against&tid=86&pid=228&hash=a2273492 HTTP/1.0" 200 13500 "-" "Mozilla/4.0 (compatible; MSIE 6.0; Windows NT 5.1; SV1)" "146.185.234.48"
125.88.189.22 - - [30/Oct/2015:06:50:02 +0800] "GET /forum.php?mod=post&action=reply&fid=41&tid=86&repquote=228&extra=&page=1 HTTP/1.0" 499 0 "-" "Mozilla/4.0 (compatible; MSIE 6.0; Windows NT 5.1; SV1)" "146.185.234.48"
183.136.133.43 - - [30/Oct/2015:06:50:23 +0800] "GET /forum.php?mod=viewthread&tid=26 HTTP/1.0" 200 10789 "-" "Sogou web spider/4.0(+http://www.sogou.com/docs/help/webmasters.htm#07)" "106.38.241.147"
183.136.133.43 - - [30/Oct/2015:06:50:50 +0800] "GET /thread-24-1-1.html HTTP/1.0" 200 10433 "-" "Sogou web spider/4.0(+http://www.sogou.com/docs/help/webmasters.htm#07)" "106.38.241.147"
125.88.189.15 - - [30/Oct/2015:06:51:05 +0800] "GET /thread-90-1-1.html HTTP/1.0" 200 11286 "-" "Mozilla/5.0 (compatible; AhrefsBot/5.0; +http://ahrefs.com/robot/)" "188.165.15.211"
183.136.133.43 - - [30/Oct/2015:06:51:24 +0800] "GET /thread-33-1-1.html HTTP/1.0" 200 9851 "-" "Sogou web spider/4.0(+http://www.sogou.com/docs/help/webmasters.htm#07)" "106.38.241.147"
183.136.133.43 - - [30/Oct/2015:06:51:58 +0800] "GET /thread-32-1-1.html HTTP/1.0" 200 10449 "-" "Sogou web spider/4.0(+http://www.sogou.com/docs/help/webmasters.htm#07)" "106.38.241.147"
183.136.133.43 - - [30/Oct/2015:06:52:24 +0800] "GET /forum.php?mod=viewthread&tid=37 HTTP/1.0" 200 10772 "-" "Sogou web spider/4.0(+http://www.sogou.com/docs/help/webmasters.htm#07)" "106.38.241.147"
222.73.144.28 - - [30/Oct/2015:06:52:37 +0800] "GET / HTTP/1.0" 200 8741 "http://www.xiaoshiseo.com" "Mozilla/5.0 (Windows NT 6.1; WOW64; rv:34.0) Gecko/20100101 Firefox/34.0" "183.141.66.182"
222.73.144.28 - - [30/Oct/2015:06:52:44 +0800] "GET / HTTP/1.0" 200 8741 "http://www.xiaoshiseo.com" "Mozilla/5.0 (Windows NT 6.1; WOW64; rv:34.0) Gecko/20100101 Firefox/34.0" "183.141.66.182"
222.73.144.28 - - [30/Oct/2015:06:52:48 +0800] "POST /member.php?mod=logging&action=login&loginsubmit=yes&infloat=yes&lssubmit=yes HTTP/1.0" 200 11393 "http://www.xiaoshiseo.com" "Mozilla/5.0 (Windows NT 6.1; WOW64; rv:34.0) Gecko/20100101 Firefox/34.0" "183.141.66.182"
222.73.144.28 - - [30/Oct/2015:06:52:53 +0800] "GET / HTTP/1.0" 200 8741 "http://www.xiaoshiseo.com" "Mozilla/5.0 (Windows NT 6.1; WOW64; rv:34.0) Gecko/20100101 Firefox/34.0" "183.141.66.182"
183.136.133.43 - - [30/Oct/2015:06:52:54 +0800] "GET /thread-64-1-1.html HTTP/1.0" 200 11176 "-" "Sogou web spider/4.0(+http://www.sogou.com/docs/help/webmasters.htm#07)" "106.38.241.147"
222.73.144.28 - - [30/Oct/2015:06:52:57 +0800] "GET / HTTP/1.0" 200 36083 "http://www.xiaoshiseo.com/member.php?mod=logging&action=login&loginsubmit=yes&infloat=yes&lssubmit=yes" "Mozilla/5.0 (Windows NT 6.1; WOW64; rv:34.0) Gecko/20100101 Firefox/34.0" "183.141.66.182"
183.136.133.43 - - [30/Oct/2015:06:53:28 +0800] "GET /forum.php?mod=viewthread&tid=105 HTTP/1.0" 200 9988 "-" "Sogou web spider/4.0(+http://www.sogou.com/docs/help/webmasters.htm#07)" "106.38.241.147"
183.136.133.43 - - [30/Oct/2015:06:54:00 +0800] "GET /thread-60-1-1.html HTTP/1.0" 200 10345 "-" "Sogou web spider/4.0(+http://www.sogou.com/docs/help/webmasters.htm#07)" "106.38.241.147"
183.136.133.43 - - [30/Oct/2015:06:54:32 +0800] "GET /thread-49-1-1.html HTTP/1.0" 200 9557 "-" "Sogou web spider/4.0(+http://www.sogou.com/docs/help/webmasters.htm#07)" "106.38.241.147"
183.136.133.43 - - [30/Oct/2015:06:55:01 +0800] "GET /thread-44-1-1.html HTTP/1.0" 200 9894 "-" "Sogou web spider/4.0(+http://www.sogou.com/docs/help/webmasters.htm#07)" "106.38.241.147"
183.136.133.43 - - [30/Oct/2015:06:55:34 +0800] "GET /forum.php?mod=viewthread&tid=13 HTTP/1.0" 200 12894 "-" "Sogou web spider/4.0(+http://www.sogou.com/docs/help/webmasters.htm#07)" "106.38.241.147"
183.136.133.43 - - [30/Oct/2015:06:55:58 +0800] "GET /thread-61-1-1.html HTTP/1.0" 200 10606 "-" "Sogou web spider/4.0(+http://www.sogou.com/docs/help/webmasters.htm#07)" "106.38.241.147"
183.136.133.43 - - [30/Oct/2015:06:56:28 +0800] "GET /thread-47-1-1.html HTTP/1.0" 200 10464 "-" "Sogou web spider/4.0(+http://www.sogou.com/docs/help/webmasters.htm#07)" "106.38.241.147"
183.136.133.43 - - [30/Oct/2015:06:57:04 +0800] "GET /thread-48-1-1.html HTTP/1.0" 200 9982 "-" "Sogou web spider/4.0(+http://www.sogou.com/docs/help/webmasters.htm#07)" "106.38.241.147"
183.136.133.43 - - [30/Oct/2015:06:57:21 +0800] "GET /thread-93-1-1.html HTTP/1.0" 200 10356 "-" "Sogou web spider/4.0(+http://www.sogou.com/docs/help/webmasters.htm#07)" "106.38.241.147"
183.136.133.43 - - [30/Oct/2015:06:57:46 +0800] "GET /thread-3-1-1.html HTTP/1.0" 200 11082 "-" "Sogou web spider/4.0(+http://www.sogou.com/docs/help/webmasters.htm#07)" "106.38.241.147"
125.88.189.22 - - [30/Oct/2015:06:57:54 +0800] "GET /thread-13-1-1.html HTTP/1.0" 200 63886 "-" "Mozilla/4.0 (compatible; MSIE 6.0; Windows NT 5.1; SV1)" "146.185.234.48"
125.88.189.22 - - [30/Oct/2015:06:57:55 +0800] "GET /home.php?mod=space&uid=1&do=thread&type=reply&view=me&from=space HTTP/1.0" 200 13172 "-" "Mozilla/4.0 (compatible; MSIE 6.0; Windows NT 5.1; SV1)" "146.185.234.48"
125.88.189.22 - - [30/Oct/2015:06:57:56 +0800] "GET /forum.php?mod=misc&action=recommend&do=add&tid=13&hash=4e995420 HTTP/1.0" 200 13484 "-" "Mozilla/4.0 (compatible; MSIE 6.0; Windows NT 5.1; SV1)" "146.185.234.48"
183.136.133.43 - - [30/Oct/2015:06:58:47 +0800] "GET /thread-10-1-1.html HTTP/1.0" 200 10883 "-" "Sogou web spider/4.0(+http://www.sogou.com/docs/help/webmasters.htm#07)" "106.38.241.147"
125.88.189.22 - - [30/Oct/2015:06:59:13 +0800] "GET /forum.php?mod=post&action=reply&fid=56&tid=13&reppost=13&extra=page%3D1&page=1 HTTP/1.0" 200 13522 "-" "Mozilla/4.0 (compatible; MSIE 6.0; Windows NT 5.1; SV1)" "146.185.234.48"
125.88.189.22 - - [30/Oct/2015:06:59:15 +0800] "GET /home.php?mod=space&uid=5&do=thread&type=reply&view=me&from=space HTTP/1.0" 200 13172 "-" "Mozilla/4.0 (compatible; MSIE 6.0; Windows NT 5.1; SV1)" "146.185.234.48"
125.88.189.22 - - [30/Oct/2015:06:59:17 +0800] "GET /forum.php?mod=redirect&goto=findpost&ptid=13&pid=16 HTTP/1.0" 301 0 "-" "Mozilla/4.0 (compatible; MSIE 6.0; Windows NT 5.1; SV1)" "146.185.234.48"
125.88.189.22 - - [30/Oct/2015:06:59:18 +0800] "GET /forum.php?mod=viewthread&tid=13&page=1 HTTP/1.0" 200 63779 "-" "Mozilla/4.0 (compatible; MSIE 6.0; Windows NT 5.1; SV1)" "146.185.234.48"
125.88.189.22 - - [30/Oct/2015:06:59:21 +0800] "GET /forum.php?mod=post&action=reply&fid=56&tid=13&repquote=16&extra=page%3D1&page=1 HTTP/1.0" 200 13522 "-" "Mozilla/4.0 (compatible; MSIE 6.0; Windows NT 5.1; SV1)" "146.185.234.48"
125.88.189.22 - - [30/Oct/2015:06:59:23 +0800] "GET /forum.php?mod=misc&action=postreview&do=support&tid=13&pid=16&hash=4e995420 HTTP/1.0" 200 13500 "-" "Mozilla/4.0 (compatible; MSIE 6.0; Windows NT 5.1; SV1)" "146.185.234.48"
125.88.189.22 - - [30/Oct/2015:06:59:30 +0800] "GET /forum.php?mod=misc&action=postreview&do=against&tid=13&pid=16&hash=4e995420 HTTP/1.0" 200 13500 "-" "Mozilla/4.0 (compatible; MSIE 6.0; Windows NT 5.1; SV1)" "146.185.234.48"
183.136.133.43 - - [30/Oct/2015:06:59:37 +0800] "GET /thread-53-1-1.html HTTP/1.0" 200 9687 "-" "Sogou web spider/4.0(+http://www.sogou.com/docs/help/webmasters.htm#07)" "106.38.241.147"
125.88.189.22 - - [30/Oct/2015:06:59:58 +0800] "GET /home.php?mod=space&uid=8&do=thread&type=reply&view=me&from=space HTTP/1.0" 200 13173 "-" "Mozilla/4.0 (compatible; MSIE 6.0; Windows NT 5.1; SV1)" "146.185.234.48"
125.88.189.22 - - [30/Oct/2015:06:59:59 +0800] "GET /forum.php?mod=redirect&goto=findpost&ptid=13&pid=34 HTTP/1.0" 301 0 "-" "Mozilla/4.0 (compatible; MSIE 6.0; Windows NT 5.1; SV1)" "146.185.234.48"
125.88.189.22 - - [30/Oct/2015:07:00:00 +0800] "GET /forum.php?mod=viewthread&tid=13&page=1 HTTP/1.0" 200 63779 "-" "Mozilla/4.0 (compatible; MSIE 6.0; Windows NT 5.1; SV1)" "146.185.234.48"
183.136.133.43 - - [30/Oct/2015:07:00:00 +0800] "GET /thread-58-1-1.html HTTP/1.0" 200 10085 "-" "Sogou web spider/4.0(+http://www.sogou.com/docs/help/webmasters.htm#07)" "106.38.241.147"
125.88.189.22 - - [30/Oct/2015:07:00:02 +0800] "GET /forum.php?mod=post&action=reply&fid=56&tid=13&repquote=34&extra=page%3D1&page=1 HTTP/1.0" 200 13522 "-" "Mozilla/4.0 (compatible; MSIE 6.0; Windows NT 5.1; SV1)" "146.185.234.48"
125.88.189.22 - - [30/Oct/2015:07:00:03 +0800] "GET /forum.php?mod=misc&action=postreview&do=support&tid=13&pid=34&hash=4e995420 HTTP/1.0" 200 13500 "-" "Mozilla/4.0 (compatible; MSIE 6.0; Windows NT 5.1; SV1)" "146.185.234.48"
125.88.189.22 - - [30/Oct/2015:07:00:08 +0800] "GET /forum.php?mod=misc&action=postreview&do=against&tid=13&pid=34&hash=4e995420 HTTP/1.0" 200 13500 "-" "Mozilla/4.0 (compatible; MSIE 6.0; Windows NT 5.1; SV1)" "146.185.234.48"
125.88.189.22 - - [30/Oct/2015:07:00:11 +0800] "GET /forum.php?mod=redirect&goto=findpost&ptid=13&pid=46 HTTP/1.0" 301 0 "-" "Mozilla/4.0 (compatible; MSIE 6.0; Windows NT 5.1; SV1)" "146.185.234.48"
125.88.189.22 - - [30/Oct/2015:07:00:12 +0800] "GET /forum.php?mod=viewthread&tid=13&page=1 HTTP/1.0" 200 63779 "-" "Mozilla/4.0 (compatible; MSIE 6.0; Windows NT 5.1; SV1)" "146.185.234.48"
125.88.189.22 - - [30/Oct/2015:07:00:14 +0800] "GET /forum.php?mod=post&action=reply&fid=56&tid=13&repquote=46&extra=page%3D1&page=1 HTTP/1.0" 200 13522 "-" "Mozilla/4.0 (compatible; MSIE 6.0; Windows NT 5.1; SV1)" "146.185.234.48"
125.88.189.22 - - [30/Oct/2015:07:00:15 +0800] "GET /forum.php?mod=misc&action=postreview&do=support&tid=13&pid=46&hash=4e995420 HTTP/1.0" 200 13500 "-" "Mozilla/4.0 (compatible; MSIE 6.0; Windows NT 5.1; SV1)" "146.185.234.48"
125.88.189.22 - - [30/Oct/2015:07:00:16 +0800] "GET /forum.php?mod=misc&action=postreview&do=against&tid=13&pid=46&hash=4e995420 HTTP/1.0" 200 13500 "-" "Mozilla/4.0 (compatible; MSIE 6.0; Windows NT 5.1; SV1)" "146.185.234.48"
125.88.189.22 - - [30/Oct/2015:07:00:18 +0800] "GET /forum.php?mod=redirect&goto=findpost&ptid=13&pid=226 HTTP/1.0" 301 0 "-" "Mozilla/4.0 (compatible; MSIE 6.0; Windows NT 5.1; SV1)" "146.185.234.48"
125.88.189.22 - - [30/Oct/2015:07:00:19 +0800] "GET /forum.php?mod=viewthread&tid=13&page=1 HTTP/1.0" 200 63779 "-" "Mozilla/4.0 (compatible; MSIE 6.0; Windows NT 5.1; SV1)" "146.185.234.48"
125.88.189.22 - - [30/Oct/2015:07:00:21 +0800] "GET /forum.php?mod=post&action=reply&fid=56&tid=13&repquote=226&extra=page%3D1&page=1 HTTP/1.0" 200 13526 "-" "Mozilla/4.0 (compatible; MSIE 6.0; Windows NT 5.1; SV1)" "146.185.234.48"
125.88.189.22 - - [30/Oct/2015:07:00:22 +0800] "GET /forum.php?mod=misc&action=postreview&do=support&tid=13&pid=226&hash=4e995420 HTTP/1.0" 200 13500 "-" "Mozilla/4.0 (compatible; MSIE 6.0; Windows NT 5.1; SV1)" "146.185.234.48"
183.136.133.43 - - [30/Oct/2015:07:00:31 +0800] "GET /?p=51 HTTP/1.0" 200 8741 "-" "Sogou web spider/4.0(+http://www.sogou.com/docs/help/webmasters.htm#07)" "106.38.241.147"
183.136.133.43 - - [30/Oct/2015:07:00:55 +0800] "GET /archiver/?tid-5.html HTTP/1.0" 200 1166 "-" "Sogou web spider/4.0(+http://www.sogou.com/docs/help/webmasters.htm#07)" "106.38.241.147"
183.136.133.43 - - [30/Oct/2015:07:01:17 +0800] "GET /forum.php?mod=viewthread&tid=4 HTTP/1.0" 200 10458 "-" "Sogou web spider/4.0(+http://www.sogou.com/docs/help/webmasters.htm#07)" "106.38.241.147"
183.136.133.43 - - [30/Oct/2015:07:01:39 +0800] "GET /forum.php?mod=viewthread&tid=10 HTTP/1.0" 200 10872 "-" "Sogou web spider/4.0(+http://www.sogou.com/docs/help/webmasters.htm#07)" "106.38.241.147"
183.136.133.43 - - [30/Oct/2015:07:02:04 +0800] "GET /forum.php?mod=viewthread&tid=118 HTTP/1.0" 200 9842 "-" "Sogou web spider/4.0(+http://www.sogou.com/docs/help/webmasters.htm#07)" "106.38.241.147"
222.73.144.32 - - [30/Oct/2015:07:02:12 +0800] "GET / HTTP/1.0" 200 36083 "-" "cloud monitor service of wangzhan.360.cn" "61.160.224.34"
61.160.224.34 - - [30/Oct/2015:07:02:12 +0800] "GET http://www.xiaoshiseo.com/ HTTP/1.1" 200 36096 "-" "cloud monitor service of wangzhan.360.cn" "-"
183.136.133.43 - - [30/Oct/2015:07:02:24 +0800] "GET /thread-52-1-1.html HTTP/1.0" 200 10490 "-" "Sogou web spider/4.0(+http://www.sogou.com/docs/help/webmasters.htm#07)" "106.38.241.147"
183.136.133.43 - - [30/Oct/2015:07:02:49 +0800] "GET /thread-45-1-1.html HTTP/1.0" 200 10982 "-" "Sogou web spider/4.0(+http://www.sogou.com/docs/help/webmasters.htm#07)" "106.38.241.147"
183.136.133.43 - - [30/Oct/2015:07:03:15 +0800] "GET /thread-50-1-1.html HTTP/1.0" 200 9616 "-" "Sogou web spider/4.0(+http://www.sogou.com/docs/help/webmasters.htm#07)" "106.38.241.147"
183.136.133.43 - - [30/Oct/2015:07:03:42 +0800] "GET /forum.php?mod=viewthread&tid=50 HTTP/1.0" 200 9607 "-" "Sogou web spider/4.0(+http://www.sogou.com/docs/help/webmasters.htm#07)" "106.38.241.147"
183.136.133.43 - - [30/Oct/2015:07:04:06 +0800] "GET /thread-54-1-1.html HTTP/1.0" 200 10599 "-" "Sogou web spider/4.0(+http://www.sogou.com/docs/help/webmasters.htm#07)" "106.38.241.147"
183.136.133.43 - - [30/Oct/2015:07:04:37 +0800] "GET /thread-59-1-1.html HTTP/1.0" 200 10700 "-" "Sogou web spider/4.0(+http://www.sogou.com/docs/help/webmasters.htm#07)" "106.38.241.147"
183.136.133.43 - - [30/Oct/2015:07:04:58 +0800] "GET /thread-57-1-1.html HTTP/1.0" 200 11569 "-" "Sogou web spider/4.0(+http://www.sogou.com/docs/help/webmasters.htm#07)" "106.38.241.147"
221.204.14.21 - - [30/Oct/2015:07:04:59 +0800] "GET / HTTP/1.0" 200 35952 "-" "cloud monitor service of wangzhan.360.cn" "221.204.197.11"
221.204.197.11 - - [30/Oct/2015:07:05:00 +0800] "GET http://www.xiaoshiseo.com/ HTTP/1.1" 200 36096 "-" "cloud monitor service of wangzhan.360.cn" "-"
125.88.189.17 - - [30/Oct/2015:07:05:13 +0800] "GET / HTTP/1.0" 200 36083 "http://www.domain2008.com/domains/www.xiaoshiseo.com" "Mozilla/5.0 (compatible; MSIE 9.0; Windows NT 6.1; WOW64; Trident/5.0)" "23.92.26.73"
183.136.133.43 - - [30/Oct/2015:07:05:25 +0800] "GET /thread-51-1-1.html HTTP/1.0" 200 10366 "-" "Sogou web spider/4.0(+http://www.sogou.com/docs/help/webmasters.htm#07)" "106.38.241.147"
183.136.133.43 - - [30/Oct/2015:07:05:47 +0800] "GET /thread-4-1-1.html HTTP/1.0" 200 10465 "-" "Sogou web spider/4.0(+http://www.sogou.com/docs/help/webmasters.htm#07)" "106.38.241.147"
183.136.133.43 - - [30/Oct/2015:07:06:11 +0800] "GET /thread-62-1-1.html HTTP/1.0" 200 9879 "-" "Sogou web spider/4.0(+http://www.sogou.com/docs/help/webmasters.htm#07)" "106.38.241.147"
183.136.133.43 - - [30/Oct/2015:07:06:37 +0800] "GET /thread-25-1-1.html HTTP/1.0" 200 12218 "-" "Sogou web spider/4.0(+http://www.sogou.com/docs/help/webmasters.htm#07)" "106.38.241.147"
183.136.133.43 - - [30/Oct/2015:07:06:59 +0800] "GET /thread-26-1-1.html HTTP/1.0" 200 10812 "-" "Sogou web spider/4.0(+http://www.sogou.com/docs/help/webmasters.htm#07)" "106.38.241.147"
125.88.189.22 - - [30/Oct/2015:07:07:02 +0800] "GET /forum.php?mod=viewthread&tid=88 HTTP/1.0" 200 38491 "-" "Mozilla/4.0 (compatible; MSIE 6.0; Windows NT 5.1; SV1)" "146.185.234.48"
125.88.189.22 - - [30/Oct/2015:07:07:09 +0800] "GET /home.php?mod=space&uid=1&do=thread&type=reply&view=me&from=space HTTP/1.0" 200 13172 "-" "Mozilla/4.0 (compatible; MSIE 6.0; Windows NT 5.1; SV1)" "146.185.234.48"
125.88.189.22 - - [30/Oct/2015:07:07:11 +0800] "GET /forum.php?mod=misc&action=recommend&do=add&tid=88&hash=bd083b26 HTTP/1.0" 200 13484 "-" "Mozilla/4.0 (compatible; MSIE 6.0; Windows NT 5.1; SV1)" "146.185.234.48"
125.88.189.22 - - [30/Oct/2015:07:07:14 +0800] "GET /forum.php?mod=post&action=reply&fid=56&tid=88&reppost=155&extra=&page=1 HTTP/1.0" 200 13514 "-" "Mozilla/4.0 (compatible; MSIE 6.0; Windows NT 5.1; SV1)" "146.185.234.48"
125.88.189.22 - - [30/Oct/2015:07:07:19 +0800] "GET /forum.php?mod=post&action=reply&fid=56&tid=88 HTTP/1.0" 200 13478 "-" "Mozilla/4.0 (compatible; MSIE 6.0; Windows NT 5.1; SV1)" "146.185.234.48"
183.136.133.43 - - [30/Oct/2015:07:07:20 +0800] "GET /forum.php?mod=viewthread&tid=27 HTTP/1.0" 200 11820 "-" "Sogou web spider/4.0(+http://www.sogou.com/docs/help/webmasters.htm#07)" "106.38.241.147"
125.88.189.22 - - [30/Oct/2015:07:07:21 +0800] "GET /forum.php?mod=post&action=reply&fid=56&tid=88&extra=&page=1 HTTP/1.0" 200 13498 "-" "Mozilla/4.0 (compatible; MSIE 6.0; Windows NT 5.1; SV1)" "146.185.234.48"
125.88.189.22 - - [30/Oct/2015:07:07:22 +0800] "GET /member.php?mod=register HTTP/1.0" 200 19055 "-" "Mozilla/4.0 (compatible; MSIE 6.0; Windows NT 5.1; SV1)" "146.185.234.48"
125.88.189.22 - - [30/Oct/2015:07:07:27 +0800] "POST /member.php?mod=register HTTP/1.0" 200 13048 "http://www.xiaoshiseo.com/member.php?mod=register" "Mozilla/4.0 (compatible; MSIE 6.0; Windows NT 5.1; SV1)" "146.185.234.48"
183.136.133.43 - - [30/Oct/2015:07:07:42 +0800] "GET /thread-27-1-1.html HTTP/1.0" 200 11828 "-" "Sogou web spider/4.0(+http://www.sogou.com/docs/help/webmasters.htm#07)" "106.38.241.147"
183.136.133.43 - - [30/Oct/2015:07:08:02 +0800] "GET /thread-29-1-1.html HTTP/1.0" 200 12441 "-" "Sogou web spider/4.0(+http://www.sogou.com/docs/help/webmasters.htm#07)" "106.38.241.147"
183.136.133.43 - - [30/Oct/2015:07:08:22 +0800] "GET /thread-121-1-1.html HTTP/1.0" 200 10963 "-" "Sogou web spider/4.0(+http://www.sogou.com/docs/help/webmasters.htm#07)" "106.38.241.147"
183.136.133.43 - - [30/Oct/2015:07:08:50 +0800] "GET /forum-wangzhanyouhua-1.html HTTP/1.0" 200 8783 "-" "Sogou web spider/4.0(+http://www.sogou.com/docs/help/webmasters.htm#07)" "106.38.241.147"
183.136.133.43 - - [30/Oct/2015:07:09:14 +0800] "GET /forum.php HTTP/1.0" 200 8740 "-" "Sogou web spider/4.0(+http://www.sogou.com/docs/help/webmasters.htm#07)" "106.38.241.147"
183.136.133.43 - - [30/Oct/2015:07:09:39 +0800] "GET /forum-seotuiguang-1.html HTTP/1.0" 200 8271 "-" "Sogou web spider/4.0(+http://www.sogou.com/docs/help/webmasters.htm#07)" "106.38.241.147"
202.102.85.20 - - [30/Oct/2015:07:09:44 +0800] "GET / HTTP/1.0" 200 36083 "-" "cloud monitor service of wangzhan.360.cn" "61.160.224.34"
61.160.224.34 - - [30/Oct/2015:07:09:45 +0800] "GET http://www.xiaoshiseo.com/ HTTP/1.1" 200 36096 "-" "cloud monitor service of wangzhan.360.cn" "-"
183.136.133.43 - - [30/Oct/2015:07:10:07 +0800] "GET /thread-126-1-1.html HTTP/1.0" 200 10413 "-" "Sogou web spider/4.0(+http://www.sogou.com/docs/help/webmasters.htm#07)" "106.38.241.147"
183.136.133.28 - - [30/Oct/2015:07:10:21 +0800] "GET / HTTP/1.0" 301 178 "-" "Mozilla/5.0 (compatible; Baiduspider/2.0; +http://www.baidu.com/search/spider.html)" "123.125.71.21"
183.136.133.41 - - [30/Oct/2015:07:10:21 +0800] "GET / HTTP/1.0" 200 8740 "-" "Mozilla/5.0 (compatible; Baiduspider/2.0; +http://www.baidu.com/search/spider.html)" "123.125.71.47"
183.136.133.43 - - [30/Oct/2015:07:10:30 +0800] "GET /thread-89-1-1.html HTTP/1.0" 200 10191 "-" "Sogou web spider/4.0(+http://www.sogou.com/docs/help/webmasters.htm#07)" "106.38.241.147"
183.136.133.43 - - [30/Oct/2015:07:10:56 +0800] "GET /forum.php?mod=viewthread&tid=90 HTTP/1.0" 200 11412 "-" "Sogou web spider/4.0(+http://www.sogou.com/docs/help/webmasters.htm#07)" "106.38.241.147"
183.136.133.43 - - [30/Oct/2015:07:11:21 +0800] "GET /forum.php?mod=viewthread&tid=91 HTTP/1.0" 200 10670 "-" "Sogou web spider/4.0(+http://www.sogou.com/docs/help/webmasters.htm#07)" "106.38.241.147"
183.136.133.43 - - [30/Oct/2015:07:11:42 +0800] "GET /forum.php?mod=viewthread&tid=95 HTTP/1.0" 200 10094 "-" "Sogou web spider/4.0(+http://www.sogou.com/docs/help/webmasters.htm#07)" "106.38.241.147"
183.136.133.43 - - [30/Oct/2015:07:11:52 +0800] "GET /thread-116-1-1.html HTTP/1.0" 200 9538 "-" "Sogou web spider/4.0(+http://www.sogou.com/docs/help/webmasters.htm#07)" "106.38.241.147"
183.136.133.43 - - [30/Oct/2015:07:12:02 +0800] "GET /thread-95-1-1.html HTTP/1.0" 200 10106 "-" "Sogou web spider/4.0(+http://www.sogou.com/docs/help/webmasters.htm#07)" "106.38.241.147"
183.136.133.43 - - [30/Oct/2015:07:12:13 +0800] "GET /forum.php?mod=viewthread&tid=113 HTTP/1.0" 200 9887 "-" "Sogou web spider/4.0(+http://www.sogou.com/docs/help/webmasters.htm#07)" "106.38.241.147"
183.136.133.43 - - [30/Oct/2015:07:12:23 +0800] "GET /forum.php?mod=viewthread&tid=89 HTTP/1.0" 200 10181 "-" "Sogou web spider/4.0(+http://www.sogou.com/docs/help/webmasters.htm#07)" "106.38.241.147"
183.136.133.43 - - [30/Oct/2015:07:12:34 +0800] "GET /thread-11-1-1.html HTTP/1.0" 200 11284 "-" "Sogou web spider/4.0(+http://www.sogou.com/docs/help/webmasters.htm#07)" "106.38.241.147"
183.136.133.43 - - [30/Oct/2015:07:12:45 +0800] "GET /thread-120-1-1.html HTTP/1.0" 200 10351 "-" "Sogou web spider/4.0(+http://www.sogou.com/docs/help/webmasters.htm#07)" "106.38.241.147"
183.136.133.43 - - [30/Oct/2015:07:12:55 +0800] "GET /thread-101-1-1.html HTTP/1.0" 200 10534 "-" "Sogou web spider/4.0(+http://www.sogou.com/docs/help/webmasters.htm#07)" "106.38.241.147"
125.88.189.22 - - [30/Oct/2015:07:16:25 +0800] "GET /thread-13-1-1.html HTTP/1.0" 200 63886 "-" "Mozilla/4.0 (compatible; MSIE 6.0; Windows NT 5.1; SV1)" "146.185.234.48"
125.88.189.22 - - [30/Oct/2015:07:16:28 +0800] "GET /home.php?mod=space&uid=1&do=thread&type=reply&view=me&from=space HTTP/1.0" 200 13172 "-" "Mozilla/4.0 (compatible; MSIE 6.0; Windows NT 5.1; SV1)" "146.185.234.48"
125.88.189.22 - - [30/Oct/2015:07:16:32 +0800] "GET /forum.php?mod=misc&action=recommend&do=add&tid=13&hash=ed5e9246 HTTP/1.0" 200 13484 "-" "Mozilla/4.0 (compatible; MSIE 6.0; Windows NT 5.1; SV1)" "146.185.234.48"
125.88.189.22 - - [30/Oct/2015:07:16:33 +0800] "GET /forum.php?mod=post&action=reply&fid=56&tid=13&reppost=13&extra=page%3D1&page=1 HTTP/1.0" 200 13522 "-" "Mozilla/4.0 (compatible; MSIE 6.0; Windows NT 5.1; SV1)" "146.185.234.48"
125.88.189.22 - - [30/Oct/2015:07:16:37 +0800] "GET /home.php?mod=space&uid=5&do=thread&type=reply&view=me&from=space HTTP/1.0" 200 13173 "-" "Mozilla/4.0 (compatible; MSIE 6.0; Windows NT 5.1; SV1)" "146.185.234.48"
125.88.189.22 - - [30/Oct/2015:07:16:38 +0800] "GET /forum.php?mod=redirect&goto=findpost&ptid=13&pid=16 HTTP/1.0" 301 0 "-" "Mozilla/4.0 (compatible; MSIE 6.0; Windows NT 5.1; SV1)" "146.185.234.48"
125.88.189.22 - - [30/Oct/2015:07:16:39 +0800] "GET /forum.php?mod=viewthread&tid=13&page=1 HTTP/1.0" 200 63779 "-" "Mozilla/4.0 (compatible; MSIE 6.0; Windows NT 5.1; SV1)" "146.185.234.48"
125.88.189.22 - - [30/Oct/2015:07:16:45 +0800] "GET /forum.php?mod=post&action=reply&fid=56&tid=13&repquote=16&extra=page%3D1&page=1 HTTP/1.0" 200 13522 "-" "Mozilla/4.0 (compatible; MSIE 6.0; Windows NT 5.1; SV1)" "146.185.234.48"
125.88.189.22 - - [30/Oct/2015:07:16:46 +0800] "GET /forum.php?mod=misc&action=postreview&do=support&tid=13&pid=16&hash=ed5e9246 HTTP/1.0" 200 13500 "-" "Mozilla/4.0 (compatible; MSIE 6.0; Windows NT 5.1; SV1)" "146.185.234.48"
202.102.85.21 - - [30/Oct/2015:07:16:48 +0800] "GET / HTTP/1.0" 200 36083 "-" "cloud monitor service of wangzhan.360.cn" "61.160.224.33"
61.160.224.33 - - [30/Oct/2015:07:16:48 +0800] "GET http://www.xiaoshiseo.com/ HTTP/1.1" 200 36096 "-" "cloud monitor service of wangzhan.360.cn" "-"
125.88.189.22 - - [30/Oct/2015:07:16:49 +0800] "GET /forum.php?mod=misc&action=postreview&do=against&tid=13&pid=16&hash=ed5e9246 HTTP/1.0" 200 13500 "-" "Mozilla/4.0 (compatible; MSIE 6.0; Windows NT 5.1; SV1)" "146.185.234.48"
125.88.189.22 - - [30/Oct/2015:07:16:55 +0800] "GET /home.php?mod=space&uid=8&do=thread&type=reply&view=me&from=space HTTP/1.0" 200 13172 "-" "Mozilla/4.0 (compatible; MSIE 6.0; Windows NT 5.1; SV1)" "146.185.234.48"
125.88.189.22 - - [30/Oct/2015:07:16:56 +0800] "GET /forum.php?mod=redirect&goto=findpost&ptid=13&pid=34 HTTP/1.0" 301 0 "-" "Mozilla/4.0 (compatible; MSIE 6.0; Windows NT 5.1; SV1)" "146.185.234.48"
125.88.189.22 - - [30/Oct/2015:07:16:57 +0800] "GET /forum.php?mod=viewthread&tid=13&page=1 HTTP/1.0" 200 63779 "-" "Mozilla/4.0 (compatible; MSIE 6.0; Windows NT 5.1; SV1)" "146.185.234.48"
125.88.189.22 - - [30/Oct/2015:07:16:59 +0800] "GET /forum.php?mod=post&action=reply&fid=56&tid=13&repquote=34&extra=page%3D1&page=1 HTTP/1.0" 200 13522 "-" "Mozilla/4.0 (compatible; MSIE 6.0; Windows NT 5.1; SV1)" "146.185.234.48"
125.88.189.22 - - [30/Oct/2015:07:17:01 +0800] "GET /forum.php?mod=misc&action=postreview&do=support&tid=13&pid=34&hash=ed5e9246 HTTP/1.0" 200 13500 "-" "Mozilla/4.0 (compatible; MSIE 6.0; Windows NT 5.1; SV1)" "146.185.234.48"
125.88.189.22 - - [30/Oct/2015:07:17:02 +0800] "GET /forum.php?mod=misc&action=postreview&do=against&tid=13&pid=34&hash=ed5e9246 HTTP/1.0" 200 13500 "-" "Mozilla/4.0 (compatible; MSIE 6.0; Windows NT 5.1; SV1)" "146.185.234.48"
125.88.189.22 - - [30/Oct/2015:07:17:04 +0800] "GET /forum.php?mod=redirect&goto=findpost&ptid=13&pid=46 HTTP/1.0" 301 0 "-" "Mozilla/4.0 (compatible; MSIE 6.0; Windows NT 5.1; SV1)" "146.185.234.48"
125.88.189.22 - - [30/Oct/2015:07:17:05 +0800] "GET /forum.php?mod=viewthread&tid=13&page=1 HTTP/1.0" 200 63779 "-" "Mozilla/4.0 (compatible; MSIE 6.0; Windows NT 5.1; SV1)" "146.185.234.48"
125.88.189.22 - - [30/Oct/2015:07:17:07 +0800] "GET /forum.php?mod=post&action=reply&fid=56&tid=13&repquote=46&extra=page%3D1&page=1 HTTP/1.0" 200 13522 "-" "Mozilla/4.0 (compatible; MSIE 6.0; Windows NT 5.1; SV1)" "146.185.234.48"
125.88.189.22 - - [30/Oct/2015:07:17:10 +0800] "GET /forum.php?mod=misc&action=postreview&do=support&tid=13&pid=46&hash=ed5e9246 HTTP/1.0" 200 13500 "-" "Mozilla/4.0 (compatible; MSIE 6.0; Windows NT 5.1; SV1)" "146.185.234.48"
125.88.189.22 - - [30/Oct/2015:07:17:12 +0800] "GET /forum.php?mod=misc&action=postreview&do=against&tid=13&pid=46&hash=ed5e9246 HTTP/1.0" 200 13500 "-" "Mozilla/4.0 (compatible; MSIE 6.0; Windows NT 5.1; SV1)" "146.185.234.48"
125.88.189.22 - - [30/Oct/2015:07:17:14 +0800] "GET /forum.php?mod=redirect&goto=findpost&ptid=13&pid=226 HTTP/1.0" 301 0 "-" "Mozilla/4.0 (compatible; MSIE 6.0; Windows NT 5.1; SV1)" "146.185.234.48"
125.88.189.22 - - [30/Oct/2015:07:17:15 +0800] "GET /forum.php?mod=viewthread&tid=13&page=1 HTTP/1.0" 200 63779 "-" "Mozilla/4.0 (compatible; MSIE 6.0; Windows NT 5.1; SV1)" "146.185.234.48"
125.88.189.22 - - [30/Oct/2015:07:17:17 +0800] "GET /forum.php?mod=post&action=reply&fid=56&tid=13&repquote=226&extra=page%3D1&page=1 HTTP/1.0" 200 13526 "-" "Mozilla/4.0 (compatible; MSIE 6.0; Windows NT 5.1; SV1)" "146.185.234.48"
125.88.189.22 - - [30/Oct/2015:07:17:19 +0800] "GET /forum.php?mod=misc&action=postreview&do=support&tid=13&pid=226&hash=ed5e9246 HTTP/1.0" 200 13500 "-" "Mozilla/4.0 (compatible; MSIE 6.0; Windows NT 5.1; SV1)" "146.185.234.48"
221.204.14.21 - - [30/Oct/2015:07:17:44 +0800] "GET / HTTP/1.0" 200 36083 "-" "cloud monitor service of wangzhan.360.cn" "221.204.197.11"
221.204.197.11 - - [30/Oct/2015:07:17:44 +0800] "GET http://www.xiaoshiseo.com/ HTTP/1.1" 200 36096 "-" "cloud monitor service of wangzhan.360.cn" "-"
202.102.85.19 - - [30/Oct/2015:07:23:56 +0800] "GET / HTTP/1.0" 200 35952 "-" "cloud monitor service of wangzhan.360.cn" "61.160.224.35"
61.160.224.34 - - [30/Oct/2015:07:23:56 +0800] "GET http://www.xiaoshiseo.com/ HTTP/1.1" 200 36096 "-" "cloud monitor service of wangzhan.360.cn" "-"
125.88.189.22 - - [30/Oct/2015:07:25:26 +0800] "GET / HTTP/1.0" 301 178 "-" "Mozilla/5.0 (Windows NT 6.2; WOW64) AppleWebKit/535.11 (KHTML, like Gecko) Chrome/17.0.963.65 Safari/535.11" "109.195.228.208"
125.88.189.22 - - [30/Oct/2015:07:25:31 +0800] "GET / HTTP/1.0" 200 8739 "-" "Mozilla/5.0 (Windows NT 6.2; WOW64) AppleWebKit/535.11 (KHTML, like Gecko) Chrome/17.0.963.65 Safari/535.11" "109.195.228.208"
125.88.189.22 - - [30/Oct/2015:07:26:06 +0800] "GET /forum.php?mod=viewthread&tid=86 HTTP/1.0" 200 44765 "-" "Mozilla/4.0 (compatible; MSIE 6.0; Windows NT 5.1; SV1)" "146.185.234.48"
125.88.189.22 - - [30/Oct/2015:07:26:08 +0800] "GET /home.php?mod=space&uid=1&do=thread&type=reply&view=me&from=space HTTP/1.0" 200 13172 "-" "Mozilla/4.0 (compatible; MSIE 6.0; Windows NT 5.1; SV1)" "146.185.234.48"
125.88.189.22 - - [30/Oct/2015:07:26:10 +0800] "GET /forum.php?mod=misc&action=recommend&do=add&tid=86&hash=de630716 HTTP/1.0" 200 13484 "-" "Mozilla/4.0 (compatible; MSIE 6.0; Windows NT 5.1; SV1)" "146.185.234.48"
125.88.189.22 - - [30/Oct/2015:07:26:12 +0800] "GET /forum.php?mod=post&action=reply&fid=41&tid=86&reppost=153&extra=&page=1 HTTP/1.0" 200 13514 "-" "Mozilla/4.0 (compatible; MSIE 6.0; Windows NT 5.1; SV1)" "146.185.234.48"
125.88.189.22 - - [30/Oct/2015:07:26:14 +0800] "GET /home.php?mod=space&uid=17&do=thread&type=reply&view=me&from=space HTTP/1.0" 200 13176 "-" "Mozilla/4.0 (compatible; MSIE 6.0; Windows NT 5.1; SV1)" "146.185.234.48"
125.88.189.22 - - [30/Oct/2015:07:26:15 +0800] "GET /forum.php?mod=redirect&goto=findpost&ptid=86&pid=228 HTTP/1.0" 301 0 "-" "Mozilla/4.0 (compatible; MSIE 6.0; Windows NT 5.1; SV1)" "146.185.234.48"
125.88.189.22 - - [30/Oct/2015:07:26:16 +0800] "GET /forum.php?mod=viewthread&tid=86&page=1 HTTP/1.0" 200 44799 "-" "Mozilla/4.0 (compatible; MSIE 6.0; Windows NT 5.1; SV1)" "146.185.234.48"
125.88.189.22 - - [30/Oct/2015:07:26:20 +0800] "GET /forum.php?mod=post&action=reply&fid=41&tid=86&repquote=228&extra=&page=1 HTTP/1.0" 200 13514 "-" "Mozilla/4.0 (compatible; MSIE 6.0; Windows NT 5.1; SV1)" "146.185.234.48"
125.88.189.22 - - [30/Oct/2015:07:26:21 +0800] "GET /forum.php?mod=misc&action=postreview&do=support&tid=86&pid=228&hash=de630716 HTTP/1.0" 200 13500 "-" "Mozilla/4.0 (compatible; MSIE 6.0; Windows NT 5.1; SV1)" "146.185.234.48"
125.88.189.22 - - [30/Oct/2015:07:26:25 +0800] "GET /forum.php?mod=misc&action=postreview&do=against&tid=86&pid=228&hash=de630716 HTTP/1.0" 200 13500 "-" "Mozilla/4.0 (compatible; MSIE 6.0; Windows NT 5.1; SV1)" "146.185.234.48"
125.88.189.22 - - [30/Oct/2015:07:26:26 +0800] "GET /forum.php?mod=post&action=reply&fid=41&tid=86 HTTP/1.0" 200 13478 "-" "Mozilla/4.0 (compatible; MSIE 6.0; Windows NT 5.1; SV1)" "146.185.234.48"
125.88.189.22 - - [30/Oct/2015:07:26:28 +0800] "GET /forum.php?mod=post&action=reply&fid=41&tid=86&extra=&page=1 HTTP/1.0" 200 13498 "-" "Mozilla/4.0 (compatible; MSIE 6.0; Windows NT 5.1; SV1)" "146.185.234.48"
125.88.189.22 - - [30/Oct/2015:07:26:29 +0800] "GET /member.php?mod=register HTTP/1.0" 200 19055 "-" "Mozilla/4.0 (compatible; MSIE 6.0; Windows NT 5.1; SV1)" "146.185.234.48"
125.88.189.22 - - [30/Oct/2015:07:26:31 +0800] "POST /member.php?mod=register HTTP/1.0" 200 13048 "http://www.xiaoshiseo.com/member.php?mod=register" "Mozilla/4.0 (compatible; MSIE 6.0; Windows NT 5.1; SV1)" "146.185.234.48"
221.204.14.21 - - [30/Oct/2015:07:30:33 +0800] "GET / HTTP/1.0" 200 36083 "-" "cloud monitor service of wangzhan.360.cn" "221.204.197.11"
221.204.197.11 - - [30/Oct/2015:07:30:34 +0800] "GET http://www.xiaoshiseo.com/ HTTP/1.1" 200 36096 "-" "cloud monitor service of wangzhan.360.cn" "-"
222.73.144.30 - - [30/Oct/2015:07:31:08 +0800] "GET / HTTP/1.0" 200 36083 "-" "cloud monitor service of wangzhan.360.cn" "61.160.224.36"
61.160.224.34 - - [30/Oct/2015:07:31:08 +0800] "GET http://www.xiaoshiseo.com/ HTTP/1.1" 200 36096 "-" "cloud monitor service of wangzhan.360.cn" "-"
125.88.189.20 - - [30/Oct/2015:07:35:00 +0800] "GET /admin.php HTTP/1.0" 200 2768 "-" "-" "113.108.82.22"
125.88.189.20 - - [30/Oct/2015:07:35:07 +0800] "GET /admin.php HTTP/1.0" 200 2768 "-" "-" "113.108.82.22"
125.88.189.20 - - [30/Oct/2015:07:35:13 +0800] "GET /api/google.php?s=083ff5e646b7356716614798383041ba&a=gts HTTP/1.0" 404 212 "-" "-" "113.108.82.22"
125.88.189.20 - - [30/Oct/2015:07:35:17 +0800] "GET /api/google.php?s=4c40a861583f9aa0d693dab6a756ac44&a=gts HTTP/1.0" 404 212 "-" "-" "113.108.82.22"
125.88.189.22 - - [30/Oct/2015:07:35:20 +0800] "GET /forum.php?mod=viewthread&tid=86 HTTP/1.0" 200 44765 "-" "Mozilla/4.0 (compatible; MSIE 6.0; Windows NT 5.1; SV1)" "146.185.234.48"
125.88.189.20 - - [30/Oct/2015:07:35:23 +0800] "GET /misc.php?mod=stat&op=trend&xml=1&type=all&primarybegin=2015-09-30&primaryend=2015-10-29&hash=6f23694625c8937df4b2232ab8ab818f&types%5B%5D=login&types%5B%5D=register&types%5B%5D=invite&types%5B%5D=appinvite&types%5B%5D=thread&types%5B%5D=poll&types%5B%5D=activity&types%5B%5D=reward&types%5B%5D=debate&types%5B%5D=trade&types%5B%5D=post&types%5B%5D=group&types%5B%5D=groupthread&types%5B%5D=grouppost&types%5B%5D=doing&types%5B%5D=docomment&types%5B%5D=blog&types%5B%5D=blogcomment&types%5B%5D=pic&types%5B%5D=piccomment&types%5B%5D=share&types%5B%5D=sharecomment&types%5B%5D=wall&types%5B%5D=poke&types%5B%5D=click&types%5B%5D=mobilelogin&types%5B%5D=connectlogin&types%5B%5D=sendpm&types%5B%5D=addfriend&types%5B%5D=friend HTTP/1.0" 200 4337 "-" "-" "113.108.82.22"
125.88.189.20 - - [30/Oct/2015:07:35:27 +0800] "GET /misc.php?mod=stat&op=trend&xml=1&type=all&primarybegin=2015-09-30&primaryend=2015-10-29&hash=054121c00bf0ef77e7db08e23f1b11aa&types%5B%5D=login&types%5B%5D=register&types%5B%5D=invite&types%5B%5D=appinvite&types%5B%5D=thread&types%5B%5D=poll&types%5B%5D=activity&types%5B%5D=reward&types%5B%5D=debate&types%5B%5D=trade&types%5B%5D=post&types%5B%5D=group&types%5B%5D=groupthread&types%5B%5D=grouppost&types%5B%5D=doing&types%5B%5D=docomment&types%5B%5D=blog&types%5B%5D=blogcomment&types%5B%5D=pic&types%5B%5D=piccomment&types%5B%5D=share&types%5B%5D=sharecomment&types%5B%5D=wall&types%5B%5D=poke&types%5B%5D=click&types%5B%5D=mobilelogin&types%5B%5D=connectlogin&types%5B%5D=sendpm&types%5B%5D=addfriend&types%5B%5D=friend HTTP/1.0" 200 13918 "-" "-" "113.108.82.22"
125.88.189.22 - - [30/Oct/2015:07:35:29 +0800] "GET /home.php?mod=space&uid=1&do=thread&type=reply&view=me&from=space HTTP/1.0" 200 13172 "-" "Mozilla/4.0 (compatible; MSIE 6.0; Windows NT 5.1; SV1)" "146.185.234.48"
125.88.189.22 - - [30/Oct/2015:07:35:30 +0800] "GET /forum.php?mod=misc&action=recommend&do=add&tid=86&hash=1cafe973 HTTP/1.0" 200 13484 "-" "Mozilla/4.0 (compatible; MSIE 6.0; Windows NT 5.1; SV1)" "146.185.234.48"
125.88.189.22 - - [30/Oct/2015:07:35:32 +0800] "GET /forum.php?mod=post&action=reply&fid=41&tid=86&reppost=153&extra=&page=1 HTTP/1.0" 200 13514 "-" "Mozilla/4.0 (compatible; MSIE 6.0; Windows NT 5.1; SV1)" "146.185.234.48"
125.88.189.22 - - [30/Oct/2015:07:35:33 +0800] "GET /home.php?mod=space&uid=17&do=thread&type=reply&view=me&from=space HTTP/1.0" 200 13176 "-" "Mozilla/4.0 (compatible; MSIE 6.0; Windows NT 5.1; SV1)" "146.185.234.48"
125.88.189.22 - - [30/Oct/2015:07:35:35 +0800] "GET /forum.php?mod=redirect&goto=findpost&ptid=86&pid=228 HTTP/1.0" 301 0 "-" "Mozilla/4.0 (compatible; MSIE 6.0; Windows NT 5.1; SV1)" "146.185.234.48"
125.88.189.22 - - [30/Oct/2015:07:35:36 +0800] "GET /forum.php?mod=viewthread&tid=86&page=1 HTTP/1.0" 200 44799 "-" "Mozilla/4.0 (compatible; MSIE 6.0; Windows NT 5.1; SV1)" "146.185.234.48"
125.88.189.22 - - [30/Oct/2015:07:35:38 +0800] "GET /forum.php?mod=post&action=reply&fid=41&tid=86&repquote=228&extra=&page=1 HTTP/1.0" 200 13514 "-" "Mozilla/4.0 (compatible; MSIE 6.0; Windows NT 5.1; SV1)" "146.185.234.48"
125.88.189.22 - - [30/Oct/2015:07:35:40 +0800] "GET /forum.php?mod=misc&action=postreview&do=support&tid=86&pid=228&hash=1cafe973 HTTP/1.0" 200 13500 "-" "Mozilla/4.0 (compatible; MSIE 6.0; Windows NT 5.1; SV1)" "146.185.234.48"
125.88.189.22 - - [30/Oct/2015:07:35:43 +0800] "GET /forum.php?mod=misc&action=postreview&do=against&tid=86&pid=228&hash=1cafe973 HTTP/1.0" 200 13500 "-" "Mozilla/4.0 (compatible; MSIE 6.0; Windows NT 5.1; SV1)" "146.185.234.48"
125.88.189.22 - - [30/Oct/2015:07:35:45 +0800] "GET /forum.php?mod=post&action=reply&fid=41&tid=86 HTTP/1.0" 200 13478 "-" "Mozilla/4.0 (compatible; MSIE 6.0; Windows NT 5.1; SV1)" "146.185.234.48"
125.88.189.22 - - [30/Oct/2015:07:35:51 +0800] "GET /forum.php?mod=post&action=reply&fid=41&tid=86&extra=&page=1 HTTP/1.0" 200 13498 "-" "Mozilla/4.0 (compatible; MSIE 6.0; Windows NT 5.1; SV1)" "146.185.234.48"
125.88.189.22 - - [30/Oct/2015:07:35:52 +0800] "GET /member.php?mod=register HTTP/1.0" 200 19055 "-" "Mozilla/4.0 (compatible; MSIE 6.0; Windows NT 5.1; SV1)" "146.185.234.48"
125.88.189.22 - - [30/Oct/2015:07:35:54 +0800] "POST /member.php?mod=register HTTP/1.0" 200 13048 "http://www.xiaoshiseo.com/member.php?mod=register" "Mozilla/4.0 (compatible; MSIE 6.0; Windows NT 5.1; SV1)" "146.185.234.48"
222.73.144.31 - - [30/Oct/2015:07:38:26 +0800] "GET / HTTP/1.0" 200 36083 "-" "cloud monitor service of wangzhan.360.cn" "61.160.224.35"
61.160.224.36 - - [30/Oct/2015:07:38:27 +0800] "GET http://www.xiaoshiseo.com/ HTTP/1.1" 200 36096 "-" "cloud monitor service of wangzhan.360.cn" "-"
222.73.144.32 - - [30/Oct/2015:07:42:22 +0800] "GET /forum.php?digest=1&fid=52&filter=digest&mod=forumdisplay&orderby=lastpost HTTP/1.0" 200 9154 "http://www.xiaoshiseo.com/forum.php?digest=1&fid=52&filter=digest&mod=forumdisplay&orderby=lastpost" "Mozilla/5.0 (Windows NT 6.1) AppleWebKit/537.1 (KHTML, like Gecko) Chrome/21.0.1180.89 Safari/537.1; 360Spider(compatible; HaosouSpider; http://www.haosou.com/help/help_3_2.html)" "101.226.168.210"
222.73.144.30 - - [30/Oct/2015:07:43:35 +0800] "GET /?9 HTTP/1.0" 200 8604 "http://www.xiaoshiseo.com/?9" "Mozilla/5.0 (Windows NT 6.1) AppleWebKit/537.1 (KHTML, like Gecko) Chrome/21.0.1180.89 Safari/537.1; 360Spider(compatible; HaosouSpider; http://www.haosou.com/help/help_3_2.html)" "101.226.168.252"
125.88.189.22 - - [30/Oct/2015:07:43:52 +0800] "GET /thread-13-1-1.html HTTP/1.0" 200 63886 "-" "Mozilla/4.0 (compatible; MSIE 6.0; Windows NT 5.1; SV1)" "146.185.234.48"
222.73.144.31 - - [30/Oct/2015:07:43:53 +0800] "GET /forum.php?digest=1&fid=40&filter=digest&mod=forumdisplay&orderby=views HTTP/1.0" 200 7676 "http://www.xiaoshiseo.com/forum.php?digest=1&fid=40&filter=digest&mod=forumdisplay&orderby=views" "Mozilla/5.0 (Windows NT 6.1) AppleWebKit/537.1 (KHTML, like Gecko) Chrome/21.0.1180.89 Safari/537.1; 360Spider(compatible; HaosouSpider; http://www.haosou.com/help/help_3_2.html)" "101.226.168.251"
125.88.189.22 - - [30/Oct/2015:07:44:17 +0800] "GET /forum.php?mod=misc&action=recommend&do=add&tid=13&hash=4f0cb8ab HTTP/1.0" 200 13484 "-" "Mozilla/4.0 (compatible; MSIE 6.0; Windows NT 5.1; SV1)" "146.185.234.48"
221.204.14.21 - - [30/Oct/2015:07:44:19 +0800] "GET / HTTP/1.0" 200 35749 "-" "cloud monitor service of wangzhan.360.cn" "221.204.197.11"
221.204.197.11 - - [30/Oct/2015:07:44:20 +0800] "GET http://www.xiaoshiseo.com/ HTTP/1.1" 200 35762 "-" "cloud monitor service of wangzhan.360.cn" "-"
125.88.189.22 - - [30/Oct/2015:07:44:23 +0800] "GET /forum.php?mod=post&action=reply&fid=56&tid=13&reppost=13&extra=page%3D1&page=1 HTTP/1.0" 200 13522 "-" "Mozilla/4.0 (compatible; MSIE 6.0; Windows NT 5.1; SV1)" "146.185.234.48"
125.88.189.22 - - [30/Oct/2015:07:44:24 +0800] "GET /home.php?mod=space&uid=5&do=thread&type=reply&view=me&from=space HTTP/1.0" 200 13172 "-" "Mozilla/4.0 (compatible; MSIE 6.0; Windows NT 5.1; SV1)" "146.185.234.48"
125.88.189.22 - - [30/Oct/2015:07:44:28 +0800] "GET /forum.php?mod=redirect&goto=findpost&ptid=13&pid=16 HTTP/1.0" 301 0 "-" "Mozilla/4.0 (compatible; MSIE 6.0; Windows NT 5.1; SV1)" "146.185.234.48"
125.88.189.22 - - [30/Oct/2015:07:44:49 +0800] "GET /forum.php?mod=viewthread&tid=13&page=1 HTTP/1.0" 200 63779 "-" "Mozilla/4.0 (compatible; MSIE 6.0; Windows NT 5.1; SV1)" "146.185.234.48"
125.88.189.22 - - [30/Oct/2015:07:44:57 +0800] "GET /forum.php?mod=post&action=reply&fid=56&tid=13&repquote=16&extra=page%3D1&page=1 HTTP/1.0" 200 13522 "-" "Mozilla/4.0 (compatible; MSIE 6.0; Windows NT 5.1; SV1)" "146.185.234.48"
125.88.189.22 - - [30/Oct/2015:07:45:00 +0800] "GET /forum.php?mod=misc&action=postreview&do=support&tid=13&pid=16&hash=4f0cb8ab HTTP/1.0" 200 13500 "-" "Mozilla/4.0 (compatible; MSIE 6.0; Windows NT 5.1; SV1)" "146.185.234.48"
125.88.189.22 - - [30/Oct/2015:07:45:01 +0800] "GET /forum.php?mod=misc&action=postreview&do=against&tid=13&pid=16&hash=4f0cb8ab HTTP/1.0" 200 13500 "-" "Mozilla/4.0 (compatible; MSIE 6.0; Windows NT 5.1; SV1)" "146.185.234.48"
125.88.189.22 - - [30/Oct/2015:07:45:05 +0800] "GET /home.php?mod=space&uid=8&do=thread&type=reply&view=me&from=space HTTP/1.0" 200 13172 "-" "Mozilla/4.0 (compatible; MSIE 6.0; Windows NT 5.1; SV1)" "146.185.234.48"
125.88.189.22 - - [30/Oct/2015:07:45:08 +0800] "GET /forum.php?mod=redirect&goto=findpost&ptid=13&pid=34 HTTP/1.0" 301 0 "-" "Mozilla/4.0 (compatible; MSIE 6.0; Windows NT 5.1; SV1)" "146.185.234.48"
125.88.189.22 - - [30/Oct/2015:07:45:09 +0800] "GET /forum.php?mod=viewthread&tid=13&page=1 HTTP/1.0" 200 63779 "-" "Mozilla/4.0 (compatible; MSIE 6.0; Windows NT 5.1; SV1)" "146.185.234.48"
125.88.189.22 - - [30/Oct/2015:07:45:11 +0800] "GET /forum.php?mod=post&action=reply&fid=56&tid=13&repquote=34&extra=page%3D1&page=1 HTTP/1.0" 200 13522 "-" "Mozilla/4.0 (compatible; MSIE 6.0; Windows NT 5.1; SV1)" "146.185.234.48"
125.88.189.22 - - [30/Oct/2015:07:45:14 +0800] "GET /forum.php?mod=misc&action=postreview&do=support&tid=13&pid=34&hash=4f0cb8ab HTTP/1.0" 200 13500 "-" "Mozilla/4.0 (compatible; MSIE 6.0; Windows NT 5.1; SV1)" "146.185.234.48"
125.88.189.22 - - [30/Oct/2015:07:45:17 +0800] "GET /forum.php?mod=misc&action=postreview&do=against&tid=13&pid=34&hash=4f0cb8ab HTTP/1.0" 200 13500 "-" "Mozilla/4.0 (compatible; MSIE 6.0; Windows NT 5.1; SV1)" "146.185.234.48"
125.88.189.22 - - [30/Oct/2015:07:45:20 +0800] "GET /forum.php?mod=redirect&goto=findpost&ptid=13&pid=46 HTTP/1.0" 301 0 "-" "Mozilla/4.0 (compatible; MSIE 6.0; Windows NT 5.1; SV1)" "146.185.234.48"
125.88.189.22 - - [30/Oct/2015:07:45:21 +0800] "GET /forum.php?mod=viewthread&tid=13&page=1 HTTP/1.0" 200 63779 "-" "Mozilla/4.0 (compatible; MSIE 6.0; Windows NT 5.1; SV1)" "146.185.234.48"
125.88.189.22 - - [30/Oct/2015:07:45:26 +0800] "GET /forum.php?mod=post&action=reply&fid=56&tid=13&repquote=46&extra=page%3D1&page=1 HTTP/1.0" 200 13522 "-" "Mozilla/4.0 (compatible; MSIE 6.0; Windows NT 5.1; SV1)" "146.185.234.48"
125.88.189.22 - - [30/Oct/2015:07:45:27 +0800] "GET /forum.php?mod=misc&action=postreview&do=support&tid=13&pid=46&hash=4f0cb8ab HTTP/1.0" 200 13500 "-" "Mozilla/4.0 (compatible; MSIE 6.0; Windows NT 5.1; SV1)" "146.185.234.48"
125.88.189.22 - - [30/Oct/2015:07:45:33 +0800] "GET /forum.php?mod=misc&action=postreview&do=against&tid=13&pid=46&hash=4f0cb8ab HTTP/1.0" 200 13500 "-" "Mozilla/4.0 (compatible; MSIE 6.0; Windows NT 5.1; SV1)" "146.185.234.48"
125.88.189.22 - - [30/Oct/2015:07:45:34 +0800] "GET /forum.php?mod=redirect&goto=findpost&ptid=13&pid=226 HTTP/1.0" 301 0 "-" "Mozilla/4.0 (compatible; MSIE 6.0; Windows NT 5.1; SV1)" "146.185.234.48"
125.88.189.22 - - [30/Oct/2015:07:45:35 +0800] "GET /forum.php?mod=viewthread&tid=13&page=1 HTTP/1.0" 200 63779 "-" "Mozilla/4.0 (compatible; MSIE 6.0; Windows NT 5.1; SV1)" "146.185.234.48"
222.73.144.33 - - [30/Oct/2015:07:45:38 +0800] "GET / HTTP/1.0" 200 35749 "-" "cloud monitor service of wangzhan.360.cn" "61.160.224.33"
61.160.224.36 - - [30/Oct/2015:07:45:38 +0800] "GET http://www.xiaoshiseo.com/ HTTP/1.1" 200 35762 "-" "cloud monitor service of wangzhan.360.cn" "-"
125.88.189.22 - - [30/Oct/2015:07:45:41 +0800] "GET /forum.php?mod=post&action=reply&fid=56&tid=13&repquote=226&extra=page%3D1&page=1 HTTP/1.0" 200 13526 "-" "Mozilla/4.0 (compatible; MSIE 6.0; Windows NT 5.1; SV1)" "146.185.234.48"
125.88.189.22 - - [30/Oct/2015:07:45:42 +0800] "GET /forum.php?mod=misc&action=postreview&do=support&tid=13&pid=226&hash=4f0cb8ab HTTP/1.0" 200 13500 "-" "Mozilla/4.0 (compatible; MSIE 6.0; Windows NT 5.1; SV1)" "146.185.234.48"
222.73.144.27 - - [30/Oct/2015:07:47:12 +0800] "GET /forum.php?fid=40&filter=dateline&mod=forumdisplay&orderby=replies HTTP/1.0" 200 7671 "http://www.xiaoshiseo.com/forum.php?fid=40&filter=dateline&mod=forumdisplay&orderby=replies" "Mozilla/5.0 (Windows NT 6.1) AppleWebKit/537.1 (KHTML, like Gecko) Chrome/21.0.1180.89 Safari/537.1; 360Spider(compatible; HaosouSpider; http://www.haosou.com/help/help_3_2.html)" "101.226.169.223"
222.73.144.34 - - [30/Oct/2015:07:48:34 +0800] "GET /forum.php?digest=1&fid=40&filter=digest&mod=forumdisplay&orderby=heats HTTP/1.0" 200 7674 "http://www.xiaoshiseo.com/forum.php?digest=1&fid=40&filter=digest&mod=forumdisplay&orderby=heats" "Mozilla/5.0 (Windows NT 6.1) AppleWebKit/537.1 (KHTML, like Gecko) Chrome/21.0.1180.89 Safari/537.1; 360Spider(compatible; HaosouSpider; http://www.haosou.com/help/help_3_2.html)" "101.226.168.208"
222.73.144.29 - - [30/Oct/2015:07:48:40 +0800] "GET /forum.php?digest=1&fid=56&filter=digest&mod=forumdisplay&orderby=dateline HTTP/1.0" 200 8272 "http://www.xiaoshiseo.com/forum.php?digest=1&fid=56&filter=digest&mod=forumdisplay&orderby=dateline" "Mozilla/5.0 (Windows NT 6.1) AppleWebKit/537.1 (KHTML, like Gecko) Chrome/21.0.1180.89 Safari/537.1; 360Spider(compatible; HaosouSpider; http://www.haosou.com/help/help_3_2.html)" "101.226.167.197"
61.240.144.26 - - [30/Oct/2015:07:49:02 +0800] "GET /forum.php?digest=1&fid=37&filter=digest&mod=forumdisplay&orderby=dateline HTTP/1.0" 200 7615 "http://www.xiaoshiseo.com/forum.php?digest=1&fid=37&filter=digest&mod=forumdisplay&orderby=dateline" "Mozilla/5.0 (compatible; MSIE 9.0; Windows NT 6.1; Trident/5.0); 360Spider(compatible; HaosouSpider; http://www.haosou.com/help/help_3_2.html)" "182.118.20.250"
222.73.144.34 - - [30/Oct/2015:07:49:37 +0800] "GET /forum.php?digest=1&fid=53&filter=digest&mod=forumdisplay&orderby=dateline HTTP/1.0" 200 8344 "http://www.xiaoshiseo.com/forum.php?digest=1&fid=53&filter=digest&mod=forumdisplay&orderby=dateline" "Mozilla/5.0 (Windows NT 6.1) AppleWebKit/537.1 (KHTML, like Gecko) Chrome/21.0.1180.89 Safari/537.1; 360Spider(compatible; HaosouSpider; http://www.haosou.com/help/help_3_2.html)" "101.226.168.232"
125.88.189.22 - - [30/Oct/2015:07:52:34 +0800] "GET /forum.php?mod=viewthread&tid=20 HTTP/1.0" 200 38174 "-" "Mozilla/4.0 (compatible; MSIE 6.0; Windows NT 5.1; SV1)" "146.185.234.48"
222.73.144.30 - - [30/Oct/2015:07:52:43 +0800] "GET / HTTP/1.0" 200 35749 "-" "cloud monitor service of wangzhan.360.cn" "61.160.224.36"
61.160.224.36 - - [30/Oct/2015:07:52:44 +0800] "GET http://www.xiaoshiseo.com/ HTTP/1.1" 200 35762 "-" "cloud monitor service of wangzhan.360.cn" "-"
125.88.189.22 - - [30/Oct/2015:07:52:53 +0800] "GET /home.php?mod=space&uid=1&do=thread&type=reply&view=me&from=space HTTP/1.0" 200 13173 "-" "Mozilla/4.0 (compatible; MSIE 6.0; Windows NT 5.1; SV1)" "146.185.234.48"
125.88.189.22 - - [30/Oct/2015:07:52:56 +0800] "GET /forum.php?mod=misc&action=recommend&do=add&tid=20&hash=a2c050ee HTTP/1.0" 200 13484 "-" "Mozilla/4.0 (compatible; MSIE 6.0; Windows NT 5.1; SV1)" "146.185.234.48"
125.88.189.22 - - [30/Oct/2015:07:53:00 +0800] "GET /forum.php?mod=post&action=reply&fid=37&tid=20&reppost=26&extra=&page=1 HTTP/1.0" 200 13510 "-" "Mozilla/4.0 (compatible; MSIE 6.0; Windows NT 5.1; SV1)" "146.185.234.48"
125.88.189.22 - - [30/Oct/2015:07:53:04 +0800] "GET /forum.php?mod=post&action=reply&fid=37&tid=20 HTTP/1.0" 200 13478 "-" "Mozilla/4.0 (compatible; MSIE 6.0; Windows NT 5.1; SV1)" "146.185.234.48"
125.88.189.22 - - [30/Oct/2015:07:53:06 +0800] "GET /forum.php?mod=post&action=reply&fid=37&tid=20&extra=&page=1 HTTP/1.0" 200 13498 "-" "Mozilla/4.0 (compatible; MSIE 6.0; Windows NT 5.1; SV1)" "146.185.234.48"
125.88.189.22 - - [30/Oct/2015:07:53:07 +0800] "GET /member.php?mod=register HTTP/1.0" 200 19055 "-" "Mozilla/4.0 (compatible; MSIE 6.0; Windows NT 5.1; SV1)" "146.185.234.48"
125.88.189.22 - - [30/Oct/2015:07:53:08 +0800] "POST /member.php?mod=register HTTP/1.0" 200 13048 "http://www.xiaoshiseo.com/member.php?mod=register" "Mozilla/4.0 (compatible; MSIE 6.0; Windows NT 5.1; SV1)" "146.185.234.48"
61.240.144.25 - - [30/Oct/2015:07:53:48 +0800] "GET /forum.php?fid=48&filter=dateline&mod=forumdisplay&orderby=lastpost&page=2 HTTP/1.0" 200 8202 "http://www.xiaoshiseo.com/forum.php?fid=48&filter=dateline&mod=forumdisplay&orderby=lastpost&page=2" "Mozilla/5.0 (compatible; MSIE 9.0; Windows NT 6.1; Trident/5.0); 360Spider(compatible; HaosouSpider; http://www.haosou.com/help/help_3_2.html)" "182.118.21.233"
