125.88.189.22 - - [30/Oct/2015:10:31:39 +0800] "GET /home.php?mod=space&uid=1&do=thread&type=reply&view=me&from=space HTTP/1.0" 200 13172 "-" "Mozilla/4.0 (compatible; MSIE 6.0; Windows NT 5.1; SV1)" "146.185.234.48"
125.88.189.22 - - [30/Oct/2015:10:31:40 +0800] "GET /forum.php?mod=misc&action=recommend&do=add&tid=13&hash=12ec74e1 HTTP/1.0" 200 13484 "-" "Mozilla/4.0 (compatible; MSIE 6.0; Windows NT 5.1; SV1)" "146.185.234.48"
125.88.189.22 - - [30/Oct/2015:10:31:42 +0800] "GET /forum.php?mod=post&action=reply&fid=56&tid=13&reppost=13&extra=page%3D1&page=1 HTTP/1.0" 200 13522 "-" "Mozilla/4.0 (compatible; MSIE 6.0; Windows NT 5.1; SV1)" "146.185.234.48"
125.88.189.22 - - [30/Oct/2015:10:31:45 +0800] "GET /home.php?mod=space&uid=5&do=thread&type=reply&view=me&from=space HTTP/1.0" 200 13172 "-" "Mozilla/4.0 (compatible; MSIE 6.0; Windows NT 5.1; SV1)" "146.185.234.48"
125.88.189.22 - - [30/Oct/2015:10:31:49 +0800] "GET /forum.php?mod=redirect&goto=findpost&ptid=13&pid=16 HTTP/1.0" 301 0 "-" "Mozilla/4.0 (compatible; MSIE 6.0; Windows NT 5.1; SV1)" "146.185.234.48"
125.88.189.22 - - [30/Oct/2015:10:31:50 +0800] "GET /forum.php?mod=viewthread&tid=13&page=1 HTTP/1.0" 200 63779 "-" "Mozilla/4.0 (compatible; MSIE 6.0; Windows NT 5.1; SV1)" "146.185.234.48"
125.88.189.22 - - [30/Oct/2015:10:32:09 +0800] "GET /forum.php?mod=misc&action=postreview&do=support&tid=13&pid=16&hash=12ec74e1 HTTP/1.0" 200 13500 "-" "Mozilla/4.0 (compatible; MSIE 6.0; Windows NT 5.1; SV1)" "146.185.234.48"
125.88.189.22 - - [30/Oct/2015:10:32:51 +0800] "GET /forum.php?mod=misc&action=postreview&do=against&tid=13&pid=16&hash=12ec74e1 HTTP/1.0" 200 13500 "-" "Mozilla/4.0 (compatible; MSIE 6.0; Windows NT 5.1; SV1)" "146.185.234.48"
125.88.189.22 - - [30/Oct/2015:10:32:52 +0800] "GET /home.php?mod=space&uid=8&do=thread&type=reply&view=me&from=space HTTP/1.0" 200 13172 "-" "Mozilla/4.0 (compatible; MSIE 6.0; Windows NT 5.1; SV1)" "146.185.234.48"
125.88.189.22 - - [30/Oct/2015:10:32:56 +0800] "GET /forum.php?mod=redirect&goto=findpost&ptid=13&pid=34 HTTP/1.0" 301 0 "-" "Mozilla/4.0 (compatible; MSIE 6.0; Windows NT 5.1; SV1)" "146.185.234.48"
202.102.85.18 - - [30/Oct/2015:10:33:13 +0800] "GET / HTTP/1.0" 200 35960 "-" "cloud monitor service of wangzhan.360.cn" "61.160.224.36"
61.160.224.35 - - [30/Oct/2015:10:33:16 +0800] "GET http://www.xiaoshiseo.com/ HTTP/1.1" 200 36104 "-" "cloud monitor service of wangzhan.360.cn" "-"
125.88.189.22 - - [30/Oct/2015:10:33:17 +0800] "GET /forum.php?mod=post&action=reply&fid=56&tid=13&repquote=34&extra=page%3D1&page=1 HTTP/1.0" 200 13522 "-" "Mozilla/4.0 (compatible; MSIE 6.0; Windows NT 5.1; SV1)" "146.185.234.48"
125.88.189.22 - - [30/Oct/2015:10:33:28 +0800] "GET /forum.php?mod=misc&action=postreview&do=support&tid=13&pid=34&hash=12ec74e1 HTTP/1.0" 200 13500 "-" "Mozilla/4.0 (compatible; MSIE 6.0; Windows NT 5.1; SV1)" "146.185.234.48"
125.88.189.22 - - [30/Oct/2015:10:33:33 +0800] "GET /forum.php?mod=misc&action=postreview&do=against&tid=13&pid=34&hash=12ec74e1 HTTP/1.0" 200 13500 "-" "Mozilla/4.0 (compatible; MSIE 6.0; Windows NT 5.1; SV1)" "146.185.234.48"
125.88.189.22 - - [30/Oct/2015:10:33:45 +0800] "GET /forum.php?mod=redirect&goto=findpost&ptid=13&pid=46 HTTP/1.0" 301 0 "-" "Mozilla/4.0 (compatible; MSIE 6.0; Windows NT 5.1; SV1)" "146.185.234.48"
125.88.189.22 - - [30/Oct/2015:10:33:47 +0800] "GET /forum.php?mod=viewthread&tid=13&page=1 HTTP/1.0" 200 63779 "-" "Mozilla/4.0 (compatible; MSIE 6.0; Windows NT 5.1; SV1)" "146.185.234.48"
125.88.189.22 - - [30/Oct/2015:10:33:50 +0800] "GET /forum.php?mod=post&action=reply&fid=56&tid=13&repquote=46&extra=page%3D1&page=1 HTTP/1.0" 200 13522 "-" "Mozilla/4.0 (compatible; MSIE 6.0; Windows NT 5.1; SV1)" "146.185.234.48"
125.88.189.22 - - [30/Oct/2015:10:33:53 +0800] "GET /forum.php?mod=misc&action=postreview&do=support&tid=13&pid=46&hash=12ec74e1 HTTP/1.0" 200 13500 "-" "Mozilla/4.0 (compatible; MSIE 6.0; Windows NT 5.1; SV1)" "146.185.234.48"
125.88.189.22 - - [30/Oct/2015:10:33:54 +0800] "GET /forum.php?mod=misc&action=postreview&do=against&tid=13&pid=46&hash=12ec74e1 HTTP/1.0" 200 13500 "-" "Mozilla/4.0 (compatible; MSIE 6.0; Windows NT 5.1; SV1)" "146.185.234.48"
125.88.189.22 - - [30/Oct/2015:10:33:56 +0800] "GET /forum.php?mod=redirect&goto=findpost&ptid=13&pid=226 HTTP/1.0" 301 0 "-" "Mozilla/4.0 (compatible; MSIE 6.0; Windows NT 5.1; SV1)" "146.185.234.48"
125.88.189.22 - - [30/Oct/2015:10:33:58 +0800] "GET /forum.php?mod=viewthread&tid=13&page=1 HTTP/1.0" 200 63779 "-" "Mozilla/4.0 (compatible; MSIE 6.0; Windows NT 5.1; SV1)" "146.185.234.48"
125.88.189.22 - - [30/Oct/2015:10:34:01 +0800] "GET /forum.php?mod=post&action=reply&fid=56&tid=13&repquote=226&extra=page%3D1&page=1 HTTP/1.0" 200 13526 "-" "Mozilla/4.0 (compatible; MSIE 6.0; Windows NT 5.1; SV1)" "146.185.234.48"
125.88.189.16 - - [30/Oct/2015:10:34:51 +0800] "GET /robots.txt HTTP/1.0" 200 582 "-" "Mozilla/5.0 (compatible; MJ12bot/v1.4.5; http://www.majestic12.co.uk/bot.php?+)" "93.219.91.118"
125.88.189.22 - - [30/Oct/2015:10:40:06 +0800] "GET /thread-13-1-1.html HTTP/1.0" 200 63886 "-" "Mozilla/4.0 (compatible; MSIE 6.0; Windows NT 5.1; SV1)" "146.185.234.48"
125.88.189.22 - - [30/Oct/2015:10:40:10 +0800] "GET /home.php?mod=space&uid=1&do=thread&type=reply&view=me&from=space HTTP/1.0" 200 13172 "-" "Mozilla/4.0 (compatible; MSIE 6.0; Windows NT 5.1; SV1)" "146.185.234.48"
125.88.189.22 - - [30/Oct/2015:10:40:20 +0800] "GET /forum.php?mod=misc&action=recommend&do=add&tid=13&hash=123bfc21 HTTP/1.0" 200 13484 "-" "Mozilla/4.0 (compatible; MSIE 6.0; Windows NT 5.1; SV1)" "146.185.234.48"
125.88.189.22 - - [30/Oct/2015:10:40:23 +0800] "GET /forum.php?mod=post&action=reply&fid=56&tid=13&reppost=13&extra=page%3D1&page=1 HTTP/1.0" 200 13522 "-" "Mozilla/4.0 (compatible; MSIE 6.0; Windows NT 5.1; SV1)" "146.185.234.48"
125.88.189.22 - - [30/Oct/2015:10:40:56 +0800] "GET /home.php?mod=space&uid=5&do=thread&type=reply&view=me&from=space HTTP/1.0" 200 13173 "-" "Mozilla/4.0 (compatible; MSIE 6.0; Windows NT 5.1; SV1)" "146.185.234.48"
125.88.189.22 - - [30/Oct/2015:10:41:01 +0800] "GET /forum.php?mod=redirect&goto=findpost&ptid=13&pid=16 HTTP/1.0" 301 0 "-" "Mozilla/4.0 (compatible; MSIE 6.0; Windows NT 5.1; SV1)" "146.185.234.48"
125.88.189.22 - - [30/Oct/2015:10:41:13 +0800] "GET /forum.php?mod=viewthread&tid=13&page=1 HTTP/1.0" 200 63779 "-" "Mozilla/4.0 (compatible; MSIE 6.0; Windows NT 5.1; SV1)" "146.185.234.48"
125.88.189.22 - - [30/Oct/2015:10:41:16 +0800] "GET /forum.php?mod=post&action=reply&fid=56&tid=13&repquote=16&extra=page%3D1&page=1 HTTP/1.0" 200 13522 "-" "Mozilla/4.0 (compatible; MSIE 6.0; Windows NT 5.1; SV1)" "146.185.234.48"
125.88.189.22 - - [30/Oct/2015:10:41:18 +0800] "GET /forum.php?mod=misc&action=postreview&do=support&tid=13&pid=16&hash=123bfc21 HTTP/1.0" 200 13500 "-" "Mozilla/4.0 (compatible; MSIE 6.0; Windows NT 5.1; SV1)" "146.185.234.48"
125.88.189.22 - - [30/Oct/2015:10:41:22 +0800] "GET /forum.php?mod=misc&action=postreview&do=against&tid=13&pid=16&hash=123bfc21 HTTP/1.0" 200 13500 "-" "Mozilla/4.0 (compatible; MSIE 6.0; Windows NT 5.1; SV1)" "146.185.234.48"
125.88.189.22 - - [30/Oct/2015:10:41:23 +0800] "GET /home.php?mod=space&uid=8&do=thread&type=reply&view=me&from=space HTTP/1.0" 200 13172 "-" "Mozilla/4.0 (compatible; MSIE 6.0; Windows NT 5.1; SV1)" "146.185.234.48"
125.88.189.22 - - [30/Oct/2015:10:41:26 +0800] "GET /forum.php?mod=redirect&goto=findpost&ptid=13&pid=34 HTTP/1.0" 301 0 "-" "Mozilla/4.0 (compatible; MSIE 6.0; Windows NT 5.1; SV1)" "146.185.234.48"
125.88.189.22 - - [30/Oct/2015:10:41:28 +0800] "GET /forum.php?mod=viewthread&tid=13&page=1 HTTP/1.0" 200 63779 "-" "Mozilla/4.0 (compatible; MSIE 6.0; Windows NT 5.1; SV1)" "146.185.234.48"
202.102.85.20 - - [30/Oct/2015:10:42:55 +0800] "GET / HTTP/1.0" 200 36091 "-" "cloud monitor service of wangzhan.360.cn" "61.160.224.34"
61.160.224.33 - - [30/Oct/2015:10:42:55 +0800] "GET http://www.xiaoshiseo.com/ HTTP/1.1" 200 36104 "-" "cloud monitor service of wangzhan.360.cn" "-"
221.204.14.21 - - [30/Oct/2015:10:43:22 +0800] "GET / HTTP/1.0" 200 36091 "-" "cloud monitor service of wangzhan.360.cn" "221.204.197.11"
221.204.197.11 - - [30/Oct/2015:10:43:22 +0800] "GET http://www.xiaoshiseo.com/ HTTP/1.1" 200 36104 "-" "cloud monitor service of wangzhan.360.cn" "-"
125.88.189.22 - - [30/Oct/2015:10:48:52 +0800] "GET /forum.php?mod=viewthread&tid=20 HTTP/1.0" 200 38174 "-" "Mozilla/4.0 (compatible; MSIE 6.0; Windows NT 5.1; SV1)" "146.185.234.48"
125.88.189.22 - - [30/Oct/2015:10:49:01 +0800] "GET /home.php?mod=space&uid=1&do=thread&type=reply&view=me&from=space HTTP/1.0" 200 13172 "-" "Mozilla/4.0 (compatible; MSIE 6.0; Windows NT 5.1; SV1)" "146.185.234.48"
125.88.189.22 - - [30/Oct/2015:10:49:04 +0800] "GET /forum.php?mod=misc&action=recommend&do=add&tid=20&hash=22d91895 HTTP/1.0" 200 13484 "-" "Mozilla/4.0 (compatible; MSIE 6.0; Windows NT 5.1; SV1)" "146.185.234.48"
125.88.189.22 - - [30/Oct/2015:10:49:09 +0800] "GET /forum.php?mod=post&action=reply&fid=37&tid=20&reppost=26&extra=&page=1 HTTP/1.0" 200 13510 "-" "Mozilla/4.0 (compatible; MSIE 6.0; Windows NT 5.1; SV1)" "146.185.234.48"
125.88.189.22 - - [30/Oct/2015:10:49:13 +0800] "GET /forum.php?mod=post&action=reply&fid=37&tid=20 HTTP/1.0" 200 13478 "-" "Mozilla/4.0 (compatible; MSIE 6.0; Windows NT 5.1; SV1)" "146.185.234.48"
125.88.189.22 - - [30/Oct/2015:10:49:15 +0800] "GET /forum.php?mod=post&action=reply&fid=37&tid=20&extra=&page=1 HTTP/1.0" 200 13498 "-" "Mozilla/4.0 (compatible; MSIE 6.0; Windows NT 5.1; SV1)" "146.185.234.48"
125.88.189.22 - - [30/Oct/2015:10:49:16 +0800] "GET /member.php?mod=register HTTP/1.0" 200 19055 "-" "Mozilla/4.0 (compatible; MSIE 6.0; Windows NT 5.1; SV1)" "146.185.234.48"
125.88.189.22 - - [30/Oct/2015:10:49:20 +0800] "POST /member.php?mod=register HTTP/1.0" 200 13048 "http://www.xiaoshiseo.com/member.php?mod=register" "Mozilla/4.0 (compatible; MSIE 6.0; Windows NT 5.1; SV1)" "146.185.234.48"
202.102.85.19 - - [30/Oct/2015:10:53:16 +0800] "GET / HTTP/1.0" 200 35960 "-" "cloud monitor service of wangzhan.360.cn" "61.160.224.35"
61.160.224.33 - - [30/Oct/2015:10:53:16 +0800] "GET http://www.xiaoshiseo.com/ HTTP/1.1" 200 36104 "-" "cloud monitor service of wangzhan.360.cn" "-"
125.88.189.22 - - [30/Oct/2015:10:57:51 +0800] "GET /forum.php?mod=viewthread&tid=20 HTTP/1.0" 200 38174 "-" "Mozilla/4.0 (compatible; MSIE 6.0; Windows NT 5.1; SV1)" "146.185.234.48"
125.88.189.22 - - [30/Oct/2015:10:58:00 +0800] "GET /home.php?mod=space&uid=1&do=thread&type=reply&view=me&from=space HTTP/1.0" 200 13172 "-" "Mozilla/4.0 (compatible; MSIE 6.0; Windows NT 5.1; SV1)" "146.185.234.48"
221.204.14.21 - - [30/Oct/2015:10:58:22 +0800] "GET / HTTP/1.0" 200 36091 "-" "cloud monitor service of wangzhan.360.cn" "221.204.197.11"
221.204.197.11 - - [30/Oct/2015:10:58:23 +0800] "GET http://www.xiaoshiseo.com/ HTTP/1.1" 200 36104 "-" "cloud monitor service of wangzhan.360.cn" "-"
125.88.189.22 - - [30/Oct/2015:10:58:58 +0800] "GET /forum.php?mod=misc&action=recommend&do=add&tid=20&hash=5eb2019d HTTP/1.0" 200 13484 "-" "Mozilla/4.0 (compatible; MSIE 6.0; Windows NT 5.1; SV1)" "146.185.234.48"
125.88.189.22 - - [30/Oct/2015:10:59:13 +0800] "GET /forum.php?mod=post&action=reply&fid=37&tid=20&reppost=26&extra=&page=1 HTTP/1.0" 200 13510 "-" "Mozilla/4.0 (compatible; MSIE 6.0; Windows NT 5.1; SV1)" "146.185.234.48"
125.88.189.22 - - [30/Oct/2015:10:59:16 +0800] "GET /forum.php?mod=post&action=reply&fid=37&tid=20 HTTP/1.0" 200 13478 "-" "Mozilla/4.0 (compatible; MSIE 6.0; Windows NT 5.1; SV1)" "146.185.234.48"
125.88.189.22 - - [30/Oct/2015:10:59:19 +0800] "GET /forum.php?mod=post&action=reply&fid=37&tid=20&extra=&page=1 HTTP/1.0" 200 13498 "-" "Mozilla/4.0 (compatible; MSIE 6.0; Windows NT 5.1; SV1)" "146.185.234.48"
125.88.189.22 - - [30/Oct/2015:10:59:22 +0800] "GET /member.php?mod=register HTTP/1.0" 200 19055 "-" "Mozilla/4.0 (compatible; MSIE 6.0; Windows NT 5.1; SV1)" "146.185.234.48"
125.88.189.22 - - [30/Oct/2015:10:59:25 +0800] "POST /member.php?mod=register HTTP/1.0" 200 13048 "http://www.xiaoshiseo.com/member.php?mod=register" "Mozilla/4.0 (compatible; MSIE 6.0; Windows NT 5.1; SV1)" "146.185.234.48"
125.88.189.19 - - [30/Oct/2015:11:02:19 +0800] "GET /robots.txt HTTP/1.0" 200 582 "-" "Mozilla/5.0 (compatible; bingbot/2.0; +http://www.bing.com/bingbot.htm)" "207.46.13.171"
125.88.189.19 - - [30/Oct/2015:11:02:26 +0800] "GET /space-uid-1.html HTTP/1.0" 200 5780 "-" "Mozilla/5.0 (compatible; bingbot/2.0; +http://www.bing.com/bingbot.htm)" "207.46.13.171"
120.52.18.49 - - [30/Oct/2015:11:03:56 +0800] "GET / HTTP/1.0" 200 8760 "https://www.baidu.com/link?url=ri3kY2dDyM0PiGIVTtOhasOkXhb-22KaJOWHmtKsNHWwsCQlkRgNCijjV1s6RNvg&wd=&eqid=e21b6e4f00071018000000035632de14" "Mozilla/5.0 (Windows NT 6.1) AppleWebKit/537.36 (KHTML, like Gecko) Maxthon/4.4.7.1000 Chrome/30.0.1599.101 Safari/537.36" "124.16.0.218"
120.52.18.58 - - [30/Oct/2015:11:03:57 +0800] "GET /data/cache/logging.js?bZ5 HTTP/1.0" 200 390 "http://www.xiaoshiseo.com/" "Mozilla/5.0 (Windows NT 6.1) AppleWebKit/537.36 (KHTML, like Gecko) Maxthon/4.4.7.1000 Chrome/30.0.1599.101 Safari/537.36" "124.16.0.218"
120.52.18.55 - - [30/Oct/2015:11:03:57 +0800] "GET /data/cache/style_1_forum_index.css?bZ5 HTTP/1.0" 200 1334 "http://www.xiaoshiseo.com/" "Mozilla/5.0 (Windows NT 6.1) AppleWebKit/537.36 (KHTML, like Gecko) Maxthon/4.4.7.1000 Chrome/30.0.1599.101 Safari/537.36" "124.16.0.218"
120.52.18.55 - - [30/Oct/2015:11:03:57 +0800] "GET /data/cache/common.js?bZ5 HTTP/1.0" 200 16589 "http://www.xiaoshiseo.com/" "Mozilla/5.0 (Windows NT 6.1) AppleWebKit/537.36 (KHTML, like Gecko) Maxthon/4.4.7.1000 Chrome/30.0.1599.101 Safari/537.36" "124.16.0.218"
120.52.18.60 - - [30/Oct/2015:11:03:57 +0800] "GET /data/cache/md5.js?bZ5 HTTP/1.0" 200 1608 "http://www.xiaoshiseo.com/" "Mozilla/5.0 (Windows NT 6.1) AppleWebKit/537.36 (KHTML, like Gecko) Maxthon/4.4.7.1000 Chrome/30.0.1599.101 Safari/537.36" "124.16.0.218"
222.73.144.31 - - [30/Oct/2015:11:03:57 +0800] "GET / HTTP/1.0" 302 0 "https://www.baidu.com/link?url=ri3kY2dDyM0PiGIVTtOhasOkXhb-22KaJOWHmtKsNHWwsCQlkRgNCijjV1s6RNvg&wd=&eqid=e21b6e4f00071018000000035632de14" "Mozilla/5.0 (Linux; U; Android 4.4.2; zh-cn; GT-I9500 Build/KOT49H) AppleWebKit/537.36 (KHTML, like Gecko)Version/4.0 MQQBrowser/5.0 QQ-Manager Mobile Safari/537.36" "101.226.66.179"
120.52.18.59 - - [30/Oct/2015:11:03:57 +0800] "GET /static/image/common/logo.png HTTP/1.0" 200 7124 "http://www.xiaoshiseo.com/" "Mozilla/5.0 (Windows NT 6.1) AppleWebKit/537.36 (KHTML, like Gecko) Maxthon/4.4.7.1000 Chrome/30.0.1599.101 Safari/537.36" "124.16.0.218"
120.52.18.55 - - [30/Oct/2015:11:03:58 +0800] "GET /static/image/common/qq_login.gif HTTP/1.0" 200 3200 "http://www.xiaoshiseo.com/" "Mozilla/5.0 (Windows NT 6.1) AppleWebKit/537.36 (KHTML, like Gecko) Maxthon/4.4.7.1000 Chrome/30.0.1599.101 Safari/537.36" "124.16.0.218"
120.52.18.60 - - [30/Oct/2015:11:03:58 +0800] "GET /source/plugin/wechat/image/wechat_login.png HTTP/1.0" 200 3501 "http://www.xiaoshiseo.com/" "Mozilla/5.0 (Windows NT 6.1) AppleWebKit/537.36 (KHTML, like Gecko) Maxthon/4.4.7.1000 Chrome/30.0.1599.101 Safari/537.36" "124.16.0.218"
120.52.18.59 - - [30/Oct/2015:11:04:06 +0800] "GET /source/plugin/csu_wx/img/csu_zk.css HTTP/1.0" 200 533 "http://www.xiaoshiseo.com/" "Mozilla/5.0 (Windows NT 6.1) AppleWebKit/537.36 (KHTML, like Gecko) Maxthon/4.4.7.1000 Chrome/30.0.1599.101 Safari/537.36" "124.16.0.218"
120.52.18.55 - - [30/Oct/2015:11:04:06 +0800] "GET /data/cache/style_1_common.css?bZ5 HTTP/1.0" 200 15216 "http://www.xiaoshiseo.com/" "Mozilla/5.0 (Windows NT 6.1) AppleWebKit/537.36 (KHTML, like Gecko) Maxthon/4.4.7.1000 Chrome/30.0.1599.101 Safari/537.36" "124.16.0.218"
120.52.18.55 - - [30/Oct/2015:11:04:06 +0800] "GET /source/plugin/csu_wx/img/wx_jqr.gif HTTP/1.0" 200 1770 "http://www.xiaoshiseo.com/" "Mozilla/5.0 (Windows NT 6.1) AppleWebKit/537.36 (KHTML, like Gecko) Maxthon/4.4.7.1000 Chrome/30.0.1599.101 Safari/537.36" "124.16.0.218"
120.52.18.60 - - [30/Oct/2015:11:04:07 +0800] "GET /data/attachment/block/3f/3f1759545bf6229bae4b5a29ffed4a80.jpg HTTP/1.0" 200 19857 "http://www.xiaoshiseo.com/" "Mozilla/5.0 (Windows NT 6.1) AppleWebKit/537.36 (KHTML, like Gecko) Maxthon/4.4.7.1000 Chrome/30.0.1599.101 Safari/537.36" "124.16.0.218"
120.52.18.59 - - [30/Oct/2015:11:04:07 +0800] "GET /data/attachment/block/78/7856a11ffb0747e90c9b5ee673afb429.jpg HTTP/1.0" 200 29710 "http://www.xiaoshiseo.com/" "Mozilla/5.0 (Windows NT 6.1) AppleWebKit/537.36 (KHTML, like Gecko) Maxthon/4.4.7.1000 Chrome/30.0.1599.101 Safari/537.36" "124.16.0.218"
120.52.18.60 - - [30/Oct/2015:11:04:07 +0800] "GET /source/plugin/blueidea_qqgroup/img/qqgroup.png HTTP/1.0" 200 2081 "http://www.xiaoshiseo.com/" "Mozilla/5.0 (Windows NT 6.1) AppleWebKit/537.36 (KHTML, like Gecko) Maxthon/4.4.7.1000 Chrome/30.0.1599.101 Safari/537.36" "124.16.0.218"
120.52.18.55 - - [30/Oct/2015:11:04:07 +0800] "GET /data/attachment/block/df/df5abc04138958802bb9985d48e8657c.jpg HTTP/1.0" 200 124030 "http://www.xiaoshiseo.com/" "Mozilla/5.0 (Windows NT 6.1) AppleWebKit/537.36 (KHTML, like Gecko) Maxthon/4.4.7.1000 Chrome/30.0.1599.101 Safari/537.36" "124.16.0.218"
120.52.18.59 - - [30/Oct/2015:11:04:08 +0800] "GET /static/image/stamp/006.small.gif HTTP/1.0" 200 1153 "http://www.xiaoshiseo.com/" "Mozilla/5.0 (Windows NT 6.1) AppleWebKit/537.36 (KHTML, like Gecko) Maxthon/4.4.7.1000 Chrome/30.0.1599.101 Safari/537.36" "124.16.0.218"
120.52.18.59 - - [30/Oct/2015:11:04:08 +0800] "GET /static/image/common/collapsed_no.gif HTTP/1.0" 200 275 "http://www.xiaoshiseo.com/" "Mozilla/5.0 (Windows NT 6.1) AppleWebKit/537.36 (KHTML, like Gecko) Maxthon/4.4.7.1000 Chrome/30.0.1599.101 Safari/537.36" "124.16.0.218"
120.52.18.59 - - [30/Oct/2015:11:04:08 +0800] "GET /data/attachment/common/c8/common_2_icon.jpg HTTP/1.0" 200 2163 "http://www.xiaoshiseo.com/" "Mozilla/5.0 (Windows NT 6.1) AppleWebKit/537.36 (KHTML, like Gecko) Maxthon/4.4.7.1000 Chrome/30.0.1599.101 Safari/537.36" "124.16.0.218"
120.52.18.59 - - [30/Oct/2015:11:04:08 +0800] "GET /data/attachment/block/9a/9a2d2feaaf57f3d66a1a97515401a6ca.jpg HTTP/1.0" 200 109197 "http://www.xiaoshiseo.com/" "Mozilla/5.0 (Windows NT 6.1) AppleWebKit/537.36 (KHTML, like Gecko) Maxthon/4.4.7.1000 Chrome/30.0.1599.101 Safari/537.36" "124.16.0.218"
120.52.18.60 - - [30/Oct/2015:11:04:09 +0800] "GET /data/attachment/common/72/common_57_icon.jpg HTTP/1.0" 200 2807 "http://www.xiaoshiseo.com/" "Mozilla/5.0 (Windows NT 6.1) AppleWebKit/537.36 (KHTML, like Gecko) Maxthon/4.4.7.1000 Chrome/30.0.1599.101 Safari/537.36" "124.16.0.218"
120.52.18.58 - - [30/Oct/2015:11:04:09 +0800] "GET /data/attachment/common/d6/common_39_icon.jpg HTTP/1.0" 200 2433 "http://www.xiaoshiseo.com/" "Mozilla/5.0 (Windows NT 6.1) AppleWebKit/537.36 (KHTML, like Gecko) Maxthon/4.4.7.1000 Chrome/30.0.1599.101 Safari/537.36" "124.16.0.218"
120.52.18.60 - - [30/Oct/2015:11:04:09 +0800] "GET /data/attachment/common/d6/common_40_icon.jpg HTTP/1.0" 200 2386 "http://www.xiaoshiseo.com/" "Mozilla/5.0 (Windows NT 6.1) AppleWebKit/537.36 (KHTML, like Gecko) Maxthon/4.4.7.1000 Chrome/30.0.1599.101 Safari/537.36" "124.16.0.218"
120.52.18.59 - - [30/Oct/2015:11:04:09 +0800] "GET /data/attachment/common/34/common_41_icon.jpg HTTP/1.0" 200 1740 "http://www.xiaoshiseo.com/" "Mozilla/5.0 (Windows NT 6.1) AppleWebKit/537.36 (KHTML, like Gecko) Maxthon/4.4.7.1000 Chrome/30.0.1599.101 Safari/537.36" "124.16.0.218"
120.52.18.60 - - [30/Oct/2015:11:04:10 +0800] "GET /data/attachment/common/9a/common_52_icon.jpg HTTP/1.0" 200 3422 "http://www.xiaoshiseo.com/" "Mozilla/5.0 (Windows NT 6.1) AppleWebKit/537.36 (KHTML, like Gecko) Maxthon/4.4.7.1000 Chrome/30.0.1599.101 Safari/537.36" "124.16.0.218"
120.52.18.58 - - [30/Oct/2015:11:04:11 +0800] "GET /data/attachment/common/a6/common_54_icon.jpg HTTP/1.0" 200 2141 "http://www.xiaoshiseo.com/" "Mozilla/5.0 (Windows NT 6.1) AppleWebKit/537.36 (KHTML, like Gecko) Maxthon/4.4.7.1000 Chrome/30.0.1599.101 Safari/537.36" "124.16.0.218"
120.52.18.59 - - [30/Oct/2015:11:04:12 +0800] "GET /data/attachment/common/64/common_48_icon.jpg HTTP/1.0" 200 2501 "http://www.xiaoshiseo.com/" "Mozilla/5.0 (Windows NT 6.1) AppleWebKit/537.36 (KHTML, like Gecko) Maxthon/4.4.7.1000 Chrome/30.0.1599.101 Safari/537.36" "124.16.0.218"
120.52.18.59 - - [30/Oct/2015:11:04:12 +0800] "GET /data/attachment/common/6c/common_45_icon.jpg HTTP/1.0" 200 2389 "http://www.xiaoshiseo.com/" "Mozilla/5.0 (Windows NT 6.1) AppleWebKit/537.36 (KHTML, like Gecko) Maxthon/4.4.7.1000 Chrome/30.0.1599.101 Safari/537.36" "124.16.0.218"
120.52.18.55 - - [30/Oct/2015:11:04:13 +0800] "GET /data/attachment/common/d9/common_46_icon.jpg HTTP/1.0" 200 2697 "http://www.xiaoshiseo.com/" "Mozilla/5.0 (Windows NT 6.1) AppleWebKit/537.36 (KHTML, like Gecko) Maxthon/4.4.7.1000 Chrome/30.0.1599.101 Safari/537.36" "124.16.0.218"
120.52.18.55 - - [30/Oct/2015:11:04:13 +0800] "GET /data/attachment/common/67/common_47_icon.jpg HTTP/1.0" 200 1533 "http://www.xiaoshiseo.com/" "Mozilla/5.0 (Windows NT 6.1) AppleWebKit/537.36 (KHTML, like Gecko) Maxthon/4.4.7.1000 Chrome/30.0.1599.101 Safari/537.36" "124.16.0.218"
120.52.18.60 - - [30/Oct/2015:11:04:15 +0800] "GET /data/cache/forum.js?bZ5 HTTP/1.0" 200 6263 "http://www.xiaoshiseo.com/" "Mozilla/5.0 (Windows NT 6.1) AppleWebKit/537.36 (KHTML, like Gecko) Maxthon/4.4.7.1000 Chrome/30.0.1599.101 Safari/537.36" "124.16.0.218"
120.52.18.60 - - [30/Oct/2015:11:04:15 +0800] "GET /static/image/common/background.png HTTP/1.0" 200 1166 "http://www.xiaoshiseo.com/" "Mozilla/5.0 (Windows NT 6.1) AppleWebKit/537.36 (KHTML, like Gecko) Maxthon/4.4.7.1000 Chrome/30.0.1599.101 Safari/537.36" "124.16.0.218"
120.52.18.59 - - [30/Oct/2015:11:04:15 +0800] "GET /static/image/common/px.png HTTP/1.0" 200 210 "http://www.xiaoshiseo.com/" "Mozilla/5.0 (Windows NT 6.1) AppleWebKit/537.36 (KHTML, like Gecko) Maxthon/4.4.7.1000 Chrome/30.0.1599.101 Safari/537.36" "124.16.0.218"
120.52.18.58 - - [30/Oct/2015:11:04:16 +0800] "GET /data/cache/common_extra.js?bZ5 HTTP/1.0" 200 12459 "http://www.xiaoshiseo.com/" "Mozilla/5.0 (Windows NT 6.1) AppleWebKit/537.36 (KHTML, like Gecko) Maxthon/4.4.7.1000 Chrome/30.0.1599.101 Safari/537.36" "124.16.0.218"
120.52.18.49 - - [30/Oct/2015:11:04:16 +0800] "GET /home.php?mod=misc&ac=sendmail&rand=1446173595 HTTP/1.0" 200 0 "http://www.xiaoshiseo.com/" "Mozilla/5.0 (Windows NT 6.1) AppleWebKit/537.36 (KHTML, like Gecko) Maxthon/4.4.7.1000 Chrome/30.0.1599.101 Safari/537.36" "124.16.0.218"
120.52.18.59 - - [30/Oct/2015:11:04:16 +0800] "GET /static/image/common/pn.png HTTP/1.0" 200 592 "http://www.xiaoshiseo.com/" "Mozilla/5.0 (Windows NT 6.1) AppleWebKit/537.36 (KHTML, like Gecko) Maxthon/4.4.7.1000 Chrome/30.0.1599.101 Safari/537.36" "124.16.0.218"
125.88.189.19 - - [30/Oct/2015:11:04:17 +0800] "GET /home.php?mod=misc&ac=sendmail&rand=1446173595 HTTP/1.0" 200 0 "http://www.xiaoshiseo.com/" "Mozilla/5.0 (Linux; U; Android 4.4.2; zh-cn; GT-I9500 Build/KOT49H) AppleWebKit/537.36 (KHTML, like Gecko)Version/4.0 MQQBrowser/5.0 QQ-Manager Mobile Safari/537.36" "101.226.89.115"
120.52.18.59 - - [30/Oct/2015:11:04:17 +0800] "GET /static/image/common/qmenu.png HTTP/1.0" 200 225 "http://www.xiaoshiseo.com/" "Mozilla/5.0 (Windows NT 6.1) AppleWebKit/537.36 (KHTML, like Gecko) Maxthon/4.4.7.1000 Chrome/30.0.1599.101 Safari/537.36" "124.16.0.218"
120.52.18.58 - - [30/Oct/2015:11:04:17 +0800] "GET /data/attachment/block/1d/1dd7c4987c420b5bb2356417c177541b.jpg HTTP/1.0" 200 51774 "http://www.xiaoshiseo.com/" "Mozilla/5.0 (Windows NT 6.1) AppleWebKit/537.36 (KHTML, like Gecko) Maxthon/4.4.7.1000 Chrome/30.0.1599.101 Safari/537.36" "124.16.0.218"
120.52.18.58 - - [30/Oct/2015:11:04:17 +0800] "GET /static/image/common/nv_a.png HTTP/1.0" 200 2076 "http://www.xiaoshiseo.com/" "Mozilla/5.0 (Windows NT 6.1) AppleWebKit/537.36 (KHTML, like Gecko) Maxthon/4.4.7.1000 Chrome/30.0.1599.101 Safari/537.36" "124.16.0.218"
120.52.18.55 - - [30/Oct/2015:11:04:18 +0800] "GET /static/image/common/search.png HTTP/1.0" 200 1301 "http://www.xiaoshiseo.com/" "Mozilla/5.0 (Windows NT 6.1) AppleWebKit/537.36 (KHTML, like Gecko) Maxthon/4.4.7.1000 Chrome/30.0.1599.101 Safari/537.36" "124.16.0.218"
120.52.18.55 - - [30/Oct/2015:11:04:18 +0800] "GET /data/attachment/common/a5/common_37_icon.jpg HTTP/1.0" 200 1458 "http://www.xiaoshiseo.com/" "Mozilla/5.0 (Windows NT 6.1) AppleWebKit/537.36 (KHTML, like Gecko) Maxthon/4.4.7.1000 Chrome/30.0.1599.101 Safari/537.36" "124.16.0.218"
120.52.18.60 - - [30/Oct/2015:11:04:19 +0800] "GET /data/attachment/common/d8/common_53_icon.jpg HTTP/1.0" 200 2752 "http://www.xiaoshiseo.com/" "Mozilla/5.0 (Windows NT 6.1) AppleWebKit/537.36 (KHTML, like Gecko) Maxthon/4.4.7.1000 Chrome/30.0.1599.101 Safari/537.36" "124.16.0.218"
120.52.18.59 - - [30/Oct/2015:11:04:25 +0800] "GET /data/attachment/block/a0/a05e83e3905f38ffd942ad58abd20b7f.jpg HTTP/1.0" 200 4618 "http://www.xiaoshiseo.com/" "Mozilla/5.0 (Windows NT 6.1) AppleWebKit/537.36 (KHTML, like Gecko) Maxthon/4.4.7.1000 Chrome/30.0.1599.101 Safari/537.36" "124.16.0.218"
120.52.18.58 - - [30/Oct/2015:11:04:26 +0800] "GET /static/image/common/nv.png HTTP/1.0" 200 1939 "http://www.xiaoshiseo.com/" "Mozilla/5.0 (Windows NT 6.1) AppleWebKit/537.36 (KHTML, like Gecko) Maxthon/4.4.7.1000 Chrome/30.0.1599.101 Safari/537.36" "124.16.0.218"
125.88.189.11 - - [30/Oct/2015:11:05:35 +0800] "GET / HTTP/1.0" 200 8760 "-" "Mozilla/5.0" "42.62.36.71"
222.73.144.33 - - [30/Oct/2015:11:05:42 +0800] "GET / HTTP/1.0" 200 36091 "-" "cloud monitor service of wangzhan.360.cn" "61.160.224.33"
61.160.224.33 - - [30/Oct/2015:11:05:43 +0800] "GET http://www.xiaoshiseo.com/ HTTP/1.1" 200 36104 "-" "cloud monitor service of wangzhan.360.cn" "-"
125.88.189.22 - - [30/Oct/2015:11:06:43 +0800] "GET /forum.php?mod=viewthread&tid=88 HTTP/1.0" 200 38491 "-" "Mozilla/4.0 (compatible; MSIE 6.0; Windows NT 5.1; SV1)" "146.185.234.48"
125.88.189.22 - - [30/Oct/2015:11:06:46 +0800] "GET /home.php?mod=space&uid=1&do=thread&type=reply&view=me&from=space HTTP/1.0" 200 13172 "-" "Mozilla/4.0 (compatible; MSIE 6.0; Windows NT 5.1; SV1)" "146.185.234.48"
125.88.189.22 - - [30/Oct/2015:11:06:49 +0800] "GET /forum.php?mod=misc&action=recommend&do=add&tid=88&hash=1c7d47b4 HTTP/1.0" 200 13484 "-" "Mozilla/4.0 (compatible; MSIE 6.0; Windows NT 5.1; SV1)" "146.185.234.48"
125.88.189.22 - - [30/Oct/2015:11:06:59 +0800] "GET /forum.php?mod=post&action=reply&fid=56&tid=88&reppost=155&extra=&page=1 HTTP/1.0" 200 13514 "-" "Mozilla/4.0 (compatible; MSIE 6.0; Windows NT 5.1; SV1)" "146.185.234.48"
125.88.189.22 - - [30/Oct/2015:11:07:04 +0800] "GET /forum.php?mod=post&action=reply&fid=56&tid=88 HTTP/1.0" 200 13478 "-" "Mozilla/4.0 (compatible; MSIE 6.0; Windows NT 5.1; SV1)" "146.185.234.48"
125.88.189.22 - - [30/Oct/2015:11:07:07 +0800] "GET /forum.php?mod=post&action=reply&fid=56&tid=88&extra=&page=1 HTTP/1.0" 200 13498 "-" "Mozilla/4.0 (compatible; MSIE 6.0; Windows NT 5.1; SV1)" "146.185.234.48"
125.88.189.22 - - [30/Oct/2015:11:07:20 +0800] "GET /member.php?mod=register HTTP/1.0" 200 19055 "-" "Mozilla/4.0 (compatible; MSIE 6.0; Windows NT 5.1; SV1)" "146.185.234.48"
125.88.189.22 - - [30/Oct/2015:11:07:22 +0800] "POST /member.php?mod=register HTTP/1.0" 200 13048 "http://www.xiaoshiseo.com/member.php?mod=register" "Mozilla/4.0 (compatible; MSIE 6.0; Windows NT 5.1; SV1)" "146.185.234.48"
221.204.14.21 - - [30/Oct/2015:11:09:36 +0800] "GET / HTTP/1.0" 200 35960 "-" "cloud monitor service of wangzhan.360.cn" "221.204.197.11"
221.204.197.11 - - [30/Oct/2015:11:09:36 +0800] "GET http://www.xiaoshiseo.com/ HTTP/1.1" 200 36104 "-" "cloud monitor service of wangzhan.360.cn" "-"
183.136.133.44 - - [30/Oct/2015:11:10:21 +0800] "GET / HTTP/1.0" 301 178 "-" "Mozilla/5.0 (compatible; Baiduspider/2.0; +http://www.baidu.com/search/spider.html)" "220.181.108.148"
183.136.133.28 - - [30/Oct/2015:11:10:22 +0800] "GET / HTTP/1.0" 200 8766 "-" "Mozilla/5.0 (compatible; Baiduspider/2.0; +http://www.baidu.com/search/spider.html)" "220.181.108.151"
125.88.189.22 - - [30/Oct/2015:11:16:42 +0800] "GET /thread-13-1-1.html HTTP/1.0" 200 34183 "-" "Mozilla/4.0 (compatible; MSIE 6.0; Windows NT 5.1; SV1)" "146.185.234.48"
221.204.14.20 - - [30/Oct/2015:11:16:59 +0800] "GET / HTTP/1.0" 200 8766 "-" "Mozilla/5.0 (compatible; Baiduspider/2.0; +http://www.baidu.com/search/spider.html)" "123.125.71.88"
125.88.189.22 - - [30/Oct/2015:11:22:34 +0800] "GET /forum-wangzhanyouhua-1.html HTTP/1.0" 200 9495 "http://www.xiaoshiseo.com" "Mozilla/5.0 (Windows NT 6.3; WOW64) AppleWebKit/537.36 (KHTML, like Gecko) Chrome/34.0.1847.137 Safari/537.36" "114.37.244.192"
125.88.189.22 - - [30/Oct/2015:11:24:23 +0800] "GET /forum.php?mod=viewthread&tid=88 HTTP/1.0" 200 38491 "-" "Mozilla/4.0 (compatible; MSIE 6.0; Windows NT 5.1; SV1)" "146.185.234.48"
125.88.189.22 - - [30/Oct/2015:11:24:27 +0800] "GET /home.php?mod=space&uid=1&do=thread&type=reply&view=me&from=space HTTP/1.0" 200 13172 "-" "Mozilla/4.0 (compatible; MSIE 6.0; Windows NT 5.1; SV1)" "146.185.234.48"
125.88.189.22 - - [30/Oct/2015:11:24:29 +0800] "GET /forum.php?mod=misc&action=recommend&do=add&tid=88&hash=87bcf23a HTTP/1.0" 200 13484 "-" "Mozilla/4.0 (compatible; MSIE 6.0; Windows NT 5.1; SV1)" "146.185.234.48"
125.88.189.22 - - [30/Oct/2015:11:24:31 +0800] "GET /forum.php?mod=post&action=reply&fid=56&tid=88&reppost=155&extra=&page=1 HTTP/1.0" 200 13514 "-" "Mozilla/4.0 (compatible; MSIE 6.0; Windows NT 5.1; SV1)" "146.185.234.48"
202.102.85.19 - - [30/Oct/2015:11:24:34 +0800] "GET / HTTP/1.0" 200 36091 "-" "cloud monitor service of wangzhan.360.cn" "61.160.224.35"
125.88.189.22 - - [30/Oct/2015:11:24:34 +0800] "GET /forum.php?mod=post&action=reply&fid=56&tid=88 HTTP/1.0" 200 13478 "-" "Mozilla/4.0 (compatible; MSIE 6.0; Windows NT 5.1; SV1)" "146.185.234.48"
61.160.224.33 - - [30/Oct/2015:11:24:35 +0800] "GET http://www.xiaoshiseo.com/ HTTP/1.1" 200 36104 "-" "cloud monitor service of wangzhan.360.cn" "-"
125.88.189.22 - - [30/Oct/2015:11:24:37 +0800] "GET /forum.php?mod=post&action=reply&fid=56&tid=88&extra=&page=1 HTTP/1.0" 200 13498 "-" "Mozilla/4.0 (compatible; MSIE 6.0; Windows NT 5.1; SV1)" "146.185.234.48"
125.88.189.22 - - [30/Oct/2015:11:24:39 +0800] "GET /member.php?mod=register HTTP/1.0" 200 19055 "-" "Mozilla/4.0 (compatible; MSIE 6.0; Windows NT 5.1; SV1)" "146.185.234.48"
125.88.189.22 - - [30/Oct/2015:11:24:41 +0800] "POST /member.php?mod=register HTTP/1.0" 200 13048 "http://www.xiaoshiseo.com/member.php?mod=register" "Mozilla/4.0 (compatible; MSIE 6.0; Windows NT 5.1; SV1)" "146.185.234.48"
183.136.133.43 - - [30/Oct/2015:11:28:15 +0800] "GET / HTTP/1.0" 200 8620 "-" "Mozilla/5.0 (compatible; Baiduspider/2.0; +http://www.baidu.com/search/spider.html)" "220.181.108.157"
125.88.189.22 - - [30/Oct/2015:11:32:55 +0800] "GET /forum.php?mod=viewthread&tid=88 HTTP/1.0" 200 38491 "-" "Mozilla/4.0 (compatible; MSIE 6.0; Windows NT 5.1; SV1)" "146.185.234.48"
125.88.189.22 - - [30/Oct/2015:11:32:58 +0800] "GET /home.php?mod=space&uid=1&do=thread&type=reply&view=me&from=space HTTP/1.0" 200 13172 "-" "Mozilla/4.0 (compatible; MSIE 6.0; Windows NT 5.1; SV1)" "146.185.234.48"
125.88.189.22 - - [30/Oct/2015:11:33:03 +0800] "GET /forum.php?mod=misc&action=recommend&do=add&tid=88&hash=dcdddb49 HTTP/1.0" 200 13484 "-" "Mozilla/4.0 (compatible; MSIE 6.0; Windows NT 5.1; SV1)" "146.185.234.48"
125.88.189.22 - - [30/Oct/2015:11:33:28 +0800] "GET /forum.php?mod=post&action=reply&fid=56&tid=88&reppost=155&extra=&page=1 HTTP/1.0" 200 13514 "-" "Mozilla/4.0 (compatible; MSIE 6.0; Windows NT 5.1; SV1)" "146.185.234.48"
125.88.189.22 - - [30/Oct/2015:11:33:31 +0800] "GET /forum.php?mod=post&action=reply&fid=56&tid=88 HTTP/1.0" 200 13478 "-" "Mozilla/4.0 (compatible; MSIE 6.0; Windows NT 5.1; SV1)" "146.185.234.48"
125.88.189.22 - - [30/Oct/2015:11:33:43 +0800] "GET /forum.php?mod=post&action=reply&fid=56&tid=88&extra=&page=1 HTTP/1.0" 200 13498 "-" "Mozilla/4.0 (compatible; MSIE 6.0; Windows NT 5.1; SV1)" "146.185.234.48"
125.88.189.22 - - [30/Oct/2015:11:33:55 +0800] "GET /member.php?mod=register HTTP/1.0" 200 19055 "-" "Mozilla/4.0 (compatible; MSIE 6.0; Windows NT 5.1; SV1)" "146.185.234.48"
125.88.189.22 - - [30/Oct/2015:11:34:02 +0800] "POST /member.php?mod=register HTTP/1.0" 200 13048 "http://www.xiaoshiseo.com/member.php?mod=register" "Mozilla/4.0 (compatible; MSIE 6.0; Windows NT 5.1; SV1)" "146.185.234.48"
125.88.189.21 - - [30/Oct/2015:11:38:10 +0800] "GET /thread-125-1-1.html HTTP/1.0" 200 11755 "http://www.xiaoshiseo.com/thread-125-1-1.html" "Mozilla/4.0 (compatible; MSIE 6.0; Windows NT 5.1; SV1)" "91.200.12.25"
125.88.189.21 - - [30/Oct/2015:11:38:31 +0800] "GET /space-username-xiaoshiseo.html HTTP/1.0" 200 5781 "-" "Mozilla/5.0 (compatible; bingbot/2.0; +http://www.bing.com/bingbot.htm)" "207.46.13.165"
183.136.133.41 - - [30/Oct/2015:11:39:37 +0800] "GET /forum-seogongju-2.html HTTP/1.0" 200 8161 "-" "Mozilla/5.0 (compatible; Baiduspider/2.0; +http://www.baidu.com/search/spider.html)" "123.125.71.25"
125.88.189.22 - - [30/Oct/2015:11:41:31 +0800] "GET /forum.php?mod=viewthread&tid=88 HTTP/1.0" 200 38491 "-" "Mozilla/4.0 (compatible; MSIE 6.0; Windows NT 5.1; SV1)" "146.185.234.48"
125.88.189.22 - - [30/Oct/2015:11:41:33 +0800] "GET /home.php?mod=space&uid=1&do=thread&type=reply&view=me&from=space HTTP/1.0" 200 13172 "-" "Mozilla/4.0 (compatible; MSIE 6.0; Windows NT 5.1; SV1)" "146.185.234.48"
125.88.189.22 - - [30/Oct/2015:11:41:58 +0800] "GET /forum.php?mod=misc&action=recommend&do=add&tid=88&hash=20e20852 HTTP/1.0" 200 13484 "-" "Mozilla/4.0 (compatible; MSIE 6.0; Windows NT 5.1; SV1)" "146.185.234.48"
125.88.189.22 - - [30/Oct/2015:11:42:04 +0800] "GET /forum.php?mod=post&action=reply&fid=56&tid=88&reppost=155&extra=&page=1 HTTP/1.0" 200 13514 "-" "Mozilla/4.0 (compatible; MSIE 6.0; Windows NT 5.1; SV1)" "146.185.234.48"
125.88.189.22 - - [30/Oct/2015:11:42:07 +0800] "GET /forum.php?mod=post&action=reply&fid=56&tid=88 HTTP/1.0" 200 13478 "-" "Mozilla/4.0 (compatible; MSIE 6.0; Windows NT 5.1; SV1)" "146.185.234.48"
125.88.189.22 - - [30/Oct/2015:11:42:08 +0800] "GET /forum.php?mod=post&action=reply&fid=56&tid=88&extra=&page=1 HTTP/1.0" 200 13498 "-" "Mozilla/4.0 (compatible; MSIE 6.0; Windows NT 5.1; SV1)" "146.185.234.48"
125.88.189.22 - - [30/Oct/2015:11:42:10 +0800] "GET /member.php?mod=register HTTP/1.0" 200 19055 "-" "Mozilla/4.0 (compatible; MSIE 6.0; Windows NT 5.1; SV1)" "146.185.234.48"
125.88.189.22 - - [30/Oct/2015:11:42:12 +0800] "POST /member.php?mod=register HTTP/1.0" 200 13048 "http://www.xiaoshiseo.com/member.php?mod=register" "Mozilla/4.0 (compatible; MSIE 6.0; Windows NT 5.1; SV1)" "146.185.234.48"
125.88.189.22 - - [30/Oct/2015:11:50:25 +0800] "GET /forum.php?mod=viewthread&tid=86 HTTP/1.0" 200 44765 "-" "Mozilla/4.0 (compatible; MSIE 6.0; Windows NT 5.1; SV1)" "146.185.234.48"
125.88.189.22 - - [30/Oct/2015:11:50:54 +0800] "GET /home.php?mod=space&uid=1&do=thread&type=reply&view=me&from=space HTTP/1.0" 200 13173 "-" "Mozilla/4.0 (compatible; MSIE 6.0; Windows NT 5.1; SV1)" "146.185.234.48"
125.88.189.22 - - [30/Oct/2015:11:50:59 +0800] "GET /forum.php?mod=misc&action=recommend&do=add&tid=86&hash=8e96bf0e HTTP/1.0" 200 13484 "-" "Mozilla/4.0 (compatible; MSIE 6.0; Windows NT 5.1; SV1)" "146.185.234.48"
125.88.189.22 - - [30/Oct/2015:11:51:05 +0800] "GET /forum.php?mod=post&action=reply&fid=41&tid=86&reppost=153&extra=&page=1 HTTP/1.0" 200 13514 "-" "Mozilla/4.0 (compatible; MSIE 6.0; Windows NT 5.1; SV1)" "146.185.234.48"
183.136.133.41 - - [30/Oct/2015:11:51:06 +0800] "GET /forum.php?mod=viewthread&tid=75&page=1&extra= HTTP/1.0" 200 10007 "-" "Mozilla/5.0 (compatible; Baiduspider/2.0; +http://www.baidu.com/search/spider.html)" "123.125.71.39"
125.88.189.22 - - [30/Oct/2015:11:51:11 +0800] "GET /home.php?mod=space&uid=17&do=thread&type=reply&view=me&from=space HTTP/1.0" 200 13176 "-" "Mozilla/4.0 (compatible; MSIE 6.0; Windows NT 5.1; SV1)" "146.185.234.48"
125.88.189.22 - - [30/Oct/2015:11:51:22 +0800] "GET /forum.php?mod=redirect&goto=findpost&ptid=86&pid=228 HTTP/1.0" 301 0 "-" "Mozilla/4.0 (compatible; MSIE 6.0; Windows NT 5.1; SV1)" "146.185.234.48"
125.88.189.22 - - [30/Oct/2015:11:51:23 +0800] "GET /forum.php?mod=viewthread&tid=86&page=1 HTTP/1.0" 200 44799 "-" "Mozilla/4.0 (compatible; MSIE 6.0; Windows NT 5.1; SV1)" "146.185.234.48"
125.88.189.22 - - [30/Oct/2015:11:51:25 +0800] "GET /forum.php?mod=post&action=reply&fid=41&tid=86&repquote=228&extra=&page=1 HTTP/1.0" 200 13514 "-" "Mozilla/4.0 (compatible; MSIE 6.0; Windows NT 5.1; SV1)" "146.185.234.48"
125.88.189.22 - - [30/Oct/2015:11:51:27 +0800] "GET /forum.php?mod=misc&action=postreview&do=support&tid=86&pid=228&hash=8e96bf0e HTTP/1.0" 200 13500 "-" "Mozilla/4.0 (compatible; MSIE 6.0; Windows NT 5.1; SV1)" "146.185.234.48"
125.88.189.22 - - [30/Oct/2015:11:51:29 +0800] "GET /forum.php?mod=misc&action=postreview&do=against&tid=86&pid=228&hash=8e96bf0e HTTP/1.0" 200 13500 "-" "Mozilla/4.0 (compatible; MSIE 6.0; Windows NT 5.1; SV1)" "146.185.234.48"
125.88.189.22 - - [30/Oct/2015:11:51:44 +0800] "GET /forum.php?mod=post&action=reply&fid=41&tid=86 HTTP/1.0" 200 13478 "-" "Mozilla/4.0 (compatible; MSIE 6.0; Windows NT 5.1; SV1)" "146.185.234.48"
125.88.189.22 - - [30/Oct/2015:11:51:51 +0800] "GET /forum.php?mod=post&action=reply&fid=41&tid=86&extra=&page=1 HTTP/1.0" 200 13498 "-" "Mozilla/4.0 (compatible; MSIE 6.0; Windows NT 5.1; SV1)" "146.185.234.48"
125.88.189.22 - - [30/Oct/2015:11:51:52 +0800] "GET /member.php?mod=register HTTP/1.0" 200 19055 "-" "Mozilla/4.0 (compatible; MSIE 6.0; Windows NT 5.1; SV1)" "146.185.234.48"
125.88.189.22 - - [30/Oct/2015:11:51:54 +0800] "POST /member.php?mod=register HTTP/1.0" 200 13048 "http://www.xiaoshiseo.com/member.php?mod=register" "Mozilla/4.0 (compatible; MSIE 6.0; Windows NT 5.1; SV1)" "146.185.234.48"
221.204.14.26 - - [30/Oct/2015:11:55:23 +0800] "GET / HTTP/1.0" 301 178 "-" "Mozilla/5.0 (compatible; Baiduspider/2.0; +http://www.baidu.com/search/spider.html)" "123.125.71.46"
125.88.189.17 - - [30/Oct/2015:11:55:57 +0800] "GET / HTTP/1.0" 200 8648 "-" "Mozilla/5.0 (compatible; AhrefsBot/5.0; +http://ahrefs.com/robot/)" "151.80.31.149"
183.136.133.28 - - [30/Oct/2015:11:56:07 +0800] "GET / HTTP/1.0" 200 8104 "-" "Mozilla/5.0 (compatible; Baiduspider/2.0; +http://www.baidu.com/search/spider.html)" "123.125.71.89"
125.88.189.22 - - [30/Oct/2015:11:58:36 +0800] "GET /forum.php?mod=viewthread&tid=20 HTTP/1.0" 200 38174 "-" "Mozilla/4.0 (compatible; MSIE 6.0; Windows NT 5.1; SV1)" "146.185.234.48"
125.88.189.22 - - [30/Oct/2015:11:58:42 +0800] "GET /home.php?mod=space&uid=1&do=thread&type=reply&view=me&from=space HTTP/1.0" 200 13172 "-" "Mozilla/4.0 (compatible; MSIE 6.0; Windows NT 5.1; SV1)" "146.185.234.48"
125.88.189.22 - - [30/Oct/2015:11:58:44 +0800] "GET /forum.php?mod=misc&action=recommend&do=add&tid=20&hash=59867ff3 HTTP/1.0" 200 13484 "-" "Mozilla/4.0 (compatible; MSIE 6.0; Windows NT 5.1; SV1)" "146.185.234.48"
125.88.189.22 - - [30/Oct/2015:11:58:50 +0800] "GET /forum.php?mod=post&action=reply&fid=37&tid=20&reppost=26&extra=&page=1 HTTP/1.0" 200 13510 "-" "Mozilla/4.0 (compatible; MSIE 6.0; Windows NT 5.1; SV1)" "146.185.234.48"
125.88.189.22 - - [30/Oct/2015:11:58:57 +0800] "GET /forum.php?mod=post&action=reply&fid=37&tid=20 HTTP/1.0" 200 13478 "-" "Mozilla/4.0 (compatible; MSIE 6.0; Windows NT 5.1; SV1)" "146.185.234.48"
125.88.189.22 - - [30/Oct/2015:11:59:00 +0800] "GET /forum.php?mod=post&action=reply&fid=37&tid=20&extra=&page=1 HTTP/1.0" 200 13498 "-" "Mozilla/4.0 (compatible; MSIE 6.0; Windows NT 5.1; SV1)" "146.185.234.48"
125.88.189.22 - - [30/Oct/2015:11:59:24 +0800] "GET /member.php?mod=register HTTP/1.0" 200 19055 "-" "Mozilla/4.0 (compatible; MSIE 6.0; Windows NT 5.1; SV1)" "146.185.234.48"
125.88.189.22 - - [30/Oct/2015:11:59:28 +0800] "POST /member.php?mod=register HTTP/1.0" 200 13048 "http://www.xiaoshiseo.com/member.php?mod=register" "Mozilla/4.0 (compatible; MSIE 6.0; Windows NT 5.1; SV1)" "146.185.234.48"
202.102.85.24 - - [30/Oct/2015:12:00:47 +0800] "GET /favicon.ico HTTP/1.0" 200 1150 "-" "Mozilla/5.0 (Windows NT 6.1) AppleWebKit/537.36 (KHTML, like Gecko) Chrome/38.0.2125.122 Safari/537.36 SE 2.X MetaSr 1.0" "180.108.212.232"
183.136.133.41 - - [30/Oct/2015:12:02:27 +0800] "GET /?17 HTTP/1.0" 200 8648 "-" "Mozilla/5.0 (compatible; Baiduspider/2.0; +http://www.baidu.com/search/spider.html)" "123.125.71.79"
125.88.189.22 - - [30/Oct/2015:12:08:01 +0800] "GET /forum.php?mod=viewthread&tid=88 HTTP/1.0" 200 38491 "-" "Mozilla/4.0 (compatible; MSIE 6.0; Windows NT 5.1; SV1)" "146.185.234.48"
125.88.189.22 - - [30/Oct/2015:12:08:07 +0800] "GET /home.php?mod=space&uid=1&do=thread&type=reply&view=me&from=space HTTP/1.0" 200 13172 "-" "Mozilla/4.0 (compatible; MSIE 6.0; Windows NT 5.1; SV1)" "146.185.234.48"
125.88.189.22 - - [30/Oct/2015:12:08:31 +0800] "GET /forum.php?mod=post&action=reply&fid=56&tid=88&reppost=155&extra=&page=1 HTTP/1.0" 200 13514 "-" "Mozilla/4.0 (compatible; MSIE 6.0; Windows NT 5.1; SV1)" "146.185.234.48"
125.88.189.22 - - [30/Oct/2015:12:08:39 +0800] "GET /forum.php?mod=post&action=reply&fid=56&tid=88 HTTP/1.0" 200 13478 "-" "Mozilla/4.0 (compatible; MSIE 6.0; Windows NT 5.1; SV1)" "146.185.234.48"
125.88.189.22 - - [30/Oct/2015:12:08:42 +0800] "GET /forum.php?mod=post&action=reply&fid=56&tid=88&extra=&page=1 HTTP/1.0" 200 13498 "-" "Mozilla/4.0 (compatible; MSIE 6.0; Windows NT 5.1; SV1)" "146.185.234.48"
125.88.189.22 - - [30/Oct/2015:12:08:43 +0800] "GET /member.php?mod=register HTTP/1.0" 200 19055 "-" "Mozilla/4.0 (compatible; MSIE 6.0; Windows NT 5.1; SV1)" "146.185.234.48"
125.88.189.22 - - [30/Oct/2015:12:08:49 +0800] "POST /member.php?mod=register HTTP/1.0" 200 13048 "http://www.xiaoshiseo.com/member.php?mod=register" "Mozilla/4.0 (compatible; MSIE 6.0; Windows NT 5.1; SV1)" "146.185.234.48"
61.240.144.21 - - [30/Oct/2015:12:12:21 +0800] "GET / HTTP/1.0" 200 8692 "http://www.baidu.com/link?url=WXFAdq09nMyULo_bk7-NevPJG-g7wFO6DE78oLi1SMgT05PcpssU5IE6VKIfUZED&wd=&eqid=fb4c7d72000681eb000000025632ee10" "Mozilla/4.0 (compatible; MSIE 8.0; Windows NT 6.1; WOW64; Trident/4.0; SLCC2; .NET CLR 2.0.50727; .NET CLR 3.5.30729; .NET CLR 3.0.30729; Media Center PC 6.0; .NET4.0C; .NET4.0E)" "123.152.143.237"
61.240.144.37 - - [30/Oct/2015:12:12:22 +0800] "GET /source/plugin/csu_wx/img/csu_zk.css HTTP/1.0" 200 533 "http://www.xiaoshiseo.com/" "Mozilla/4.0 (compatible; MSIE 8.0; Windows NT 6.1; WOW64; Trident/4.0; SLCC2; .NET CLR 2.0.50727; .NET CLR 3.5.30729; .NET CLR 3.0.30729; Media Center PC 6.0; .NET4.0C; .NET4.0E)" "123.152.143.237"
61.240.144.37 - - [30/Oct/2015:12:12:23 +0800] "GET /source/plugin/csu_wx/img/wx_jqr.gif HTTP/1.0" 200 1770 "http://www.xiaoshiseo.com/" "Mozilla/4.0 (compatible; MSIE 8.0; Windows NT 6.1; WOW64; Trident/4.0; SLCC2; .NET CLR 2.0.50727; .NET CLR 3.5.30729; .NET CLR 3.0.30729; Media Center PC 6.0; .NET4.0C; .NET4.0E)" "123.152.143.237"
61.240.144.34 - - [30/Oct/2015:12:12:23 +0800] "GET /static/image/common/background.png HTTP/1.0" 200 1166 "http://www.xiaoshiseo.com/" "Mozilla/4.0 (compatible; MSIE 8.0; Windows NT 6.1; WOW64; Trident/4.0; SLCC2; .NET CLR 2.0.50727; .NET CLR 3.5.30729; .NET CLR 3.0.30729; Media Center PC 6.0; .NET4.0C; .NET4.0E)" "123.152.143.237"
61.240.144.36 - - [30/Oct/2015:12:12:23 +0800] "GET /source/plugin/wechat/image/wechat_login.png HTTP/1.0" 200 3501 "http://www.xiaoshiseo.com/" "Mozilla/4.0 (compatible; MSIE 8.0; Windows NT 6.1; WOW64; Trident/4.0; SLCC2; .NET CLR 2.0.50727; .NET CLR 3.5.30729; .NET CLR 3.0.30729; Media Center PC 6.0; .NET4.0C; .NET4.0E)" "123.152.143.237"
61.240.144.36 - - [30/Oct/2015:12:12:24 +0800] "GET /static/image/common/nv_a.png HTTP/1.0" 200 2076 "http://www.xiaoshiseo.com/" "Mozilla/4.0 (compatible; MSIE 8.0; Windows NT 6.1; WOW64; Trident/4.0; SLCC2; .NET CLR 2.0.50727; .NET CLR 3.5.30729; .NET CLR 3.0.30729; Media Center PC 6.0; .NET4.0C; .NET4.0E)" "123.152.143.237"
61.240.144.38 - - [30/Oct/2015:12:12:25 +0800] "GET /data/attachment/block/df/df5abc04138958802bb9985d48e8657c.jpg HTTP/1.0" 200 124030 "http://www.xiaoshiseo.com/" "Mozilla/4.0 (compatible; MSIE 8.0; Windows NT 6.1; WOW64; Trident/4.0; SLCC2; .NET CLR 2.0.50727; .NET CLR 3.5.30729; .NET CLR 3.0.30729; Media Center PC 6.0; .NET4.0C; .NET4.0E)" "123.152.143.237"
61.240.144.39 - - [30/Oct/2015:12:12:26 +0800] "GET /static/image/stamp/006.small.gif HTTP/1.0" 200 1153 "http://www.xiaoshiseo.com/" "Mozilla/4.0 (compatible; MSIE 8.0; Windows NT 6.1; WOW64; Trident/4.0; SLCC2; .NET CLR 2.0.50727; .NET CLR 3.5.30729; .NET CLR 3.0.30729; Media Center PC 6.0; .NET4.0C; .NET4.0E)" "123.152.143.237"
61.240.144.39 - - [30/Oct/2015:12:12:27 +0800] "GET /data/attachment/common/a5/common_37_icon.jpg HTTP/1.0" 200 1458 "http://www.xiaoshiseo.com/" "Mozilla/4.0 (compatible; MSIE 8.0; Windows NT 6.1; WOW64; Trident/4.0; SLCC2; .NET CLR 2.0.50727; .NET CLR 3.5.30729; .NET CLR 3.0.30729; Media Center PC 6.0; .NET4.0C; .NET4.0E)" "123.152.143.237"
61.240.144.40 - - [30/Oct/2015:12:12:27 +0800] "GET /data/attachment/common/9a/common_52_icon.jpg HTTP/1.0" 200 3422 "http://www.xiaoshiseo.com/" "Mozilla/4.0 (compatible; MSIE 8.0; Windows NT 6.1; WOW64; Trident/4.0; SLCC2; .NET CLR 2.0.50727; .NET CLR 3.5.30729; .NET CLR 3.0.30729; Media Center PC 6.0; .NET4.0C; .NET4.0E)" "123.152.143.237"
61.240.144.21 - - [30/Oct/2015:12:12:28 +0800] "GET /home.php?mod=misc&ac=sendmail&rand=1446178341 HTTP/1.0" 200 0 "http://www.xiaoshiseo.com/" "Mozilla/4.0 (compatible; MSIE 8.0; Windows NT 6.1; WOW64; Trident/4.0; SLCC2; .NET CLR 2.0.50727; .NET CLR 3.5.30729; .NET CLR 3.0.30729; Media Center PC 6.0; .NET4.0C; .NET4.0E)" "123.152.143.237"
61.240.144.33 - - [30/Oct/2015:12:12:28 +0800] "GET /data/attachment/common/9f/common_56_icon.jpg HTTP/1.0" 200 2648 "http://www.xiaoshiseo.com/" "Mozilla/4.0 (compatible; MSIE 8.0; Windows NT 6.1; WOW64; Trident/4.0; SLCC2; .NET CLR 2.0.50727; .NET CLR 3.5.30729; .NET CLR 3.0.30729; Media Center PC 6.0; .NET4.0C; .NET4.0E)" "123.152.143.237"
61.240.144.21 - - [30/Oct/2015:12:12:28 +0800] "GET /plugin.php?id=wechat:qrcode&access=yes HTTP/1.0" 200 403 "http://www.xiaoshiseo.com/" "Mozilla/4.0 (compatible; MSIE 8.0; Windows NT 6.1; WOW64; Trident/4.0; SLCC2; .NET CLR 2.0.50727; .NET CLR 3.5.30729; .NET CLR 3.0.30729; Media Center PC 6.0; .NET4.0C; .NET4.0E)" "123.152.143.237"
61.240.144.40 - - [30/Oct/2015:12:12:28 +0800] "GET /static/image/common/security.png HTTP/1.0" 200 2203 "http://www.xiaoshiseo.com/" "Mozilla/4.0 (compatible; MSIE 8.0; Windows NT 6.1; WOW64; Trident/4.0; SLCC2; .NET CLR 2.0.50727; .NET CLR 3.5.30729; .NET CLR 3.0.30729; Media Center PC 6.0; .NET4.0C; .NET4.0E)" "123.152.143.237"
183.136.133.29 - - [30/Oct/2015:12:13:55 +0800] "GET /plugin.php?id=wechat:qrcode&tid=39&qrsize=2&access=yes HTTP/1.0" 200 471 "-" "Baiduspider-image+(+http://www.baidu.com/search/spider.htm)" "123.125.71.18"
125.88.189.22 - - [30/Oct/2015:12:17:29 +0800] "GET /forum.php?mod=viewthread&tid=20 HTTP/1.0" 200 38174 "-" "Mozilla/4.0 (compatible; MSIE 6.0; Windows NT 5.1; SV1)" "146.185.234.48"
125.88.189.22 - - [30/Oct/2015:12:17:36 +0800] "GET /home.php?mod=space&uid=1&do=thread&type=reply&view=me&from=space HTTP/1.0" 200 13172 "-" "Mozilla/4.0 (compatible; MSIE 6.0; Windows NT 5.1; SV1)" "146.185.234.48"
125.88.189.22 - - [30/Oct/2015:12:17:38 +0800] "GET /forum.php?mod=misc&action=recommend&do=add&tid=20&hash=2a7b95c7 HTTP/1.0" 200 13484 "-" "Mozilla/4.0 (compatible; MSIE 6.0; Windows NT 5.1; SV1)" "146.185.234.48"
125.88.189.22 - - [30/Oct/2015:12:17:39 +0800] "GET /forum.php?mod=post&action=reply&fid=37&tid=20&reppost=26&extra=&page=1 HTTP/1.0" 200 13510 "-" "Mozilla/4.0 (compatible; MSIE 6.0; Windows NT 5.1; SV1)" "146.185.234.48"
125.88.189.22 - - [30/Oct/2015:12:17:42 +0800] "GET /forum.php?mod=post&action=reply&fid=37&tid=20 HTTP/1.0" 200 13478 "-" "Mozilla/4.0 (compatible; MSIE 6.0; Windows NT 5.1; SV1)" "146.185.234.48"
125.88.189.22 - - [30/Oct/2015:12:17:48 +0800] "GET /forum.php?mod=post&action=reply&fid=37&tid=20&extra=&page=1 HTTP/1.0" 200 13498 "-" "Mozilla/4.0 (compatible; MSIE 6.0; Windows NT 5.1; SV1)" "146.185.234.48"
125.88.189.22 - - [30/Oct/2015:12:17:49 +0800] "GET /member.php?mod=register HTTP/1.0" 200 19055 "-" "Mozilla/4.0 (compatible; MSIE 6.0; Windows NT 5.1; SV1)" "146.185.234.48"
125.88.189.22 - - [30/Oct/2015:12:18:18 +0800] "POST /member.php?mod=register HTTP/1.0" 200 13048 "http://www.xiaoshiseo.com/member.php?mod=register" "Mozilla/4.0 (compatible; MSIE 6.0; Windows NT 5.1; SV1)" "146.185.234.48"
221.204.14.25 - - [30/Oct/2015:12:25:19 +0800] "GET / HTTP/1.0" 200 8738 "-" "Mozilla/5.0 (compatible; Baiduspider/2.0; +http://www.baidu.com/search/spider.html)" "220.181.108.97"
125.88.189.22 - - [30/Oct/2015:12:27:23 +0800] "GET /forum.php?mod=viewthread&tid=88 HTTP/1.0" 200 38491 "-" "Mozilla/4.0 (compatible; MSIE 6.0; Windows NT 5.1; SV1)" "146.185.234.48"
125.88.189.22 - - [30/Oct/2015:12:27:26 +0800] "GET /home.php?mod=space&uid=1&do=thread&type=reply&view=me&from=space HTTP/1.0" 200 13172 "-" "Mozilla/4.0 (compatible; MSIE 6.0; Windows NT 5.1; SV1)" "146.185.234.48"
125.88.189.22 - - [30/Oct/2015:12:27:28 +0800] "GET /forum.php?mod=misc&action=recommend&do=add&tid=88&hash=373e27ea HTTP/1.0" 200 13484 "-" "Mozilla/4.0 (compatible; MSIE 6.0; Windows NT 5.1; SV1)" "146.185.234.48"
125.88.189.22 - - [30/Oct/2015:12:27:38 +0800] "GET /forum.php?mod=post&action=reply&fid=56&tid=88&reppost=155&extra=&page=1 HTTP/1.0" 200 13514 "-" "Mozilla/4.0 (compatible; MSIE 6.0; Windows NT 5.1; SV1)" "146.185.234.48"
125.88.189.22 - - [30/Oct/2015:12:27:44 +0800] "GET /forum.php?mod=post&action=reply&fid=56&tid=88 HTTP/1.0" 200 13478 "-" "Mozilla/4.0 (compatible; MSIE 6.0; Windows NT 5.1; SV1)" "146.185.234.48"
